Archive member included to satisfy reference by file (symbol)

C:/ST/STM32CubeIDE_1.13.2/STM32CubeIDE/plugins/com.st.stm32cube.ide.mcu.externaltools.gnu-tools-for-stm32.11.3.rel1.win32_1.1.1.202309131626/tools/bin/../lib/gcc/arm-none-eabi/11.3.1/../../../../arm-none-eabi/lib/thumb/v7e-m+fp/hard\libc_nano.a(libc_a-exit.o)
                              C:/ST/STM32CubeIDE_1.13.2/STM32CubeIDE/plugins/com.st.stm32cube.ide.mcu.externaltools.gnu-tools-for-stm32.11.3.rel1.win32_1.1.1.202309131626/tools/bin/../lib/gcc/arm-none-eabi/11.3.1/../../../../arm-none-eabi/lib/thumb/v7e-m+fp/hard/crt0.o (exit)
C:/ST/STM32CubeIDE_1.13.2/STM32CubeIDE/plugins/com.st.stm32cube.ide.mcu.externaltools.gnu-tools-for-stm32.11.3.rel1.win32_1.1.1.202309131626/tools/bin/../lib/gcc/arm-none-eabi/11.3.1/../../../../arm-none-eabi/lib/thumb/v7e-m+fp/hard\libc_nano.a(libc_a-findfp.o)
                              C:/ST/STM32CubeIDE_1.13.2/STM32CubeIDE/plugins/com.st.stm32cube.ide.mcu.externaltools.gnu-tools-for-stm32.11.3.rel1.win32_1.1.1.202309131626/tools/bin/../lib/gcc/arm-none-eabi/11.3.1/../../../../arm-none-eabi/lib/thumb/v7e-m+fp/hard\libc_nano.a(libc_a-exit.o) (__stdio_exit_handler)
C:/ST/STM32CubeIDE_1.13.2/STM32CubeIDE/plugins/com.st.stm32cube.ide.mcu.externaltools.gnu-tools-for-stm32.11.3.rel1.win32_1.1.1.202309131626/tools/bin/../lib/gcc/arm-none-eabi/11.3.1/../../../../arm-none-eabi/lib/thumb/v7e-m+fp/hard\libc_nano.a(libc_a-fwalk.o)
                              C:/ST/STM32CubeIDE_1.13.2/STM32CubeIDE/plugins/com.st.stm32cube.ide.mcu.externaltools.gnu-tools-for-stm32.11.3.rel1.win32_1.1.1.202309131626/tools/bin/../lib/gcc/arm-none-eabi/11.3.1/../../../../arm-none-eabi/lib/thumb/v7e-m+fp/hard\libc_nano.a(libc_a-findfp.o) (_fwalk_sglue)
C:/ST/STM32CubeIDE_1.13.2/STM32CubeIDE/plugins/com.st.stm32cube.ide.mcu.externaltools.gnu-tools-for-stm32.11.3.rel1.win32_1.1.1.202309131626/tools/bin/../lib/gcc/arm-none-eabi/11.3.1/../../../../arm-none-eabi/lib/thumb/v7e-m+fp/hard\libc_nano.a(libc_a-stdio.o)
                              C:/ST/STM32CubeIDE_1.13.2/STM32CubeIDE/plugins/com.st.stm32cube.ide.mcu.externaltools.gnu-tools-for-stm32.11.3.rel1.win32_1.1.1.202309131626/tools/bin/../lib/gcc/arm-none-eabi/11.3.1/../../../../arm-none-eabi/lib/thumb/v7e-m+fp/hard\libc_nano.a(libc_a-findfp.o) (__sread)
C:/ST/STM32CubeIDE_1.13.2/STM32CubeIDE/plugins/com.st.stm32cube.ide.mcu.externaltools.gnu-tools-for-stm32.11.3.rel1.win32_1.1.1.202309131626/tools/bin/../lib/gcc/arm-none-eabi/11.3.1/../../../../arm-none-eabi/lib/thumb/v7e-m+fp/hard\libc_nano.a(libc_a-memset.o)
                              C:/ST/STM32CubeIDE_1.13.2/STM32CubeIDE/plugins/com.st.stm32cube.ide.mcu.externaltools.gnu-tools-for-stm32.11.3.rel1.win32_1.1.1.202309131626/tools/bin/../lib/gcc/arm-none-eabi/11.3.1/../../../../arm-none-eabi/lib/thumb/v7e-m+fp/hard/crt0.o (memset)
C:/ST/STM32CubeIDE_1.13.2/STM32CubeIDE/plugins/com.st.stm32cube.ide.mcu.externaltools.gnu-tools-for-stm32.11.3.rel1.win32_1.1.1.202309131626/tools/bin/../lib/gcc/arm-none-eabi/11.3.1/../../../../arm-none-eabi/lib/thumb/v7e-m+fp/hard\libc_nano.a(libc_a-closer.o)
                              C:/ST/STM32CubeIDE_1.13.2/STM32CubeIDE/plugins/com.st.stm32cube.ide.mcu.externaltools.gnu-tools-for-stm32.11.3.rel1.win32_1.1.1.202309131626/tools/bin/../lib/gcc/arm-none-eabi/11.3.1/../../../../arm-none-eabi/lib/thumb/v7e-m+fp/hard\libc_nano.a(libc_a-stdio.o) (_close_r)
C:/ST/STM32CubeIDE_1.13.2/STM32CubeIDE/plugins/com.st.stm32cube.ide.mcu.externaltools.gnu-tools-for-stm32.11.3.rel1.win32_1.1.1.202309131626/tools/bin/../lib/gcc/arm-none-eabi/11.3.1/../../../../arm-none-eabi/lib/thumb/v7e-m+fp/hard\libc_nano.a(libc_a-reent.o)
                              C:/ST/STM32CubeIDE_1.13.2/STM32CubeIDE/plugins/com.st.stm32cube.ide.mcu.externaltools.gnu-tools-for-stm32.11.3.rel1.win32_1.1.1.202309131626/tools/bin/../lib/gcc/arm-none-eabi/11.3.1/../../../../arm-none-eabi/lib/thumb/v7e-m+fp/hard\libc_nano.a(libc_a-closer.o) (errno)
C:/ST/STM32CubeIDE_1.13.2/STM32CubeIDE/plugins/com.st.stm32cube.ide.mcu.externaltools.gnu-tools-for-stm32.11.3.rel1.win32_1.1.1.202309131626/tools/bin/../lib/gcc/arm-none-eabi/11.3.1/../../../../arm-none-eabi/lib/thumb/v7e-m+fp/hard\libc_nano.a(libc_a-impure.o)
                              C:/ST/STM32CubeIDE_1.13.2/STM32CubeIDE/plugins/com.st.stm32cube.ide.mcu.externaltools.gnu-tools-for-stm32.11.3.rel1.win32_1.1.1.202309131626/tools/bin/../lib/gcc/arm-none-eabi/11.3.1/../../../../arm-none-eabi/lib/thumb/v7e-m+fp/hard\libc_nano.a(libc_a-reent.o) (_impure_ptr)
C:/ST/STM32CubeIDE_1.13.2/STM32CubeIDE/plugins/com.st.stm32cube.ide.mcu.externaltools.gnu-tools-for-stm32.11.3.rel1.win32_1.1.1.202309131626/tools/bin/../lib/gcc/arm-none-eabi/11.3.1/../../../../arm-none-eabi/lib/thumb/v7e-m+fp/hard\libc_nano.a(libc_a-lseekr.o)
[...]
Memory Configuration

Name             Origin             Length             Attributes
RAM              0x0000000020000000 0x00000000000a0000 xrw
RAM2             0x0000000010000000 0x0000000000010000 xrw
RAM3             0x0000000020040000 0x0000000000060000 xrw
FLASH            0x0000000008000000 0x0000000000200000 xr
*default*        0x0000000000000000 0xffffffffffffffff

Linker script and memory map

LOAD C:/ST/STM32CubeIDE_1.13.2/STM32CubeIDE/plugins/com.st.stm32cube.ide.mcu.externaltools.gnu-tools-for-stm32.11.3.rel1.win32_1.1.1.202309131626/tools/bin/../lib/gcc/arm-none-eabi/11.3.1/thumb/v7e-m+fp/hard/crti.o
LOAD C:/ST/STM32CubeIDE_1.13.2/STM32CubeIDE/plugins/com.st.stm32cube.ide.mcu.externaltools.gnu-tools-for-stm32.11.3.rel1.win32_1.1.1.202309131626/tools/bin/../lib/gcc/arm-none-eabi/11.3.1/thumb/v7e-m+fp/hard/crtbegin.o
LOAD C:/ST/STM32CubeIDE_1.13.2/STM32CubeIDE/plugins/com.st.stm32cube.ide.mcu.externaltools.gnu-tools-for-stm32.11.3.rel1.win32_1.1.1.202309131626/tools/bin/../lib/gcc/arm-none-eabi/11.3.1/../../../../arm-none-eabi/lib/thumb/v7e-m+fp/hard/crt0.o
LOAD ./Core/Src/main.o
LOAD ./Core/Src/stm32l4xx_hal_msp.o
LOAD ./Core/Src/stm32l4xx_it.o
LOAD ./Core/Src/syscalls.o
LOAD ./Core/Src/sysmem.o
LOAD ./Core/Src/system_stm32l4xx.o
LOAD ./Core/Startup/startup_stm32l4s9zijx.o
LOAD ./Drivers/STM32L4xx_HAL_Driver/Src/stm32l4xx_hal.o
LOAD ./Drivers/STM32L4xx_HAL_Driver/Src/stm32l4xx_hal_cortex.o
LOAD ./Drivers/STM32L4xx_HAL_Driver/Src/stm32l4xx_hal_dma.o
LOAD ./Drivers/STM32L4xx_HAL_Driver/Src/stm32l4xx_hal_dma_ex.o
LOAD ./Drivers/STM32L4xx_HAL_Driver/Src/stm32l4xx_hal_dsi.o
LOAD ./Drivers/STM32L4xx_HAL_Driver/Src/stm32l4xx_hal_exti.o
LOAD ./Drivers/STM32L4xx_HAL_Driver/Src/stm32l4xx_hal_flash.o
LOAD ./Drivers/STM32L4xx_HAL_Driver/Src/stm32l4xx_hal_flash_ex.o
LOAD ./Drivers/STM32L4xx_HAL_Driver/Src/stm32l4xx_hal_flash_ramfunc.o
LOAD ./Drivers/STM32L4xx_HAL_Driver/Src/stm32l4xx_hal_gpio.o
LOAD ./Drivers/STM32L4xx_HAL_Driver/Src/stm32l4xx_hal_i2c.o
LOAD ./Drivers/STM32L4xx_HAL_Driver/Src/stm32l4xx_hal_i2c_ex.o
LOAD ./Drivers/STM32L4xx_HAL_Driver/Src/stm32l4xx_hal_ltdc.o
LOAD ./Drivers/STM32L4xx_HAL_Driver/Src/stm32l4xx_hal_ltdc_ex.o
LOAD ./Drivers/STM32L4xx_HAL_Driver/Src/stm32l4xx_hal_ospi.o
LOAD ./Drivers/STM32L4xx_HAL_Driver/Src/stm32l4xx_hal_pwr.o
LOAD ./Drivers/STM32L4xx_HAL_Driver/Src/stm32l4xx_hal_pwr_ex.o
LOAD ./Drivers/STM32L4xx_HAL_Driver/Src/stm32l4xx_hal_rcc.o
LOAD ./Drivers/STM32L4xx_HAL_Driver/Src/stm32l4xx_hal_rcc_ex.o
LOAD ./Drivers/STM32L4xx_HAL_Driver/Src/stm32l4xx_hal_spi.o
LOAD ./Drivers/STM32L4xx_HAL_Driver/Src/stm32l4xx_hal_spi_ex.o
LOAD ./Drivers/STM32L4xx_HAL_Driver/Src/stm32l4xx_hal_uart.o
LOAD ./Drivers/STM32L4xx_HAL_Driver/Src/stm32l4xx_hal_uart_ex.o
START GROUP
LOAD C:/ST/STM32CubeIDE_1.13.2/STM32CubeIDE/plugins/com.st.stm32cube.ide.mcu.externaltools.gnu-tools-for-stm32.11.3.rel1.win32_1.1.1.202309131626/tools/bin/../lib/gcc/arm-none-eabi/11.3.1/../../../../arm-none-eabi/lib/thumb/v7e-m+fp/hard\libc_nano.a
LOAD C:/ST/STM32CubeIDE_1.13.2/STM32CubeIDE/plugins/com.st.stm32cube.ide.mcu.externaltools.gnu-tools-for-stm32.11.3.rel1.win32_1.1.1.202309131626/tools/bin/../lib/gcc/arm-none-eabi/11.3.1/../../../../arm-none-eabi/lib/thumb/v7e-m+fp/hard\libm.a
END GROUP
START GROUP
LOAD C:/ST/STM32CubeIDE_1.13.2/STM32CubeIDE/plugins/com.st.stm32cube.ide.mcu.externaltools.gnu-tools-for-stm32.11.3.rel1.win32_1.1.1.202309131626/tools/bin/../lib/gcc/arm-none-eabi/11.3.1/thumb/v7e-m+fp/hard\libgcc.a
LOAD C:/ST/STM32CubeIDE_1.13.2/STM32CubeIDE/plugins/com.st.stm32cube.ide.mcu.externaltools.gnu-tools-for-stm32.11.3.rel1.win32_1.1.1.202309131626/tools/bin/../lib/gcc/arm-none-eabi/11.3.1/../../../../arm-none-eabi/lib/thumb/v7e-m+fp/hard\libc_nano.a
END GROUP
START GROUP
LOAD C:/ST/STM32CubeIDE_1.13.2/STM32CubeIDE/plugins/com.st.stm32cube.ide.mcu.externaltools.gnu-tools-for-stm32.11.3.rel1.win32_1.1.1.202309131626/tools/bin/../lib/gcc/arm-none-eabi/11.3.1/thumb/v7e-m+fp/hard\libgcc.a
LOAD C:/ST/STM32CubeIDE_1.13.2/STM32CubeIDE/plugins/com.st.stm32cube.ide.mcu.externaltools.gnu-tools-for-stm32.11.3.rel1.win32_1.1.1.202309131626/tools/bin/../lib/gcc/arm-none-eabi/11.3.1/../../../../arm-none-eabi/lib/thumb/v7e-m+fp/hard\libc_nano.a
LOAD C:/ST/STM32CubeIDE_1.13.2/STM32CubeIDE/plugins/com.st.stm32cube.ide.mcu.externaltools.gnu-tools-for-stm32.11.3.rel1.win32_1.1.1.202309131626/tools/bin/../lib/gcc/arm-none-eabi/11.3.1/../../../../arm-none-eabi/lib/thumb/v7e-m+fp/hard\libnosys.a
END GROUP
START GROUP
LOAD C:/ST/STM32CubeIDE_1.13.2/STM32CubeIDE/plugins/com.st.stm32cube.ide.mcu.externaltools.gnu-tools-for-stm32.11.3.rel1.win32_1.1.1.202309131626/tools/bin/../lib/gcc/arm-none-eabi/11.3.1/thumb/v7e-m+fp/hard\libgcc.a
LOAD C:/ST/STM32CubeIDE_1.13.2/STM32CubeIDE/plugins/com.st.stm32cube.ide.mcu.externaltools.gnu-tools-for-stm32.11.3.rel1.win32_1.1.1.202309131626/tools/bin/../lib/gcc/arm-none-eabi/11.3.1/../../../../arm-none-eabi/lib/thumb/v7e-m+fp/hard\libc_nano.a
LOAD C:/ST/STM32CubeIDE_1.13.2/STM32CubeIDE/plugins/com.st.stm32cube.ide.mcu.externaltools.gnu-tools-for-stm32.11.3.rel1.win32_1.1.1.202309131626/tools/bin/../lib/gcc/arm-none-eabi/11.3.1/../../../../arm-none-eabi/lib/thumb/v7e-m+fp/hard\libnosys.a
END GROUP
LOAD C:/ST/STM32CubeIDE_1.13.2/STM32CubeIDE/plugins/com.st.stm32cube.ide.mcu.externaltools.gnu-tools-for-stm32.11.3.rel1.win32_1.1.1.202309131626/tools/bin/../lib/gcc/arm-none-eabi/11.3.1/thumb/v7e-m+fp/hard/crtend.o
LOAD C:/ST/STM32CubeIDE_1.13.2/STM32CubeIDE/plugins/com.st.stm32cube.ide.mcu.externaltools.gnu-tools-for-stm32.11.3.rel1.win32_1.1.1.202309131626/tools/bin/../lib/gcc/arm-none-eabi/11.3.1/thumb/v7e-m+fp/hard/crtn.o
                0x00000000200a0000                _estack = (ORIGIN (RAM) + LENGTH (RAM))
                0x0000000000000200                _Min_Heap_Size = 0x200
                0x0000000000000400                _Min_Stack_Size = 0x400

.isr_vector     0x0000000008000000      0x1bc
                0x0000000008000000                . = ALIGN (0x4)
 *(.isr_vector)
 .isr_vector    0x0000000008000000      0x1bc ./Core/Startup/startup_stm32l4s9zijx.o
                0x0000000008000000                g_pfnVectors
                0x00000000080001bc                . = ALIGN (0x4)

.text           0x00000000080001bc     0x7510
                0x00000000080001bc                . = ALIGN (0x4)
 *(.text)
 .text          0x00000000080001bc       0x40 C:/ST/STM32CubeIDE_1.13.2/STM32CubeIDE/plugins/com.st.stm32cube.ide.mcu.externaltools.gnu-tools-for-stm32.11.3.rel1.win32_1.1.1.202309131626/tools/bin/../lib/gcc/arm-none-eabi/11.3.1/thumb/v7e-m+fp/hard/crtbegin.o
 .text          0x00000000080001fc       0x30 C:/ST/STM32CubeIDE_1.13.2/STM32CubeIDE/plugins/com.st.stm32cube.ide.mcu.externaltools.gnu-tools-for-stm32.11.3.rel1.win32_1.1.1.202309131626/tools/bin/../lib/gcc/arm-none-eabi/11.3.1/thumb/v7e-m+fp/hard\libgcc.a(_aeabi_uldivmod.o)
                0x00000000080001fc                __aeabi_uldivmod
 .text          0x000000000800022c      0x2c8 C:/ST/STM32CubeIDE_1.13.2/STM32CubeIDE/plugins/com.st.stm32cube.ide.mcu.externaltools.gnu-tools-for-stm32.11.3.rel1.win32_1.1.1.202309131626/tools/bin/../lib/gcc/arm-none-eabi/11.3.1/thumb/v7e-m+fp/hard\libgcc.a(_udivmoddi4.o)
                0x000000000800022c                __udivmoddi4
 .text          0x00000000080004f4        0x4 C:/ST/STM32CubeIDE_1.13.2/STM32CubeIDE/plugins/com.st.stm32cube.ide.mcu.externaltools.gnu-tools-for-stm32.11.3.rel1.win32_1.1.1.202309131626/tools/bin/../lib/gcc/arm-none-eabi/11.3.1/thumb/v7e-m+fp/hard\libgcc.a(_dvmd_tls.o)
                0x00000000080004f4                __aeabi_idiv0
                0x00000000080004f4                __aeabi_ldiv0
 *(.text*)
 .text.main     0x00000000080004f8       0x80 ./Core/Src/main.o
                0x00000000080004f8                main
 .text.SystemClock_Config
                0x0000000008000578       0x9c ./Core/Src/main.o
                0x0000000008000578                SystemClock_Config
 .text.MX_DSIHOST_DSI_Init
                0x0000000008000614      0x1d8 ./Core/Src/main.o
 .text.MX_I2C1_Init
                0x00000000080007ec       0x80 ./Core/Src/main.o
 .text.MX_I2C2_Init
                0x000000000800086c       0x80 ./Core/Src/main.o
 .text.MX_LTDC_Init
                0x00000000080008ec      0x100 ./Core/Src/main.o
 .text.MX_OCTOSPI1_Init
                0x00000000080009ec       0xac ./Core/Src/main.o
 .text.MX_OCTOSPI2_Init
                0x0000000008000a98       0xac ./Core/Src/main.o
 .text.MX_SPI1_Init
                0x0000000008000b44       0x7c ./Core/Src/main.o
 .text.MX_SPI2_Init
                0x0000000008000bc0       0x74 ./Core/Src/main.o
 .text.MX_SPI3_Init
                0x0000000008000c34       0x70 ./Core/Src/main.o
 .text.MX_UART4_Init
                0x0000000008000ca4       0x98 ./Core/Src/main.o
 .text.MX_GPIO_Init
                0x0000000008000d3c      0x24c ./Core/Src/main.o
 .text.mipi_config
                0x0000000008000f88      0x418 ./Core/Src/main.o
 .text.SPI2PC   0x00000000080013a0      0x170 ./Core/Src/main.o
 .text.LCD_PowerOn
                0x0000000008001510       0x30 ./Core/Src/main.o
 .text.Error_Handler
                0x0000000008001540        0xa ./Core/Src/main.o
                0x0000000008001540                Error_Handler
 *fill*         0x000000000800154a        0x2 
 .text.HAL_MspInit
                0x000000000800154c       0x48 ./Core/Src/stm32l4xx_hal_msp.o
                0x000000000800154c                HAL_MspInit
 .text.HAL_DSI_MspInit
                0x0000000008001594       0x68 ./Core/Src/stm32l4xx_hal_msp.o
                0x0000000008001594                HAL_DSI_MspInit
 .text.HAL_I2C_MspInit
                0x00000000080015fc      0x144 ./Core/Src/stm32l4xx_hal_msp.o
                0x00000000080015fc                HAL_I2C_MspInit
 .text.HAL_LTDC_MspInit
                0x0000000008001740       0x88 ./Core/Src/stm32l4xx_hal_msp.o
                0x0000000008001740                HAL_LTDC_MspInit
 .text.HAL_OSPI_MspInit
                0x00000000080017c8      0x260 ./Core/Src/stm32l4xx_hal_msp.o
                0x00000000080017c8                HAL_OSPI_MspInit
 .text.HAL_SPI_MspInit
                0x0000000008001a28      0x204 ./Core/Src/stm32l4xx_hal_msp.o
                0x0000000008001a28                HAL_SPI_MspInit
 .text.HAL_UART_MspInit
                0x0000000008001c2c       0xb8 ./Core/Src/stm32l4xx_hal_msp.o
                0x0000000008001c2c                HAL_UART_MspInit
 .text.NMI_Handler
                0x0000000008001ce4        0x6 ./Core/Src/stm32l4xx_it.o
                0x0000000008001ce4                NMI_Handler
 .text.HardFault_Handler
                0x0000000008001cea        0x6 ./Core/Src/stm32l4xx_it.o
                0x0000000008001cea                HardFault_Handler
 .text.MemManage_Handler
                0x0000000008001cf0        0x6 ./Core/Src/stm32l4xx_it.o
                0x0000000008001cf0                MemManage_Handler
 .text.BusFault_Handler
                0x0000000008001cf6        0x6 ./Core/Src/stm32l4xx_it.o
                0x0000000008001cf6                BusFault_Handler
 .text.UsageFault_Handler
                0x0000000008001cfc        0x6 ./Core/Src/stm32l4xx_it.o
                0x0000000008001cfc                UsageFault_Handler
 .text.SVC_Handler
                0x0000000008001d02        0xe ./Core/Src/stm32l4xx_it.o
                0x0000000008001d02                SVC_Handler
 .text.DebugMon_Handler
                0x0000000008001d10        0xe ./Core/Src/stm32l4xx_it.o
                0x0000000008001d10                DebugMon_Handler
 .text.PendSV_Handler
                0x0000000008001d1e        0xe ./Core/Src/stm32l4xx_it.o
                0x0000000008001d1e                PendSV_Handler
 .text.SysTick_Handler
                0x0000000008001d2c        0xc ./Core/Src/stm32l4xx_it.o
                0x0000000008001d2c                SysTick_Handler
 .text.SystemInit
                0x0000000008001d38       0x24 ./Core/Src/system_stm32l4xx.o
                0x0000000008001d38                SystemInit
 .text.Reset_Handler
                0x0000000008001d5c       0x50 ./Core/Startup/startup_stm32l4s9zijx.o
                0x0000000008001d5c                Reset_Handler
 .text.Default_Handler
                0x0000000008001dac        0x2 ./Core/Startup/startup_stm32l4s9zijx.o
                0x0000000008001dac                RTC_Alarm_IRQHandler
                0x0000000008001dac                EXTI2_IRQHandler
                0x0000000008001dac                TIM8_TRG_COM_IRQHandler
                0x0000000008001dac                TIM8_CC_IRQHandler
                0x0000000008001dac                TIM1_CC_IRQHandler
                0x0000000008001dac                TSC_IRQHandler
                0x0000000008001dac                TAMP_STAMP_IRQHandler
                0x0000000008001dac                EXTI3_IRQHandler
                0x0000000008001dac                LPTIM2_IRQHandler
                0x0000000008001dac                DFSDM1_FLT1_IRQHandler
                0x0000000008001dac                GFXMMU_IRQHandler
                0x0000000008001dac                I2C3_ER_IRQHandler
                0x0000000008001dac                DFSDM1_FLT2_IRQHandler
                0x0000000008001dac                EXTI0_IRQHandler
                0x0000000008001dac                I2C2_EV_IRQHandler
                0x0000000008001dac                CAN1_RX0_IRQHandler
                0x0000000008001dac                FPU_IRQHandler
                0x0000000008001dac                TIM1_UP_TIM16_IRQHandler
                0x0000000008001dac                LTDC_ER_IRQHandler
                0x0000000008001dac                SPI1_IRQHandler
                0x0000000008001dac                OCTOSPI1_IRQHandler
                0x0000000008001dac                TIM6_DAC_IRQHandler
                0x0000000008001dac                DCMI_IRQHandler
                0x0000000008001dac                TIM8_UP_IRQHandler
                0x0000000008001dac                OCTOSPI2_IRQHandler
                0x0000000008001dac                DMA2_Channel2_IRQHandler
                0x0000000008001dac                DMA1_Channel4_IRQHandler
                0x0000000008001dac                SAI2_IRQHandler
                0x0000000008001dac                ADC1_IRQHandler
                0x0000000008001dac                DFSDM1_FLT3_IRQHandler
                0x0000000008001dac                USART3_IRQHandler
                0x0000000008001dac                DMA1_Channel7_IRQHandler
                0x0000000008001dac                CAN1_RX1_IRQHandler
                0x0000000008001dac                UART5_IRQHandler
                0x0000000008001dac                TIM4_IRQHandler
                0x0000000008001dac                DMA2_Channel1_IRQHandler
                0x0000000008001dac                I2C1_EV_IRQHandler
                0x0000000008001dac                DMAMUX1_OVR_IRQHandler
                0x0000000008001dac                DMA1_Channel6_IRQHandler
                0x0000000008001dac                UART4_IRQHandler
                0x0000000008001dac                DMA2_Channel4_IRQHandler
                0x0000000008001dac                TIM3_IRQHandler
                0x0000000008001dac                RCC_IRQHandler
                0x0000000008001dac                DMA1_Channel1_IRQHandler
                0x0000000008001dac                Default_Handler
                0x0000000008001dac                DMA2_Channel7_IRQHandler
                0x0000000008001dac                EXTI15_10_IRQHandler
                0x0000000008001dac                TIM7_IRQHandler
                0x0000000008001dac                SDMMC1_IRQHandler
                0x0000000008001dac                TIM5_IRQHandler
                0x0000000008001dac                I2C3_EV_IRQHandler
                0x0000000008001dac                EXTI9_5_IRQHandler
                0x0000000008001dac                RTC_WKUP_IRQHandler
                0x0000000008001dac                LTDC_IRQHandler
                0x0000000008001dac                PVD_PVM_IRQHandler
                0x0000000008001dac                SPI2_IRQHandler
                0x0000000008001dac                CAN1_TX_IRQHandler
                0x0000000008001dac                DMA2_Channel5_IRQHandler
                0x0000000008001dac                DMA1_Channel5_IRQHandler
                0x0000000008001dac                EXTI4_IRQHandler
                0x0000000008001dac                RNG_IRQHandler
                0x0000000008001dac                TIM1_TRG_COM_TIM17_IRQHandler
                0x0000000008001dac                DMA1_Channel3_IRQHandler
                0x0000000008001dac                COMP_IRQHandler
                0x0000000008001dac                DSI_IRQHandler
                0x0000000008001dac                HASH_CRS_IRQHandler
                0x0000000008001dac                WWDG_IRQHandler
                0x0000000008001dac                I2C4_EV_IRQHandler
                0x0000000008001dac                LPUART1_IRQHandler
                0x0000000008001dac                DMA2_Channel6_IRQHandler
                0x0000000008001dac                TIM2_IRQHandler
                0x0000000008001dac                DMA2D_IRQHandler
                0x0000000008001dac                EXTI1_IRQHandler
                0x0000000008001dac                AES_IRQHandler
                0x0000000008001dac                USART2_IRQHandler
                0x0000000008001dac                DFSDM1_FLT0_IRQHandler
                0x0000000008001dac                I2C2_ER_IRQHandler
                0x0000000008001dac                DMA1_Channel2_IRQHandler
                0x0000000008001dac                TIM8_BRK_IRQHandler
                0x0000000008001dac                CAN1_SCE_IRQHandler
                0x0000000008001dac                FLASH_IRQHandler
                0x0000000008001dac                USART1_IRQHandler
                0x0000000008001dac                OTG_FS_IRQHandler
                0x0000000008001dac                SPI3_IRQHandler
                0x0000000008001dac                I2C1_ER_IRQHandler
                0x0000000008001dac                FMC_IRQHandler
                0x0000000008001dac                LPTIM1_IRQHandler
                0x0000000008001dac                I2C4_ER_IRQHandler
                0x0000000008001dac                SAI1_IRQHandler
                0x0000000008001dac                DMA2_Channel3_IRQHandler
                0x0000000008001dac                TIM1_BRK_TIM15_IRQHandler
 *fill*         0x0000000008001dae        0x2 
 .text.HAL_Init
                0x0000000008001db0       0x40 ./Drivers/STM32L4xx_HAL_Driver/Src/stm32l4xx_hal.o
                0x0000000008001db0                HAL_Init
 .text.HAL_InitTick
                0x0000000008001df0       0x78 ./Drivers/STM32L4xx_HAL_Driver/Src/stm32l4xx_hal.o
                0x0000000008001df0                HAL_InitTick
 .text.HAL_IncTick
                0x0000000008001e68       0x28 ./Drivers/STM32L4xx_HAL_Driver/Src/stm32l4xx_hal.o
                0x0000000008001e68                HAL_IncTick
 .text.HAL_GetTick
                0x0000000008001e90       0x18 ./Drivers/STM32L4xx_HAL_Driver/Src/stm32l4xx_hal.o
                0x0000000008001e90                HAL_GetTick
 .text.HAL_Delay
                0x0000000008001ea8       0x48 ./Drivers/STM32L4xx_HAL_Driver/Src/stm32l4xx_hal.o
                0x0000000008001ea8                HAL_Delay
 .text.__NVIC_SetPriorityGrouping
                0x0000000008001ef0       0x48 ./Drivers/STM32L4xx_HAL_Driver/Src/stm32l4xx_hal_cortex.o
 .text.__NVIC_GetPriorityGrouping
                0x0000000008001f38       0x1c ./Drivers/STM32L4xx_HAL_Driver/Src/stm32l4xx_hal_cortex.o
 .text.__NVIC_SetPriority
                0x0000000008001f54       0x54 ./Drivers/STM32L4xx_HAL_Driver/Src/stm32l4xx_hal_cortex.o
 .text.NVIC_EncodePriority
                0x0000000008001fa8       0x66 ./Drivers/STM32L4xx_HAL_Driver/Src/stm32l4xx_hal_cortex.o
 *fill*         0x000000000800200e        0x2 
 .text.SysTick_Config
                0x0000000008002010       0x44 ./Drivers/STM32L4xx_HAL_Driver/Src/stm32l4xx_hal_cortex.o
 .text.HAL_NVIC_SetPriorityGrouping
                0x0000000008002054       0x16 ./Drivers/STM32L4xx_HAL_Driver/Src/stm32l4xx_hal_cortex.o
                0x0000000008002054                HAL_NVIC_SetPriorityGrouping
 .text.HAL_NVIC_SetPriority
                0x000000000800206a       0x38 ./Drivers/STM32L4xx_HAL_Driver/Src/stm32l4xx_hal_cortex.o
                0x000000000800206a                HAL_NVIC_SetPriority
 .text.HAL_SYSTICK_Config
                0x00000000080020a2       0x18 ./Drivers/STM32L4xx_HAL_Driver/Src/stm32l4xx_hal_cortex.o
                0x00000000080020a2                HAL_SYSTICK_Config
 .text.DSI_ConfigPacketHeader
                0x00000000080020ba       0x32 ./Drivers/STM32L4xx_HAL_Driver/Src/stm32l4xx_hal_dsi.o
 .text.DSI_ShortWrite
                0x00000000080020ec       0x5e ./Drivers/STM32L4xx_HAL_Driver/Src/stm32l4xx_hal_dsi.o
 *fill*         0x000000000800214a        0x2 
 .text.HAL_DSI_Init
                0x000000000800214c      0x238 ./Drivers/STM32L4xx_HAL_Driver/Src/stm32l4xx_hal_dsi.o
                0x000000000800214c                HAL_DSI_Init
 .text.HAL_DSI_ConfigErrorMonitor
                0x0000000008002384      0x17a ./Drivers/STM32L4xx_HAL_Driver/Src/stm32l4xx_hal_dsi.o
                0x0000000008002384                HAL_DSI_ConfigErrorMonitor
 .text.HAL_DSI_SetGenericVCID
                0x00000000080024fe       0x50 ./Drivers/STM32L4xx_HAL_Driver/Src/stm32l4xx_hal_dsi.o
                0x00000000080024fe                HAL_DSI_SetGenericVCID
 .text.HAL_DSI_ConfigVideoMode
                0x000000000800254e      0x410 ./Drivers/STM32L4xx_HAL_Driver/Src/stm32l4xx_hal_dsi.o
                0x000000000800254e                HAL_DSI_ConfigVideoMode
 .text.HAL_DSI_ConfigPhyTimer
                0x000000000800295e       0xd4 ./Drivers/STM32L4xx_HAL_Driver/Src/stm32l4xx_hal_dsi.o
                0x000000000800295e                HAL_DSI_ConfigPhyTimer
 .text.HAL_DSI_ConfigHostTimeouts
                0x0000000008002a32      0x18c ./Drivers/STM32L4xx_HAL_Driver/Src/stm32l4xx_hal_dsi.o
                0x0000000008002a32                HAL_DSI_ConfigHostTimeouts
 .text.HAL_DSI_Start
                0x0000000008002bbe       0x78 ./Drivers/STM32L4xx_HAL_Driver/Src/stm32l4xx_hal_dsi.o
                0x0000000008002bbe                HAL_DSI_Start
 .text.HAL_DSI_ShortWrite
                0x0000000008002c36       0x44 ./Drivers/STM32L4xx_HAL_Driver/Src/stm32l4xx_hal_dsi.o
                0x0000000008002c36                HAL_DSI_ShortWrite
 .text.HAL_DSI_LongWrite
                0x0000000008002c7a      0x130 ./Drivers/STM32L4xx_HAL_Driver/Src/stm32l4xx_hal_dsi.o
                0x0000000008002c7a                HAL_DSI_LongWrite
 .text.HAL_DSI_SetLowPowerRXFilter
                0x0000000008002daa       0x5a ./Drivers/STM32L4xx_HAL_Driver/Src/stm32l4xx_hal_dsi.o
                0x0000000008002daa                HAL_DSI_SetLowPowerRXFilter
 .text.HAL_GPIO_Init
                0x0000000008002e04      0x324 ./Drivers/STM32L4xx_HAL_Driver/Src/stm32l4xx_hal_gpio.o
                0x0000000008002e04                HAL_GPIO_Init
 .text.HAL_GPIO_WritePin
                0x0000000008003128       0x30 ./Drivers/STM32L4xx_HAL_Driver/Src/stm32l4xx_hal_gpio.o
                0x0000000008003128                HAL_GPIO_WritePin
 .text.HAL_I2C_Init
                0x0000000008003158      0x136 ./Drivers/STM32L4xx_HAL_Driver/Src/stm32l4xx_hal_i2c.o
                0x0000000008003158                HAL_I2C_Init
 .text.HAL_I2CEx_ConfigAnalogFilter
                0x000000000800328e       0x96 ./Drivers/STM32L4xx_HAL_Driver/Src/stm32l4xx_hal_i2c_ex.o
                0x000000000800328e                HAL_I2CEx_ConfigAnalogFilter
 .text.HAL_I2CEx_ConfigDigitalFilter
                0x0000000008003324       0x98 ./Drivers/STM32L4xx_HAL_Driver/Src/stm32l4xx_hal_i2c_ex.o
                0x0000000008003324                HAL_I2CEx_ConfigDigitalFilter
 .text.HAL_LTDC_Init
                0x00000000080033bc      0x1a0 ./Drivers/STM32L4xx_HAL_Driver/Src/stm32l4xx_hal_ltdc.o
                0x00000000080033bc                HAL_LTDC_Init
 .text.HAL_LTDC_ConfigLayer
                0x000000000800355c       0x7c ./Drivers/STM32L4xx_HAL_Driver/Src/stm32l4xx_hal_ltdc.o
                0x000000000800355c                HAL_LTDC_ConfigLayer
 .text.LTDC_SetConfig
                0x00000000080035d8      0x32e ./Drivers/STM32L4xx_HAL_Driver/Src/stm32l4xx_hal_ltdc.o
 *fill*         0x0000000008003906        0x2 
 .text.HAL_OSPI_Init
                0x0000000008003908      0x154 ./Drivers/STM32L4xx_HAL_Driver/Src/stm32l4xx_hal_ospi.o
                0x0000000008003908                HAL_OSPI_Init
 .text.HAL_OSPI_SetTimeout
                0x0000000008003a5c       0x1e ./Drivers/STM32L4xx_HAL_Driver/Src/stm32l4xx_hal_ospi.o
                0x0000000008003a5c                HAL_OSPI_SetTimeout
 *fill*         0x0000000008003a7a        0x2 
 .text.HAL_OSPIM_Config
                0x0000000008003a7c      0x668 ./Drivers/STM32L4xx_HAL_Driver/Src/stm32l4xx_hal_ospi.o
                0x0000000008003a7c                HAL_OSPIM_Config
 .text.OSPI_WaitFlagStateUntilTimeout
                0x00000000080040e4       0x6e ./Drivers/STM32L4xx_HAL_Driver/Src/stm32l4xx_hal_ospi.o
 *fill*         0x0000000008004152        0x2 
 .text.OSPIM_GetConfig
                0x0000000008004154      0x160 ./Drivers/STM32L4xx_HAL_Driver/Src/stm32l4xx_hal_ospi.o
 .text.HAL_PWREx_GetVoltageRange
                0x00000000080042b4       0x40 ./Drivers/STM32L4xx_HAL_Driver/Src/stm32l4xx_hal_pwr_ex.o
                0x00000000080042b4                HAL_PWREx_GetVoltageRange
 .text.HAL_PWREx_ControlVoltageScaling
                0x00000000080042f4      0x148 ./Drivers/STM32L4xx_HAL_Driver/Src/stm32l4xx_hal_pwr_ex.o
                0x00000000080042f4                HAL_PWREx_ControlVoltageScaling
 .text.HAL_PWREx_EnableVddIO2
                0x000000000800443c       0x20 ./Drivers/STM32L4xx_HAL_Driver/Src/stm32l4xx_hal_pwr_ex.o
                0x000000000800443c                HAL_PWREx_EnableVddIO2
 .text.HAL_RCC_OscConfig
                0x000000000800445c      0x834 ./Drivers/STM32L4xx_HAL_Driver/Src/stm32l4xx_hal_rcc.o
                0x000000000800445c                HAL_RCC_OscConfig
 .text.HAL_RCC_ClockConfig
                0x0000000008004c90      0x274 ./Drivers/STM32L4xx_HAL_Driver/Src/stm32l4xx_hal_rcc.o
                0x0000000008004c90                HAL_RCC_ClockConfig
 .text.HAL_RCC_GetSysClockFreq
                0x0000000008004f04      0x118 ./Drivers/STM32L4xx_HAL_Driver/Src/stm32l4xx_hal_rcc.o
                0x0000000008004f04                HAL_RCC_GetSysClockFreq
 .text.HAL_RCC_GetHCLKFreq
                0x000000000800501c       0x18 ./Drivers/STM32L4xx_HAL_Driver/Src/stm32l4xx_hal_rcc.o
                0x000000000800501c                HAL_RCC_GetHCLKFreq
 .text.HAL_RCC_GetPCLK1Freq
                0x0000000008005034       0x2c ./Drivers/STM32L4xx_HAL_Driver/Src/stm32l4xx_hal_rcc.o
                0x0000000008005034                HAL_RCC_GetPCLK1Freq
 .text.HAL_RCC_GetPCLK2Freq
                0x0000000008005060       0x2c ./Drivers/STM32L4xx_HAL_Driver/Src/stm32l4xx_hal_rcc.o
                0x0000000008005060                HAL_RCC_GetPCLK2Freq
 .text.RCC_SetFlashLatencyFromMSIRange
                0x000000000800508c       0xb4 ./Drivers/STM32L4xx_HAL_Driver/Src/stm32l4xx_hal_rcc.o
 .text.RCC_GetSysClockFreqFromPLLSource
                0x0000000008005140       0xcc ./Drivers/STM32L4xx_HAL_Driver/Src/stm32l4xx_hal_rcc.o
 .text.HAL_RCCEx_PeriphCLKConfig
                0x000000000800520c      0x720 ./Drivers/STM32L4xx_HAL_Driver/Src/stm32l4xx_hal_rcc_ex.o
                0x000000000800520c                HAL_RCCEx_PeriphCLKConfig
 .text.RCCEx_PLLSAI1_Config
                0x000000000800592c      0x1e8 ./Drivers/STM32L4xx_HAL_Driver/Src/stm32l4xx_hal_rcc_ex.o
 .text.RCCEx_PLLSAI2_Config
                0x0000000008005b14      0x1e8 ./Drivers/STM32L4xx_HAL_Driver/Src/stm32l4xx_hal_rcc_ex.o
 .text.HAL_SPI_Init
                0x0000000008005cfc      0x146 ./Drivers/STM32L4xx_HAL_Driver/Src/stm32l4xx_hal_spi.o
                0x0000000008005cfc                HAL_SPI_Init
 .text.HAL_SPI_Receive
                0x0000000008005e42      0x26e ./Drivers/STM32L4xx_HAL_Driver/Src/stm32l4xx_hal_spi.o
                0x0000000008005e42                HAL_SPI_Receive
 .text.HAL_SPI_TransmitReceive
                0x00000000080060b0      0x444 ./Drivers/STM32L4xx_HAL_Driver/Src/stm32l4xx_hal_spi.o
                0x00000000080060b0                HAL_SPI_TransmitReceive
 .text.SPI_WaitFlagStateUntilTimeout
                0x00000000080064f4      0x110 ./Drivers/STM32L4xx_HAL_Driver/Src/stm32l4xx_hal_spi.o
 .text.SPI_WaitFifoStateUntilTimeout
                0x0000000008006604      0x12c ./Drivers/STM32L4xx_HAL_Driver/Src/stm32l4xx_hal_spi.o
 .text.SPI_EndRxTransaction
                0x0000000008006730       0xb0 ./Drivers/STM32L4xx_HAL_Driver/Src/stm32l4xx_hal_spi.o
 .text.SPI_EndRxTxTransaction
                0x00000000080067e0       0x8c ./Drivers/STM32L4xx_HAL_Driver/Src/stm32l4xx_hal_spi.o
 .text.HAL_UART_Init
                0x000000000800686c       0xa0 ./Drivers/STM32L4xx_HAL_Driver/Src/stm32l4xx_hal_uart.o
                0x000000000800686c                HAL_UART_Init
 .text.HAL_UART_Transmit
                0x000000000800690c      0x11e ./Drivers/STM32L4xx_HAL_Driver/Src/stm32l4xx_hal_uart.o
                0x000000000800690c                HAL_UART_Transmit
 *fill*         0x0000000008006a2a        0x2 
 .text.UART_SetConfig
                0x0000000008006a2c      0x5f8 ./Drivers/STM32L4xx_HAL_Driver/Src/stm32l4xx_hal_uart.o
                0x0000000008006a2c                UART_SetConfig
 .text.UART_AdvFeatureConfig
                0x0000000008007024      0x144 ./Drivers/STM32L4xx_HAL_Driver/Src/stm32l4xx_hal_uart.o
                0x0000000008007024                UART_AdvFeatureConfig
 .text.UART_CheckIdleState
                0x0000000008007168      0x154 ./Drivers/STM32L4xx_HAL_Driver/Src/stm32l4xx_hal_uart.o
                0x0000000008007168                UART_CheckIdleState
 .text.UART_WaitOnFlagUntilTimeout
                0x00000000080072bc       0xce ./Drivers/STM32L4xx_HAL_Driver/Src/stm32l4xx_hal_uart.o
                0x00000000080072bc                UART_WaitOnFlagUntilTimeout
 .text.UART_EndRxTransfer
                0x000000000800738a       0xcc ./Drivers/STM32L4xx_HAL_Driver/Src/stm32l4xx_hal_uart.o
 .text.HAL_UARTEx_DisableFifoMode
                0x0000000008007456       0x72 ./Drivers/STM32L4xx_HAL_Driver/Src/stm32l4xx_hal_uart_ex.o
                0x0000000008007456                HAL_UARTEx_DisableFifoMode
 .text.HAL_UARTEx_SetTxFifoThreshold
                0x00000000080074c8       0x7c ./Drivers/STM32L4xx_HAL_Driver/Src/stm32l4xx_hal_uart_ex.o
                0x00000000080074c8                HAL_UARTEx_SetTxFifoThreshold
 .text.HAL_UARTEx_SetRxFifoThreshold
                0x0000000008007544       0x7c ./Drivers/STM32L4xx_HAL_Driver/Src/stm32l4xx_hal_uart_ex.o
                0x0000000008007544                HAL_UARTEx_SetRxFifoThreshold
 .text.UARTEx_SetNbDataToProcess
                0x00000000080075c0       0x9c ./Drivers/STM32L4xx_HAL_Driver/Src/stm32l4xx_hal_uart_ex.o
 .text.memset   0x000000000800765c       0x10 C:/ST/STM32CubeIDE_1.13.2/STM32CubeIDE/plugins/com.st.stm32cube.ide.mcu.externaltools.gnu-tools-for-stm32.11.3.rel1.win32_1.1.1.202309131626/tools/bin/../lib/gcc/arm-none-eabi/11.3.1/../../../../arm-none-eabi/lib/thumb/v7e-m+fp/hard\libc_nano.a(libc_a-memset.o)
                0x000000000800765c                memset
 .text.__libc_init_array
                0x000000000800766c       0x48 C:/ST/STM32CubeIDE_1.13.2/STM32CubeIDE/plugins/com.st.stm32cube.ide.mcu.externaltools.gnu-tools-for-stm32.11.3.rel1.win32_1.1.1.202309131626/tools/bin/../lib/gcc/arm-none-eabi/11.3.1/../../../../arm-none-eabi/lib/thumb/v7e-m+fp/hard\libc_nano.a(libc_a-init.o)
                0x000000000800766c                __libc_init_array
 *(.glue_7)
 .glue_7        0x00000000080076b4        0x0 linker stubs
 *(.glue_7t)
 .glue_7t       0x00000000080076b4        0x0 linker stubs
 *(.eh_frame)
 .eh_frame      0x00000000080076b4        0x0 C:/ST/STM32CubeIDE_1.13.2/STM32CubeIDE/plugins/com.st.stm32cube.ide.mcu.externaltools.gnu-tools-for-stm32.11.3.rel1.win32_1.1.1.202309131626/tools/bin/../lib/gcc/arm-none-eabi/11.3.1/thumb/v7e-m+fp/hard/crtbegin.o
 *(.init)
 .init          0x00000000080076b4        0x4 C:/ST/STM32CubeIDE_1.13.2/STM32CubeIDE/plugins/com.st.stm32cube.ide.mcu.externaltools.gnu-tools-for-stm32.11.3.rel1.win32_1.1.1.202309131626/tools/bin/../lib/gcc/arm-none-eabi/11.3.1/thumb/v7e-m+fp/hard/crti.o
                0x00000000080076b4                _init
 .init          0x00000000080076b8        0x8 C:/ST/STM32CubeIDE_1.13.2/STM32CubeIDE/plugins/com.st.stm32cube.ide.mcu.externaltools.gnu-tools-for-stm32.11.3.rel1.win32_1.1.1.202309131626/tools/bin/../lib/gcc/arm-none-eabi/11.3.1/thumb/v7e-m+fp/hard/crtn.o
 *(.fini)
 .fini          0x00000000080076c0        0x4 C:/ST/STM32CubeIDE_1.13.2/STM32CubeIDE/plugins/com.st.stm32cube.ide.mcu.externaltools.gnu-tools-for-stm32.11.3.rel1.win32_1.1.1.202309131626/tools/bin/../lib/gcc/arm-none-eabi/11.3.1/thumb/v7e-m+fp/hard/crti.o
                0x00000000080076c0                _fini
 .fini          0x00000000080076c4        0x8 C:/ST/STM32CubeIDE_1.13.2/STM32CubeIDE/plugins/com.st.stm32cube.ide.mcu.externaltools.gnu-tools-for-stm32.11.3.rel1.win32_1.1.1.202309131626/tools/bin/../lib/gcc/arm-none-eabi/11.3.1/thumb/v7e-m+fp/hard/crtn.o
                0x00000000080076cc                . = ALIGN (0x4)
                0x00000000080076cc                _etext = .

.vfp11_veneer   0x00000000080076cc        0x0
 .vfp11_veneer  0x00000000080076cc        0x0 linker stubs

.v4_bx          0x00000000080076cc        0x0
 .v4_bx         0x00000000080076cc        0x0 linker stubs

.iplt           0x00000000080076cc        0x0
 .iplt          0x00000000080076cc        0x0 C:/ST/STM32CubeIDE_1.13.2/STM32CubeIDE/plugins/com.st.stm32cube.ide.mcu.externaltools.gnu-tools-for-stm32.11.3.rel1.win32_1.1.1.202309131626/tools/bin/../lib/gcc/arm-none-eabi/11.3.1/thumb/v7e-m+fp/hard/crtbegin.o

.rodata         0x00000000080076cc      0x104
                0x00000000080076cc                . = ALIGN (0x4)
 *(.rodata)
 .rodata        0x00000000080076cc       0x92 ./Core/Src/main.o
 *(.rodata*)
 *fill*         0x000000000800775e        0x2 
 .rodata.AHBPrescTable
                0x0000000008007760       0x10 ./Core/Src/system_stm32l4xx.o
                0x0000000008007760                AHBPrescTable
 .rodata.APBPrescTable
                0x0000000008007770        0x8 ./Core/Src/system_stm32l4xx.o
                0x0000000008007770                APBPrescTable
 .rodata.MSIRangeTable
                0x0000000008007778       0x30 ./Core/Src/system_stm32l4xx.o
                0x0000000008007778                MSIRangeTable
 .rodata.UARTPrescTable
                0x00000000080077a8       0x18 ./Drivers/STM32L4xx_HAL_Driver/Src/stm32l4xx_hal_uart.o
                0x00000000080077a8                UARTPrescTable
 .rodata.numerator.1
                0x00000000080077c0        0x8 ./Drivers/STM32L4xx_HAL_Driver/Src/stm32l4xx_hal_uart_ex.o
 .rodata.denominator.0
                0x00000000080077c8        0x8 ./Drivers/STM32L4xx_HAL_Driver/Src/stm32l4xx_hal_uart_ex.o
                0x00000000080077d0                . = ALIGN (0x4)

.ARM.extab      0x00000000080077d0        0x0
                0x00000000080077d0                . = ALIGN (0x4)
 *(.ARM.extab* .gnu.linkonce.armextab.*)
                0x00000000080077d0                . = ALIGN (0x4)

.ARM            0x00000000080077d0        0x8
                0x00000000080077d0                . = ALIGN (0x4)
                0x00000000080077d0                __exidx_start = .
 *(.ARM.exidx*)
 .ARM.exidx     0x00000000080077d0        0x8 C:/ST/STM32CubeIDE_1.13.2/STM32CubeIDE/plugins/com.st.stm32cube.ide.mcu.externaltools.gnu-tools-for-stm32.11.3.rel1.win32_1.1.1.202309131626/tools/bin/../lib/gcc/arm-none-eabi/11.3.1/thumb/v7e-m+fp/hard\libgcc.a(_udivmoddi4.o)
                0x00000000080077d8                __exidx_end = .
                0x00000000080077d8                . = ALIGN (0x4)

.rel.dyn        0x00000000080077d8        0x0
 .rel.iplt      0x00000000080077d8        0x0 C:/ST/STM32CubeIDE_1.13.2/STM32CubeIDE/plugins/com.st.stm32cube.ide.mcu.externaltools.gnu-tools-for-stm32.11.3.rel1.win32_1.1.1.202309131626/tools/bin/../lib/gcc/arm-none-eabi/11.3.1/thumb/v7e-m+fp/hard/crtbegin.o

.preinit_array  0x00000000080077d8        0x0
                0x00000000080077d8                . = ALIGN (0x4)
                0x00000000080077d8                PROVIDE (__preinit_array_start = .)
 *(.preinit_array*)
                0x00000000080077d8                PROVIDE (__preinit_array_end = .)
                0x00000000080077d8                . = ALIGN (0x4)

.init_array     0x00000000080077d8        0x4
                0x00000000080077d8                . = ALIGN (0x4)
                0x00000000080077d8                PROVIDE (__init_array_start = .)
 *(SORT_BY_NAME(.init_array.*))
 *(.init_array*)
 .init_array    0x00000000080077d8        0x4 C:/ST/STM32CubeIDE_1.13.2/STM32CubeIDE/plugins/com.st.stm32cube.ide.mcu.externaltools.gnu-tools-for-stm32.11.3.rel1.win32_1.1.1.202309131626/tools/bin/../lib/gcc/arm-none-eabi/11.3.1/thumb/v7e-m+fp/hard/crtbegin.o
                0x00000000080077dc                PROVIDE (__init_array_end = .)
                0x00000000080077dc                . = ALIGN (0x4)

.fini_array     0x00000000080077dc        0x4
                0x00000000080077dc                . = ALIGN (0x4)
                [!provide]                        PROVIDE (__fini_array_start = .)
 *(SORT_BY_NAME(.fini_array.*))
 *(.fini_array*)
 .fini_array    0x00000000080077dc        0x4 C:/ST/STM32CubeIDE_1.13.2/STM32CubeIDE/plugins/com.st.stm32cube.ide.mcu.externaltools.gnu-tools-for-stm32.11.3.rel1.win32_1.1.1.202309131626/tools/bin/../lib/gcc/arm-none-eabi/11.3.1/thumb/v7e-m+fp/hard/crtbegin.o
                [!provide]                        PROVIDE (__fini_array_end = .)
                0x00000000080077e0                . = ALIGN (0x4)
                0x00000000080077e0                _sidata = LOADADDR (.data)

.data           0x0000000020000000     0x4b0c load address 0x00000000080077e0
                0x0000000020000000                . = ALIGN (0x4)
                0x0000000020000000                _sdata = .
 *(.data)
 *(.data*)
 .data.image_80x80_rgb888
                0x0000000020000000     0x4b00 ./Core/Src/main.o
                0x0000000020000000                image_80x80_rgb888
 .data.SystemCoreClock
                0x0000000020004b00        0x4 ./Core/Src/system_stm32l4xx.o
                0x0000000020004b00                SystemCoreClock
 .data.uwTickPrio
                0x0000000020004b04        0x4 ./Drivers/STM32L4xx_HAL_Driver/Src/stm32l4xx_hal.o
                0x0000000020004b04                uwTickPrio
 .data.uwTickFreq
                0x0000000020004b08        0x1 ./Drivers/STM32L4xx_HAL_Driver/Src/stm32l4xx_hal.o
                0x0000000020004b08                uwTickFreq
 *(.RamFunc)
 *(.RamFunc*)
                0x0000000020004b0c                . = ALIGN (0x4)
 *fill*         0x0000000020004b09        0x3 
                0x0000000020004b0c                _edata = .

.igot.plt       0x0000000020004b0c        0x0 load address 0x000000000800c2ec
 .igot.plt      0x0000000020004b0c        0x0 C:/ST/STM32CubeIDE_1.13.2/STM32CubeIDE/plugins/com.st.stm32cube.ide.mcu.externaltools.gnu-tools-for-stm32.11.3.rel1.win32_1.1.1.202309131626/tools/bin/../lib/gcc/arm-none-eabi/11.3.1/thumb/v7e-m+fp/hard/crtbegin.o
                0x0000000020004b0c                . = ALIGN (0x4)

.bss            0x0000000020004b0c      0x3f0 load address 0x000000000800c2ec
                0x0000000020004b0c                _sbss = .
                0x0000000020004b0c                __bss_start__ = _sbss
 *(.bss)
 .bss           0x0000000020004b0c       0x1c C:/ST/STM32CubeIDE_1.13.2/STM32CubeIDE/plugins/com.st.stm32cube.ide.mcu.externaltools.gnu-tools-for-stm32.11.3.rel1.win32_1.1.1.202309131626/tools/bin/../lib/gcc/arm-none-eabi/11.3.1/thumb/v7e-m+fp/hard/crtbegin.o
 *(.bss*)
 .bss.hdsi      0x0000000020004b28       0x1c ./Core/Src/main.o
                0x0000000020004b28                hdsi
 .bss.hi2c1     0x0000000020004b44       0x54 ./Core/Src/main.o
                0x0000000020004b44                hi2c1
 .bss.hi2c2     0x0000000020004b98       0x54 ./Core/Src/main.o
                0x0000000020004b98                hi2c2
 .bss.hltdc     0x0000000020004bec       0xa8 ./Core/Src/main.o
                0x0000000020004bec                hltdc
 .bss.hospi1    0x0000000020004c94       0x50 ./Core/Src/main.o
                0x0000000020004c94                hospi1
 .bss.hospi2    0x0000000020004ce4       0x50 ./Core/Src/main.o
                0x0000000020004ce4                hospi2
 .bss.hspi1     0x0000000020004d34       0x64 ./Core/Src/main.o
                0x0000000020004d34                hspi1
 .bss.hspi2     0x0000000020004d98       0x64 ./Core/Src/main.o
                0x0000000020004d98                hspi2
 .bss.hspi3     0x0000000020004dfc       0x64 ./Core/Src/main.o
                0x0000000020004dfc                hspi3
 .bss.huart4    0x0000000020004e60       0x94 ./Core/Src/main.o
                0x0000000020004e60                huart4
 .bss.HAL_RCC_OSPIM_CLK_ENABLED
                0x0000000020004ef4        0x4 ./Core/Src/stm32l4xx_hal_msp.o
 .bss.uwTick    0x0000000020004ef8        0x4 ./Drivers/STM32L4xx_HAL_Driver/Src/stm32l4xx_hal.o
                0x0000000020004ef8                uwTick
 *(COMMON)
                0x0000000020004efc                . = ALIGN (0x4)
                0x0000000020004efc                _ebss = .
                0x0000000020004efc                __bss_end__ = _ebss

._user_heap_stack
                0x0000000020004efc      0x604 load address 0x000000000800c2ec
                0x0000000020004f00                . = ALIGN (0x8)
 *fill*         0x0000000020004efc        0x4 
                [!provide]                        PROVIDE (end = .)
                0x0000000020004f00                PROVIDE (_end = .)
                0x0000000020005100                . = (. + _Min_Heap_Size)
 *fill*         0x0000000020004f00      0x200 
                0x0000000020005500                . = (. + _Min_Stack_Size)
 *fill*         0x0000000020005100      0x400 
                0x0000000020005500                . = ALIGN (0x8)

/DISCARD/
 libc.a(*)
 libm.a(*)
 libgcc.a(*)

.ARM.attributes
                0x0000000000000000       0x30
 *(.ARM.attributes)
 .ARM.attributes
                0x0000000000000000       0x1e C:/ST/STM32CubeIDE_1.13.2/STM32CubeIDE/plugins/com.st.stm32cube.ide.mcu.externaltools.gnu-tools-for-stm32.11.3.rel1.win32_1.1.1.202309131626/tools/bin/../lib/gcc/arm-none-eabi/11.3.1/thumb/v7e-m+fp/hard/crti.o
 .ARM.attributes
                0x000000000000001e       0x34 C:/ST/STM32CubeIDE_1.13.2/STM32CubeIDE/plugins/com.st.stm32cube.ide.mcu.externaltools.gnu-tools-for-stm32.11.3.rel1.win32_1.1.1.202309131626/tools/bin/../lib/gcc/arm-none-eabi/11.3.1/thumb/v7e-m+fp/hard/crtbegin.o
 .ARM.attributes
                0x0000000000000052       0x34 ./Core/Src/main.o
 .ARM.attributes
                0x0000000000000086       0x34 ./Core/Src/stm32l4xx_hal_msp.o
 .ARM.attributes
                0x00000000000000ba       0x34 ./Core/Src/stm32l4xx_it.o
 .ARM.attributes
                0x00000000000000ee       0x34 ./Core/Src/system_stm32l4xx.o
 .ARM.attributes
                0x0000000000000122       0x21 ./Core/Startup/startup_stm32l4s9zijx.o
 .ARM.attributes
                0x0000000000000143       0x34 ./Drivers/STM32L4xx_HAL_Driver/Src/stm32l4xx_hal.o
 .ARM.attributes
                0x0000000000000177       0x34 ./Drivers/STM32L4xx_HAL_Driver/Src/stm32l4xx_hal_cortex.o
 .ARM.attributes
                0x00000000000001ab       0x34 ./Drivers/STM32L4xx_HAL_Driver/Src/stm32l4xx_hal_dsi.o
 .ARM.attributes
                0x00000000000001df       0x34 ./Drivers/STM32L4xx_HAL_Driver/Src/stm32l4xx_hal_gpio.o
 .ARM.attributes
                0x0000000000000213       0x34 ./Drivers/STM32L4xx_HAL_Driver/Src/stm32l4xx_hal_i2c.o
 .ARM.attributes
                0x0000000000000247       0x34 ./Drivers/STM32L4xx_HAL_Driver/Src/stm32l4xx_hal_i2c_ex.o
 .ARM.attributes
                0x000000000000027b       0x34 ./Drivers/STM32L4xx_HAL_Driver/Src/stm32l4xx_hal_ltdc.o
 .ARM.attributes
                0x00000000000002af       0x34 ./Drivers/STM32L4xx_HAL_Driver/Src/stm32l4xx_hal_ospi.o
 .ARM.attributes
                0x00000000000002e3       0x34 ./Drivers/STM32L4xx_HAL_Driver/Src/stm32l4xx_hal_pwr_ex.o
 .ARM.attributes
                0x0000000000000317       0x34 ./Drivers/STM32L4xx_HAL_Driver/Src/stm32l4xx_hal_rcc.o
 .ARM.attributes
                0x000000000000034b       0x34 ./Drivers/STM32L4xx_HAL_Driver/Src/stm32l4xx_hal_rcc_ex.o
 .ARM.attributes
                0x000000000000037f       0x34 ./Drivers/STM32L4xx_HAL_Driver/Src/stm32l4xx_hal_spi.o
 .ARM.attributes
                0x00000000000003b3       0x34 ./Drivers/STM32L4xx_HAL_Driver/Src/stm32l4xx_hal_uart.o
 .ARM.attributes
                0x00000000000003e7       0x34 ./Drivers/STM32L4xx_HAL_Driver/Src/stm32l4xx_hal_uart_ex.o
 .ARM.attributes
                0x000000000000041b       0x34 C:/ST/STM32CubeIDE_1.13.2/STM32CubeIDE/plugins/com.st.stm32cube.ide.mcu.externaltools.gnu-tools-for-stm32.11.3.rel1.win32_1.1.1.202309131626/tools/bin/../lib/gcc/arm-none-eabi/11.3.1/../../../../arm-none-eabi/lib/thumb/v7e-m+fp/hard\libc_nano.a(libc_a-memset.o)
 .ARM.attributes
                0x000000000000044f       0x34 C:/ST/STM32CubeIDE_1.13.2/STM32CubeIDE/plugins/com.st.stm32cube.ide.mcu.externaltools.gnu-tools-for-stm32.11.3.rel1.win32_1.1.1.202309131626/tools/bin/../lib/gcc/arm-none-eabi/11.3.1/../../../../arm-none-eabi/lib/thumb/v7e-m+fp/hard\libc_nano.a(libc_a-init.o)
 .ARM.attributes
                0x0000000000000483       0x1e C:/ST/STM32CubeIDE_1.13.2/STM32CubeIDE/plugins/com.st.stm32cube.ide.mcu.externaltools.gnu-tools-for-stm32.11.3.rel1.win32_1.1.1.202309131626/tools/bin/../lib/gcc/arm-none-eabi/11.3.1/thumb/v7e-m+fp/hard\libgcc.a(_aeabi_uldivmod.o)
 .ARM.attributes
                0x00000000000004a1       0x34 C:/ST/STM32CubeIDE_1.13.2/STM32CubeIDE/plugins/com.st.stm32cube.ide.mcu.externaltools.gnu-tools-for-stm32.11.3.rel1.win32_1.1.1.202309131626/tools/bin/../lib/gcc/arm-none-eabi/11.3.1/thumb/v7e-m+fp/hard\libgcc.a(_udivmoddi4.o)
 .ARM.attributes
                0x00000000000004d5       0x1e C:/ST/STM32CubeIDE_1.13.2/STM32CubeIDE/plugins/com.st.stm32cube.ide.mcu.externaltools.gnu-tools-for-stm32.11.3.rel1.win32_1.1.1.202309131626/tools/bin/../lib/gcc/arm-none-eabi/11.3.1/thumb/v7e-m+fp/hard\libgcc.a(_dvmd_tls.o)
 .ARM.attributes
                0x00000000000004f3       0x1e C:/ST/STM32CubeIDE_1.13.2/STM32CubeIDE/plugins/com.st.stm32cube.ide.mcu.externaltools.gnu-tools-for-stm32.11.3.rel1.win32_1.1.1.202309131626/tools/bin/../lib/gcc/arm-none-eabi/11.3.1/thumb/v7e-m+fp/hard/crtn.o
OUTPUT(master.elf elf32-littlearm)
LOAD linker stubs
LOAD C:/ST/STM32CubeIDE_1.13.2/STM32CubeIDE/plugins/com.st.stm32cube.ide.mcu.externaltools.gnu-tools-for-stm32.11.3.rel1.win32_1.1.1.202309131626/tools/bin/../lib/gcc/arm-none-eabi/11.3.1/../../../../arm-none-eabi/lib/thumb/v7e-m+fp/hard\libc.a
LOAD C:/ST/STM32CubeIDE_1.13.2/STM32CubeIDE/plugins/com.st.stm32cube.ide.mcu.externaltools.gnu-tools-for-stm32.11.3.rel1.win32_1.1.1.202309131626/tools/bin/../lib/gcc/arm-none-eabi/11.3.1/../../../../arm-none-eabi/lib/thumb/v7e-m+fp/hard\libm.a
LOAD C:/ST/STM32CubeIDE_1.13.2/STM32CubeIDE/plugins/com.st.stm32cube.ide.mcu.externaltools.gnu-tools-for-stm32.11.3.rel1.win32_1.1.1.202309131626/tools/bin/../lib/gcc/arm-none-eabi/11.3.1/thumb/v7e-m+fp/hard\libgcc.a

.comment        0x0000000000000000       0x43
 .comment       0x0000000000000000       0x43 C:/ST/STM32CubeIDE_1.13.2/STM32CubeIDE/plugins/com.st.stm32cube.ide.mcu.externaltools.gnu-tools-for-stm32.11.3.rel1.win32_1.1.1.202309131626/tools/bin/../lib/gcc/arm-none-eabi/11.3.1/thumb/v7e-m+fp/hard/crtbegin.o
                                         0x44 (size before relaxing)
 .comment       0x0000000000000043       0x44 ./Core/Src/main.o
 .comment       0x0000000000000043       0x44 ./Core/Src/stm32l4xx_hal_msp.o
 .comment       0x0000000000000043       0x44 ./Core/Src/stm32l4xx_it.o
 .comment       0x0000000000000043       0x44 ./Core/Src/system_stm32l4xx.o
 .comment       0x0000000000000043       0x44 ./Drivers/STM32L4xx_HAL_Driver/Src/stm32l4xx_hal.o
 .comment       0x0000000000000043       0x44 ./Drivers/STM32L4xx_HAL_Driver/Src/stm32l4xx_hal_cortex.o
 .comment       0x0000000000000043       0x44 ./Drivers/STM32L4xx_HAL_Driver/Src/stm32l4xx_hal_dsi.o
 .comment       0x0000000000000043       0x44 ./Drivers/STM32L4xx_HAL_Driver/Src/stm32l4xx_hal_gpio.o
 .comment       0x0000000000000043       0x44 ./Drivers/STM32L4xx_HAL_Driver/Src/stm32l4xx_hal_i2c.o
 .comment       0x0000000000000043       0x44 ./Drivers/STM32L4xx_HAL_Driver/Src/stm32l4xx_hal_i2c_ex.o
 .comment       0x0000000000000043       0x44 ./Drivers/STM32L4xx_HAL_Driver/Src/stm32l4xx_hal_ltdc.o
 .comment       0x0000000000000043       0x44 ./Drivers/STM32L4xx_HAL_Driver/Src/stm32l4xx_hal_ospi.o
 .comment       0x0000000000000043       0x44 ./Drivers/STM32L4xx_HAL_Driver/Src/stm32l4xx_hal_pwr_ex.o
 .comment       0x0000000000000043       0x44 ./Drivers/STM32L4xx_HAL_Driver/Src/stm32l4xx_hal_rcc.o
 .comment       0x0000000000000043       0x44 ./Drivers/STM32L4xx_HAL_Driver/Src/stm32l4xx_hal_rcc_ex.o
 .comment       0x0000000000000043       0x44 ./Drivers/STM32L4xx_HAL_Driver/Src/stm32l4xx_hal_spi.o
 .comment       0x0000000000000043       0x44 ./Drivers/STM32L4xx_HAL_Driver/Src/stm32l4xx_hal_uart.o
 .comment       0x0000000000000043       0x44 ./Drivers/STM32L4xx_HAL_Driver/Src/stm32l4xx_hal_uart_ex.o

.debug_info     0x0000000000000000    0x18726
 .debug_info    0x0000000000000000     0x319d ./Core/Src/main.o
 .debug_info    0x000000000000319d     0x25ac ./Core/Src/stm32l4xx_hal_msp.o
 .debug_info    0x0000000000005749      0x113 ./Core/Src/stm32l4xx_it.o
 .debug_info    0x000000000000585c      0x5e9 ./Core/Src/system_stm32l4xx.o
 .debug_info    0x0000000000005e45       0x23 ./Core/Startup/startup_stm32l4s9zijx.o
 .debug_info    0x0000000000005e68      0xcb6 ./Drivers/STM32L4xx_HAL_Driver/Src/stm32l4xx_hal.o
 .debug_info    0x0000000000006b1e      0xd82 ./Drivers/STM32L4xx_HAL_Driver/Src/stm32l4xx_hal_cortex.o
 .debug_info    0x00000000000078a0     0x19a3 ./Drivers/STM32L4xx_HAL_Driver/Src/stm32l4xx_hal_dsi.o
 .debug_info    0x0000000000009243      0x787 ./Drivers/STM32L4xx_HAL_Driver/Src/stm32l4xx_hal_gpio.o
 .debug_info    0x00000000000099ca     0x21ab ./Drivers/STM32L4xx_HAL_Driver/Src/stm32l4xx_hal_i2c.o
 .debug_info    0x000000000000bb75      0xb09 ./Drivers/STM32L4xx_HAL_Driver/Src/stm32l4xx_hal_i2c_ex.o
 .debug_info    0x000000000000c67e     0x1023 ./Drivers/STM32L4xx_HAL_Driver/Src/stm32l4xx_hal_ltdc.o
 .debug_info    0x000000000000d6a1     0x180d ./Drivers/STM32L4xx_HAL_Driver/Src/stm32l4xx_hal_ospi.o
 .debug_info    0x000000000000eeae      0xa0a ./Drivers/STM32L4xx_HAL_Driver/Src/stm32l4xx_hal_pwr_ex.o
 .debug_info    0x000000000000f8b8      0xd32 ./Drivers/STM32L4xx_HAL_Driver/Src/stm32l4xx_hal_rcc.o
 .debug_info    0x00000000000105ea     0x1181 ./Drivers/STM32L4xx_HAL_Driver/Src/stm32l4xx_hal_rcc_ex.o
 .debug_info    0x000000000001176b     0x172e ./Drivers/STM32L4xx_HAL_Driver/Src/stm32l4xx_hal_spi.o
 .debug_info    0x0000000000012e99     0x4875 ./Drivers/STM32L4xx_HAL_Driver/Src/stm32l4xx_hal_uart.o
 .debug_info    0x000000000001770e     0x1018 ./Drivers/STM32L4xx_HAL_Driver/Src/stm32l4xx_hal_uart_ex.o

.debug_abbrev   0x0000000000000000     0x2a08
 .debug_abbrev  0x0000000000000000      0x31b ./Core/Src/main.o
 .debug_abbrev  0x000000000000031b      0x2ae ./Core/Src/stm32l4xx_hal_msp.o
 .debug_abbrev  0x00000000000005c9       0x73 ./Core/Src/stm32l4xx_it.o
 .debug_abbrev  0x000000000000063c      0x11a ./Core/Src/system_stm32l4xx.o
 .debug_abbrev  0x0000000000000756       0x12 ./Core/Startup/startup_stm32l4s9zijx.o
 .debug_abbrev  0x0000000000000768      0x262 ./Drivers/STM32L4xx_HAL_Driver/Src/stm32l4xx_hal.o
 .debug_abbrev  0x00000000000009ca      0x327 ./Drivers/STM32L4xx_HAL_Driver/Src/stm32l4xx_hal_cortex.o
 .debug_abbrev  0x0000000000000cf1      0x25e ./Drivers/STM32L4xx_HAL_Driver/Src/stm32l4xx_hal_dsi.o
 .debug_abbrev  0x0000000000000f4f      0x1cb ./Drivers/STM32L4xx_HAL_Driver/Src/stm32l4xx_hal_gpio.o
 .debug_abbrev  0x000000000000111a      0x25e ./Drivers/STM32L4xx_HAL_Driver/Src/stm32l4xx_hal_i2c.o
 .debug_abbrev  0x0000000000001378      0x1c0 ./Drivers/STM32L4xx_HAL_Driver/Src/stm32l4xx_hal_i2c_ex.o
 .debug_abbrev  0x0000000000001538      0x233 ./Drivers/STM32L4xx_HAL_Driver/Src/stm32l4xx_hal_ltdc.o
 .debug_abbrev  0x000000000000176b      0x2be ./Drivers/STM32L4xx_HAL_Driver/Src/stm32l4xx_hal_ospi.o
 .debug_abbrev  0x0000000000001a29      0x1f9 ./Drivers/STM32L4xx_HAL_Driver/Src/stm32l4xx_hal_pwr_ex.o
 .debug_abbrev  0x0000000000001c22      0x306 ./Drivers/STM32L4xx_HAL_Driver/Src/stm32l4xx_hal_rcc.o
 .debug_abbrev  0x0000000000001f28      0x2a3 ./Drivers/STM32L4xx_HAL_Driver/Src/stm32l4xx_hal_rcc_ex.o
 .debug_abbrev  0x00000000000021cb      0x267 ./Drivers/STM32L4xx_HAL_Driver/Src/stm32l4xx_hal_spi.o
 .debug_abbrev  0x0000000000002432      0x304 ./Drivers/STM32L4xx_HAL_Driver/Src/stm32l4xx_hal_uart.o
 .debug_abbrev  0x0000000000002736      0x2d2 ./Drivers/STM32L4xx_HAL_Driver/Src/stm32l4xx_hal_uart_ex.o

.debug_aranges  0x0000000000000000     0x13a0
 .debug_aranges
                0x0000000000000000       0xc8 ./Core/Src/main.o
 .debug_aranges
                0x00000000000000c8       0x80 ./Core/Src/stm32l4xx_hal_msp.o
 .debug_aranges
                0x0000000000000148       0x60 ./Core/Src/stm32l4xx_it.o
 .debug_aranges
                0x00000000000001a8       0x28 ./Core/Src/system_stm32l4xx.o
 .debug_aranges
                0x00000000000001d0       0x28 ./Core/Startup/startup_stm32l4s9zijx.o
 .debug_aranges
                0x00000000000001f8      0x130 ./Drivers/STM32L4xx_HAL_Driver/Src/stm32l4xx_hal.o
 .debug_aranges
                0x0000000000000328      0x118 ./Drivers/STM32L4xx_HAL_Driver/Src/stm32l4xx_hal_cortex.o
 .debug_aranges
                0x0000000000000440      0x178 ./Drivers/STM32L4xx_HAL_Driver/Src/stm32l4xx_hal_dsi.o
 .debug_aranges
                0x00000000000005b8       0x58 ./Drivers/STM32L4xx_HAL_Driver/Src/stm32l4xx_hal_gpio.o
 .debug_aranges
                0x0000000000000610      0x2a0 ./Drivers/STM32L4xx_HAL_Driver/Src/stm32l4xx_hal_i2c.o
 .debug_aranges
                0x00000000000008b0       0x48 ./Drivers/STM32L4xx_HAL_Driver/Src/stm32l4xx_hal_i2c_ex.o
 .debug_aranges
                0x00000000000008f8      0x158 ./Drivers/STM32L4xx_HAL_Driver/Src/stm32l4xx_hal_ltdc.o
 .debug_aranges
                0x0000000000000a50      0x170 ./Drivers/STM32L4xx_HAL_Driver/Src/stm32l4xx_hal_ospi.o
 .debug_aranges
                0x0000000000000bc0      0x170 ./Drivers/STM32L4xx_HAL_Driver/Src/stm32l4xx_hal_pwr_ex.o
 .debug_aranges
                0x0000000000000d30       0x98 ./Drivers/STM32L4xx_HAL_Driver/Src/stm32l4xx_hal_rcc.o
 .debug_aranges
                0x0000000000000dc8      0x110 ./Drivers/STM32L4xx_HAL_Driver/Src/stm32l4xx_hal_rcc_ex.o
 .debug_aranges
                0x0000000000000ed8      0x1d8 ./Drivers/STM32L4xx_HAL_Driver/Src/stm32l4xx_hal_spi.o
 .debug_aranges
                0x00000000000010b0      0x248 ./Drivers/STM32L4xx_HAL_Driver/Src/stm32l4xx_hal_uart.o
 .debug_aranges
                0x00000000000012f8       0xa8 ./Drivers/STM32L4xx_HAL_Driver/Src/stm32l4xx_hal_uart_ex.o

.debug_rnglists
                0x0000000000000000      0xf63
 .debug_rnglists
                0x0000000000000000       0xa0 ./Core/Src/main.o
 .debug_rnglists
                0x00000000000000a0       0x62 ./Core/Src/stm32l4xx_hal_msp.o
 .debug_rnglists
                0x0000000000000102       0x43 ./Core/Src/stm32l4xx_it.o
 .debug_rnglists
                0x0000000000000145       0x1a ./Core/Src/system_stm32l4xx.o
 .debug_rnglists
                0x000000000000015f       0x19 ./Core/Startup/startup_stm32l4s9zijx.o
 .debug_rnglists
                0x0000000000000178       0xdf ./Drivers/STM32L4xx_HAL_Driver/Src/stm32l4xx_hal.o
 .debug_rnglists
                0x0000000000000257       0xce ./Drivers/STM32L4xx_HAL_Driver/Src/stm32l4xx_hal_cortex.o
 .debug_rnglists
                0x0000000000000325      0x128 ./Drivers/STM32L4xx_HAL_Driver/Src/stm32l4xx_hal_dsi.o
 .debug_rnglists
                0x000000000000044d       0x3f ./Drivers/STM32L4xx_HAL_Driver/Src/stm32l4xx_hal_gpio.o
 .debug_rnglists
                0x000000000000048c      0x228 ./Drivers/STM32L4xx_HAL_Driver/Src/stm32l4xx_hal_i2c.o
 .debug_rnglists
                0x00000000000006b4       0x35 ./Drivers/STM32L4xx_HAL_Driver/Src/stm32l4xx_hal_i2c_ex.o
 .debug_rnglists
                0x00000000000006e9      0x10a ./Drivers/STM32L4xx_HAL_Driver/Src/stm32l4xx_hal_ltdc.o
 .debug_rnglists
                0x00000000000007f3      0x122 ./Drivers/STM32L4xx_HAL_Driver/Src/stm32l4xx_hal_ospi.o
 .debug_rnglists
                0x0000000000000915      0x115 ./Drivers/STM32L4xx_HAL_Driver/Src/stm32l4xx_hal_pwr_ex.o
 .debug_rnglists
                0x0000000000000a2a       0x74 ./Drivers/STM32L4xx_HAL_Driver/Src/stm32l4xx_hal_rcc.o
 .debug_rnglists
                0x0000000000000a9e       0xd4 ./Drivers/STM32L4xx_HAL_Driver/Src/stm32l4xx_hal_rcc_ex.o
 .debug_rnglists
                0x0000000000000b72      0x178 ./Drivers/STM32L4xx_HAL_Driver/Src/stm32l4xx_hal_spi.o
 .debug_rnglists
                0x0000000000000cea      0x1fa ./Drivers/STM32L4xx_HAL_Driver/Src/stm32l4xx_hal_uart.o
 .debug_rnglists
                0x0000000000000ee4       0x7f ./Drivers/STM32L4xx_HAL_Driver/Src/stm32l4xx_hal_uart_ex.o

.debug_macro    0x0000000000000000    0x317e9
 .debug_macro   0x0000000000000000      0x231 ./Core/Src/main.o
 .debug_macro   0x0000000000000231      0xaa8 ./Core/Src/main.o
 .debug_macro   0x0000000000000cd9      0x1bf ./Core/Src/main.o
 .debug_macro   0x0000000000000e98       0x2e ./Core/Src/main.o
 .debug_macro   0x0000000000000ec6       0x28 ./Core/Src/main.o
 .debug_macro   0x0000000000000eee       0x22 ./Core/Src/main.o
 .debug_macro   0x0000000000000f10       0x8e ./Core/Src/main.o
 .debug_macro   0x0000000000000f9e       0x51 ./Core/Src/main.o
 .debug_macro   0x0000000000000fef      0x103 ./Core/Src/main.o
 .debug_macro   0x00000000000010f2       0x6a ./Core/Src/main.o
 .debug_macro   0x000000000000115c      0x1df ./Core/Src/main.o
 .debug_macro   0x000000000000133b       0x1c ./Core/Src/main.o
 .debug_macro   0x0000000000001357       0x22 ./Core/Src/main.o
 .debug_macro   0x0000000000001379       0xfb ./Core/Src/main.o
 .debug_macro   0x0000000000001474     0x1011 ./Core/Src/main.o
 .debug_macro   0x0000000000002485      0x11f ./Core/Src/main.o
 .debug_macro   0x00000000000025a4    0x235ca ./Core/Src/main.o
 .debug_macro   0x0000000000025b6e       0x6d ./Core/Src/main.o
 .debug_macro   0x0000000000025bdb     0x38ed ./Core/Src/main.o
 .debug_macro   0x00000000000294c8      0x174 ./Core/Src/main.o
 .debug_macro   0x000000000002963c       0x5c ./Core/Src/main.o
 .debug_macro   0x0000000000029698     0x19e2 ./Core/Src/main.o
 .debug_macro   0x000000000002b07a      0x83e ./Core/Src/main.o
 .debug_macro   0x000000000002b8b8      0x1b9 ./Core/Src/main.o
 .debug_macro   0x000000000002ba71      0x225 ./Core/Src/main.o
 .debug_macro   0x000000000002bc96      0x486 ./Core/Src/main.o
 .debug_macro   0x000000000002c11c      0x1ce ./Core/Src/main.o
 .debug_macro   0x000000000002c2ea       0x43 ./Core/Src/main.o
 .debug_macro   0x000000000002c32d      0x23d ./Core/Src/main.o
 .debug_macro   0x000000000002c56a      0x6fc ./Core/Src/main.o
 .debug_macro   0x000000000002cc66      0x241 ./Core/Src/main.o
 .debug_macro   0x000000000002cea7      0x416 ./Core/Src/main.o
 .debug_macro   0x000000000002d2bd       0x1c ./Core/Src/main.o
 .debug_macro   0x000000000002d2d9       0xf2 ./Core/Src/main.o
 .debug_macro   0x000000000002d3cb      0x22c ./Core/Src/main.o
 .debug_macro   0x000000000002d5f7       0x61 ./Core/Src/main.o
 .debug_macro   0x000000000002d658       0xa5 ./Core/Src/main.o
 .debug_macro   0x000000000002d6fd      0x198 ./Core/Src/main.o
 .debug_macro   0x000000000002d895       0xd6 ./Core/Src/main.o
 .debug_macro   0x000000000002d96b      0x486 ./Core/Src/main.o
 .debug_macro   0x000000000002ddf1      0x122 ./Core/Src/main.o
 .debug_macro   0x000000000002df13      0x3f6 ./Core/Src/main.o
 .debug_macro   0x000000000002e309      0x2fe ./Core/Src/main.o
 .debug_macro   0x000000000002e607      0x693 ./Core/Src/main.o
 .debug_macro   0x000000000002ec9a       0xa6 ./Core/Src/main.o
 .debug_macro   0x000000000002ed40      0x432 ./Core/Src/main.o
 .debug_macro   0x000000000002f172      0x224 ./Core/Src/stm32l4xx_hal_msp.o
 .debug_macro   0x000000000002f396      0x22e ./Core/Src/stm32l4xx_it.o
 .debug_macro   0x000000000002f5c4      0x21a ./Core/Src/system_stm32l4xx.o
 .debug_macro   0x000000000002f7de      0x268 ./Drivers/STM32L4xx_HAL_Driver/Src/stm32l4xx_hal.o
 .debug_macro   0x000000000002fa46      0x21a ./Drivers/STM32L4xx_HAL_Driver/Src/stm32l4xx_hal_cortex.o
 .debug_macro   0x000000000002fc60      0x268 ./Drivers/STM32L4xx_HAL_Driver/Src/stm32l4xx_hal_dsi.o
 .debug_macro   0x000000000002fec8      0x221 ./Drivers/STM32L4xx_HAL_Driver/Src/stm32l4xx_hal_gpio.o
 .debug_macro   0x00000000000300e9      0x2e6 ./Drivers/STM32L4xx_HAL_Driver/Src/stm32l4xx_hal_i2c.o
 .debug_macro   0x00000000000303cf      0x21a ./Drivers/STM32L4xx_HAL_Driver/Src/stm32l4xx_hal_i2c_ex.o
 .debug_macro   0x00000000000305e9      0x222 ./Drivers/STM32L4xx_HAL_Driver/Src/stm32l4xx_hal_ltdc.o
 .debug_macro   0x000000000003080b      0x261 ./Drivers/STM32L4xx_HAL_Driver/Src/stm32l4xx_hal_ospi.o
 .debug_macro   0x0000000000030a6c      0x244 ./Drivers/STM32L4xx_HAL_Driver/Src/stm32l4xx_hal_pwr_ex.o
 .debug_macro   0x0000000000030cb0      0x25c ./Drivers/STM32L4xx_HAL_Driver/Src/stm32l4xx_hal_rcc.o
 .debug_macro   0x0000000000030f0c      0x250 ./Drivers/STM32L4xx_HAL_Driver/Src/stm32l4xx_hal_rcc_ex.o
 .debug_macro   0x000000000003115c      0x222 ./Drivers/STM32L4xx_HAL_Driver/Src/stm32l4xx_hal_spi.o
 .debug_macro   0x000000000003137e      0x245 ./Drivers/STM32L4xx_HAL_Driver/Src/stm32l4xx_hal_uart.o
 .debug_macro   0x00000000000315c3      0x226 ./Drivers/STM32L4xx_HAL_Driver/Src/stm32l4xx_hal_uart_ex.o

.debug_line     0x0000000000000000    0x19853
 .debug_line    0x0000000000000000      0xfad ./Core/Src/main.o
 .debug_line    0x0000000000000fad      0xb8d ./Core/Src/stm32l4xx_hal_msp.o
 .debug_line    0x0000000000001b3a      0x8b7 ./Core/Src/stm32l4xx_it.o
 .debug_line    0x00000000000023f1      0x88c ./Core/Src/system_stm32l4xx.o
 .debug_line    0x0000000000002c7d       0x7a ./Core/Startup/startup_stm32l4s9zijx.o
 .debug_line    0x0000000000002cf7      0xbe5 ./Drivers/STM32L4xx_HAL_Driver/Src/stm32l4xx_hal.o
 .debug_line    0x00000000000038dc      0xd8b ./Drivers/STM32L4xx_HAL_Driver/Src/stm32l4xx_hal_cortex.o
 .debug_line    0x0000000000004667     0x2c73 ./Drivers/STM32L4xx_HAL_Driver/Src/stm32l4xx_hal_dsi.o
 .debug_line    0x00000000000072da      0xc40 ./Drivers/STM32L4xx_HAL_Driver/Src/stm32l4xx_hal_gpio.o
 .debug_line    0x0000000000007f1a     0x39c3 ./Drivers/STM32L4xx_HAL_Driver/Src/stm32l4xx_hal_i2c.o
 .debug_line    0x000000000000b8dd      0xa12 ./Drivers/STM32L4xx_HAL_Driver/Src/stm32l4xx_hal_i2c_ex.o
 .debug_line    0x000000000000c2ef     0x180f ./Drivers/STM32L4xx_HAL_Driver/Src/stm32l4xx_hal_ltdc.o
 .debug_line    0x000000000000dafe     0x1829 ./Drivers/STM32L4xx_HAL_Driver/Src/stm32l4xx_hal_ospi.o
 .debug_line    0x000000000000f327      0xe51 ./Drivers/STM32L4xx_HAL_Driver/Src/stm32l4xx_hal_pwr_ex.o
 .debug_line    0x0000000000010178     0x1135 ./Drivers/STM32L4xx_HAL_Driver/Src/stm32l4xx_hal_rcc.o
 .debug_line    0x00000000000112ad     0x1ab6 ./Drivers/STM32L4xx_HAL_Driver/Src/stm32l4xx_hal_rcc_ex.o
 .debug_line    0x0000000000012d63     0x2051 ./Drivers/STM32L4xx_HAL_Driver/Src/stm32l4xx_hal_spi.o
 .debug_line    0x0000000000014db4     0x3c5f ./Drivers/STM32L4xx_HAL_Driver/Src/stm32l4xx_hal_uart.o
 .debug_line    0x0000000000018a13      0xe40 ./Drivers/STM32L4xx_HAL_Driver/Src/stm32l4xx_hal_uart_ex.o

.debug_str      0x0000000000000000   0x12aaa9
 .debug_str     0x0000000000000000   0x12576b ./Core/Src/main.o
                                     0x125cce (size before relaxing)
 .debug_str     0x000000000012576b      0x40b ./Core/Src/stm32l4xx_hal_msp.o
                                     0x124fe3 (size before relaxing)
 .debug_str     0x0000000000125b76       0xc9 ./Core/Src/stm32l4xx_it.o
                                     0x123a7e (size before relaxing)
 .debug_str     0x0000000000125c3f       0xf2 ./Core/Src/system_stm32l4xx.o
                                     0x123c2b (size before relaxing)
 .debug_str     0x0000000000125d31       0x34 ./Core/Startup/startup_stm32l4s9zijx.o
                                         0x6d (size before relaxing)
 .debug_str     0x0000000000125d65      0x6a3 ./Drivers/STM32L4xx_HAL_Driver/Src/stm32l4xx_hal.o
                                     0x1248a1 (size before relaxing)
 .debug_str     0x0000000000126408      0x331 ./Drivers/STM32L4xx_HAL_Driver/Src/stm32l4xx_hal_cortex.o
                                     0x1244c4 (size before relaxing)
 .debug_str     0x0000000000126739      0x868 ./Drivers/STM32L4xx_HAL_Driver/Src/stm32l4xx_hal_dsi.o
                                     0x124bab (size before relaxing)
 .debug_str     0x0000000000126fa1      0x123 ./Drivers/STM32L4xx_HAL_Driver/Src/stm32l4xx_hal_gpio.o
                                     0x123da5 (size before relaxing)
 .debug_str     0x00000000001270c4      0xdc1 ./Drivers/STM32L4xx_HAL_Driver/Src/stm32l4xx_hal_i2c.o
                                     0x124f16 (size before relaxing)
 .debug_str     0x0000000000127e85       0xb8 ./Drivers/STM32L4xx_HAL_Driver/Src/stm32l4xx_hal_i2c_ex.o
                                     0x124263 (size before relaxing)
 .debug_str     0x0000000000127f3d      0x491 ./Drivers/STM32L4xx_HAL_Driver/Src/stm32l4xx_hal_ltdc.o
                                     0x12421f (size before relaxing)
 .debug_str     0x00000000001283ce      0x746 ./Drivers/STM32L4xx_HAL_Driver/Src/stm32l4xx_hal_ospi.o
                                     0x124884 (size before relaxing)
 .debug_str     0x0000000000128b14      0x57a ./Drivers/STM32L4xx_HAL_Driver/Src/stm32l4xx_hal_pwr_ex.o
                                     0x1241fe (size before relaxing)
 .debug_str     0x000000000012908e      0x360 ./Drivers/STM32L4xx_HAL_Driver/Src/stm32l4xx_hal_rcc.o
                                     0x12429e (size before relaxing)
 .debug_str     0x00000000001293ee      0x5b3 ./Drivers/STM32L4xx_HAL_Driver/Src/stm32l4xx_hal_rcc_ex.o
                                     0x124684 (size before relaxing)
 .debug_str     0x00000000001299a1      0x4fe ./Drivers/STM32L4xx_HAL_Driver/Src/stm32l4xx_hal_spi.o
                                     0x124528 (size before relaxing)
 .debug_str     0x0000000000129e9f      0x99f ./Drivers/STM32L4xx_HAL_Driver/Src/stm32l4xx_hal_uart.o
                                     0x124bcf (size before relaxing)
 .debug_str     0x000000000012a83e      0x26b ./Drivers/STM32L4xx_HAL_Driver/Src/stm32l4xx_hal_uart_ex.o
                                     0x1243df (size before relaxing)

.debug_frame    0x0000000000000000     0x5474
 .debug_frame   0x0000000000000000      0x2fc ./Core/Src/main.o
 .debug_frame   0x00000000000002fc      0x1fc ./Core/Src/stm32l4xx_hal_msp.o
 .debug_frame   0x00000000000004f8      0x104 ./Core/Src/stm32l4xx_it.o
 .debug_frame   0x00000000000005fc       0x58 ./Core/Src/system_stm32l4xx.o
 .debug_frame   0x0000000000000654      0x498 ./Drivers/STM32L4xx_HAL_Driver/Src/stm32l4xx_hal.o
 .debug_frame   0x0000000000000aec      0x498 ./Drivers/STM32L4xx_HAL_Driver/Src/stm32l4xx_hal_cortex.o
 .debug_frame   0x0000000000000f84      0x6dc ./Drivers/STM32L4xx_HAL_Driver/Src/stm32l4xx_hal_dsi.o
 .debug_frame   0x0000000000001660      0x14c ./Drivers/STM32L4xx_HAL_Driver/Src/stm32l4xx_hal_gpio.o
 .debug_frame   0x00000000000017ac      0xc38 ./Drivers/STM32L4xx_HAL_Driver/Src/stm32l4xx_hal_i2c.o
 .debug_frame   0x00000000000023e4      0x100 ./Drivers/STM32L4xx_HAL_Driver/Src/stm32l4xx_hal_i2c_ex.o
 .debug_frame   0x00000000000024e4      0x61c ./Drivers/STM32L4xx_HAL_Driver/Src/stm32l4xx_hal_ltdc.o
 .debug_frame   0x0000000000002b00      0x6a4 ./Drivers/STM32L4xx_HAL_Driver/Src/stm32l4xx_hal_ospi.o
 .debug_frame   0x00000000000031a4      0x5c4 ./Drivers/STM32L4xx_HAL_Driver/Src/stm32l4xx_hal_pwr_ex.o
 .debug_frame   0x0000000000003768      0x248 ./Drivers/STM32L4xx_HAL_Driver/Src/stm32l4xx_hal_rcc.o
 .debug_frame   0x00000000000039b0      0x464 ./Drivers/STM32L4xx_HAL_Driver/Src/stm32l4xx_hal_rcc_ex.o
 .debug_frame   0x0000000000003e14      0x860 ./Drivers/STM32L4xx_HAL_Driver/Src/stm32l4xx_hal_spi.o
 .debug_frame   0x0000000000004674      0xa94 ./Drivers/STM32L4xx_HAL_Driver/Src/stm32l4xx_hal_uart.o
 .debug_frame   0x0000000000005108      0x2c0 ./Drivers/STM32L4xx_HAL_Driver/Src/stm32l4xx_hal_uart_ex.o
 .debug_frame   0x00000000000053c8       0x20 C:/ST/STM32CubeIDE_1.13.2/STM32CubeIDE/plugins/com.st.stm32cube.ide.mcu.externaltools.gnu-tools-for-stm32.11.3.rel1.win32_1.1.1.202309131626/tools/bin/../lib/gcc/arm-none-eabi/11.3.1/../../../../arm-none-eabi/lib/thumb/v7e-m+fp/hard\libc_nano.a(libc_a-memset.o)
 .debug_frame   0x00000000000053e8       0x2c C:/ST/STM32CubeIDE_1.13.2/STM32CubeIDE/plugins/com.st.stm32cube.ide.mcu.externaltools.gnu-tools-for-stm32.11.3.rel1.win32_1.1.1.202309131626/tools/bin/../lib/gcc/arm-none-eabi/11.3.1/../../../../arm-none-eabi/lib/thumb/v7e-m+fp/hard\libc_nano.a(libc_a-init.o)
 .debug_frame   0x0000000000005414       0x2c C:/ST/STM32CubeIDE_1.13.2/STM32CubeIDE/plugins/com.st.stm32cube.ide.mcu.externaltools.gnu-tools-for-stm32.11.3.rel1.win32_1.1.1.202309131626/tools/bin/../lib/gcc/arm-none-eabi/11.3.1/thumb/v7e-m+fp/hard\libgcc.a(_aeabi_uldivmod.o)
 .debug_frame   0x0000000000005440       0x34 C:/ST/STM32CubeIDE_1.13.2/STM32CubeIDE/plugins/com.st.stm32cube.ide.mcu.externaltools.gnu-tools-for-stm32.11.3.rel1.win32_1.1.1.202309131626/tools/bin/../lib/gcc/arm-none-eabi/11.3.1/thumb/v7e-m+fp/hard\libgcc.a(_udivmoddi4.o)

.debug_line_str
                0x0000000000000000       0x61
 .debug_line_str
                0x0000000000000000       0x61 ./Core/Startup/startup_stm32l4s9zijx.o
                                         0x79 (size before relaxing)
