Archive member included to satisfy reference by file (symbol)

C:/ST/STM32CubeIDE_1.13.2/STM32CubeIDE/plugins/com.st.stm32cube.ide.mcu.externaltools.gnu-tools-for-stm32.11.3.rel1.win32_1.1.1.202309131626/tools/bin/../lib/gcc/arm-none-eabi/11.3.1/../../../../arm-none-eabi/lib/thumb/v7e-m+fp/hard\libc_nano.a(libc_a-exit.o)
                              C:/ST/STM32CubeIDE_1.13.2/STM32CubeIDE/plugins/com.st.stm32cube.ide.mcu.externaltools.gnu-tools-for-stm32.11.3.rel1.win32_1.1.1.202309131626/tools/bin/../lib/gcc/arm-none-eabi/11.3.1/../../../../arm-none-eabi/lib/thumb/v7e-m+fp/hard/crt0.o (exit)
C:/ST/STM32CubeIDE_1.13.2/STM32CubeIDE/plugins/com.st.stm32cube.ide.mcu.externaltools.gnu-tools-for-stm32.11.3.rel1.win32_1.1.1.202309131626/tools/bin/../lib/gcc/arm-none-eabi/11.3.1/../../../../arm-none-eabi/lib/thumb/v7e-m+fp/hard\libc_nano.a(libc_a-findfp.o)
                              C:/ST/STM32CubeIDE_1.13.2/STM32CubeIDE/plugins/com.st.stm32cube.ide.mcu.externaltools.gnu-tools-for-stm32.11.3.rel1.win32_1.1.1.202309131626/tools/bin/../lib/gcc/arm-none-eabi/11.3.1/../../../../arm-none-eabi/lib/thumb/v7e-m+fp/hard\libc_nano.a(libc_a-exit.o) (__stdio_exit_handler)
C:/ST/STM32CubeIDE_1.13.2/STM32CubeIDE/plugins/com.st.stm32cube.ide.mcu.externaltools.gnu-tools-for-stm32.11.3.rel1.win32_1.1.1.202309131626/tools/bin/../lib/gcc/arm-none-eabi/11.3.1/../../../../arm-none-eabi/lib/thumb/v7e-m+fp/hard\libc_nano.a(libc_a-fwalk.o)
                              C:/ST/STM32CubeIDE_1.13.2/STM32CubeIDE/plugins/com.st.stm32cube.ide.mcu.externaltools.gnu-tools-for-stm32.11.3.rel1.win32_1.1.1.202309131626/tools/bin/../lib/gcc/arm-none-eabi/11.3.1/../../../../arm-none-eabi/lib/thumb/v7e-m+fp/hard\libc_nano.a(libc_a-findfp.o) (_fwalk_sglue)
C:/ST/STM32CubeIDE_1.13.2/STM32CubeIDE/plugins/com.st.stm32cube.ide.mcu.externaltools.gnu-tools-for-stm32.11.3.rel1.win32_1.1.1.202309131626/tools/bin/../lib/gcc/arm-none-eabi/11.3.1/../../../../arm-none-eabi/lib/thumb/v7e-m+fp/hard\libc_nano.a(libc_a-stdio.o)
                              C:/ST/STM32CubeIDE_1.13.2/STM32CubeIDE/plugins/com.st.stm32cube.ide.mcu.externaltools.gnu-tools-for-stm32.11.3.rel1.win32_1.1.1.202309131626/tools/bin/../lib/gcc/arm-none-eabi/11.3.1/../../../../arm-none-eabi/lib/thumb/v7e-m+fp/hard\libc_nano.a(libc_a-findfp.o) (__sread)
C:/ST/STM32CubeIDE_1.13.2/STM32CubeIDE/plugins/com.st.stm32cube.ide.mcu.externaltools.gnu-tools-for-stm32.11.3.rel1.win32_1.1.1.202309131626/tools/bin/../lib/gcc/arm-none-eabi/11.3.1/../../../../arm-none-eabi/lib/thumb/v7e-m+fp/hard\libc_nano.a(libc_a-memset.o)
                              C:/ST/STM32CubeIDE_1.13.2/STM32CubeIDE/plugins/com.st.stm32cube.ide.mcu.externaltools.gnu-tools-for-stm32.11.3.rel1.win32_1.1.1.202309131626/tools/bin/../lib/gcc/arm-none-eabi/11.3.1/../../../../arm-none-eabi/lib/thumb/v7e-m+fp/hard/crt0.o (memset)
C:/ST/STM32CubeIDE_1.13.2/STM32CubeIDE/plugins/com.st.stm32cube.ide.mcu.externaltools.gnu-tools-for-stm32.11.3.rel1.win32_1.1.1.202309131626/tools/bin/../lib/gcc/arm-none-eabi/11.3.1/../../../../arm-none-eabi/lib/thumb/v7e-m+fp/hard\libc_nano.a(libc_a-closer.o)
                              C:/ST/STM32CubeIDE_1.13.2/STM32CubeIDE/plugins/com.st.stm32cube.ide.mcu.externaltools.gnu-tools-for-stm32.11.3.rel1.win32_1.1.1.202309131626/tools/bin/../lib/gcc/arm-none-eabi/11.3.1/../../../../arm-none-eabi/lib/thumb/v7e-m+fp/hard\libc_nano.a(libc_a-stdio.o) (_close_r)
C:/ST/STM32CubeIDE_1.13.2/STM32CubeIDE/plugins/com.st.stm32cube.ide.mcu.externaltools.gnu-tools-for-stm32.11.3.rel1.win32_1.1.1.202309131626/tools/bin/../lib/gcc/arm-none-eabi/11.3.1/../../../../arm-none-eabi/lib/thumb/v7e-m+fp/hard\libc_nano.a(libc_a-reent.o)
                              C:/ST/STM32CubeIDE_1.13.2/STM32CubeIDE/plugins/com.st.stm32cube.ide.mcu.externaltools.gnu-tools-for-stm32.11.3.rel1.win32_1.1.1.202309131626/tools/bin/../lib/gcc/arm-none-eabi/11.3.1/../../../../arm-none-eabi/lib/thumb/v7e-m+fp/hard\libc_nano.a(libc_a-closer.o) (errno)
C:/ST/STM32CubeIDE_1.13.2/STM32CubeIDE/plugins/com.st.stm32cube.ide.mcu.externaltools.gnu-tools-for-stm32.11.3.rel1.win32_1.1.1.202309131626/tools/bin/../lib/gcc/arm-none-eabi/11.3.1/../../../../arm-none-eabi/lib/thumb/v7e-m+fp/hard\libc_nano.a(libc_a-impure.o)
                              C:/ST/STM32CubeIDE_1.13.2/STM32CubeIDE/plugins/com.st.stm32cube.ide.mcu.externaltools.gnu-tools-for-stm32.11.3.rel1.win32_1.1.1.202309131626/tools/bin/../lib/gcc/arm-none-eabi/11.3.1/../../../../arm-none-eabi/lib/thumb/v7e-m+fp/hard\libc_nano.a(libc_a-reent.o) (_impure_ptr)
C:/ST/STM32CubeIDE_1.13.2/STM32CubeIDE/plugins/com.st.stm32cube.ide.mcu.externaltools.gnu-tools-for-stm32.11.3.rel1.win32_1.1.1.202309131626/tools/bin/../lib/gcc/arm-none-eabi/11.3.1/../../../../arm-none-eabi/lib/thumb/v7e-m+fp/hard\libc_nano.a(libc_a-lseekr.o)
[...]
Memory Configuration

Name             Origin             Length             Attributes
RAM              0x0000000020000000 0x00000000000a0000 xrw
RAM2             0x0000000010000000 0x0000000000010000 xrw
RAM3             0x0000000020040000 0x0000000000060000 xrw
FLASH            0x0000000008000000 0x0000000000200000 xr
*default*        0x0000000000000000 0xffffffffffffffff

Linker script and memory map

LOAD C:/ST/STM32CubeIDE_1.13.2/STM32CubeIDE/plugins/com.st.stm32cube.ide.mcu.externaltools.gnu-tools-for-stm32.11.3.rel1.win32_1.1.1.202309131626/tools/bin/../lib/gcc/arm-none-eabi/11.3.1/thumb/v7e-m+fp/hard/crti.o
LOAD C:/ST/STM32CubeIDE_1.13.2/STM32CubeIDE/plugins/com.st.stm32cube.ide.mcu.externaltools.gnu-tools-for-stm32.11.3.rel1.win32_1.1.1.202309131626/tools/bin/../lib/gcc/arm-none-eabi/11.3.1/thumb/v7e-m+fp/hard/crtbegin.o
LOAD C:/ST/STM32CubeIDE_1.13.2/STM32CubeIDE/plugins/com.st.stm32cube.ide.mcu.externaltools.gnu-tools-for-stm32.11.3.rel1.win32_1.1.1.202309131626/tools/bin/../lib/gcc/arm-none-eabi/11.3.1/../../../../arm-none-eabi/lib/thumb/v7e-m+fp/hard/crt0.o
LOAD ./Core/Src/main.o
LOAD ./Core/Src/stm32l4xx_hal_msp.o
LOAD ./Core/Src/stm32l4xx_it.o
LOAD ./Core/Src/syscalls.o
LOAD ./Core/Src/sysmem.o
LOAD ./Core/Src/system_stm32l4xx.o
LOAD ./Core/Startup/startup_stm32l4s9zijx.o
LOAD ./Drivers/STM32L4xx_HAL_Driver/Src/stm32l4xx_hal.o
LOAD ./Drivers/STM32L4xx_HAL_Driver/Src/stm32l4xx_hal_cortex.o
LOAD ./Drivers/STM32L4xx_HAL_Driver/Src/stm32l4xx_hal_dma.o
LOAD ./Drivers/STM32L4xx_HAL_Driver/Src/stm32l4xx_hal_dma_ex.o
LOAD ./Drivers/STM32L4xx_HAL_Driver/Src/stm32l4xx_hal_dsi.o
LOAD ./Drivers/STM32L4xx_HAL_Driver/Src/stm32l4xx_hal_exti.o
LOAD ./Drivers/STM32L4xx_HAL_Driver/Src/stm32l4xx_hal_flash.o
LOAD ./Drivers/STM32L4xx_HAL_Driver/Src/stm32l4xx_hal_flash_ex.o
LOAD ./Drivers/STM32L4xx_HAL_Driver/Src/stm32l4xx_hal_flash_ramfunc.o
LOAD ./Drivers/STM32L4xx_HAL_Driver/Src/stm32l4xx_hal_gpio.o
LOAD ./Drivers/STM32L4xx_HAL_Driver/Src/stm32l4xx_hal_i2c.o
LOAD ./Drivers/STM32L4xx_HAL_Driver/Src/stm32l4xx_hal_i2c_ex.o
LOAD ./Drivers/STM32L4xx_HAL_Driver/Src/stm32l4xx_hal_ltdc.o
LOAD ./Drivers/STM32L4xx_HAL_Driver/Src/stm32l4xx_hal_ltdc_ex.o
LOAD ./Drivers/STM32L4xx_HAL_Driver/Src/stm32l4xx_hal_ospi.o
LOAD ./Drivers/STM32L4xx_HAL_Driver/Src/stm32l4xx_hal_pwr.o
LOAD ./Drivers/STM32L4xx_HAL_Driver/Src/stm32l4xx_hal_pwr_ex.o
LOAD ./Drivers/STM32L4xx_HAL_Driver/Src/stm32l4xx_hal_rcc.o
LOAD ./Drivers/STM32L4xx_HAL_Driver/Src/stm32l4xx_hal_rcc_ex.o
LOAD ./Drivers/STM32L4xx_HAL_Driver/Src/stm32l4xx_hal_spi.o
LOAD ./Drivers/STM32L4xx_HAL_Driver/Src/stm32l4xx_hal_spi_ex.o
LOAD ./Drivers/STM32L4xx_HAL_Driver/Src/stm32l4xx_hal_uart.o
LOAD ./Drivers/STM32L4xx_HAL_Driver/Src/stm32l4xx_hal_uart_ex.o
START GROUP
LOAD C:/ST/STM32CubeIDE_1.13.2/STM32CubeIDE/plugins/com.st.stm32cube.ide.mcu.externaltools.gnu-tools-for-stm32.11.3.rel1.win32_1.1.1.202309131626/tools/bin/../lib/gcc/arm-none-eabi/11.3.1/../../../../arm-none-eabi/lib/thumb/v7e-m+fp/hard\libc_nano.a
LOAD C:/ST/STM32CubeIDE_1.13.2/STM32CubeIDE/plugins/com.st.stm32cube.ide.mcu.externaltools.gnu-tools-for-stm32.11.3.rel1.win32_1.1.1.202309131626/tools/bin/../lib/gcc/arm-none-eabi/11.3.1/../../../../arm-none-eabi/lib/thumb/v7e-m+fp/hard\libm.a
END GROUP
START GROUP
LOAD C:/ST/STM32CubeIDE_1.13.2/STM32CubeIDE/plugins/com.st.stm32cube.ide.mcu.externaltools.gnu-tools-for-stm32.11.3.rel1.win32_1.1.1.202309131626/tools/bin/../lib/gcc/arm-none-eabi/11.3.1/thumb/v7e-m+fp/hard\libgcc.a
LOAD C:/ST/STM32CubeIDE_1.13.2/STM32CubeIDE/plugins/com.st.stm32cube.ide.mcu.externaltools.gnu-tools-for-stm32.11.3.rel1.win32_1.1.1.202309131626/tools/bin/../lib/gcc/arm-none-eabi/11.3.1/../../../../arm-none-eabi/lib/thumb/v7e-m+fp/hard\libc_nano.a
END GROUP
START GROUP
LOAD C:/ST/STM32CubeIDE_1.13.2/STM32CubeIDE/plugins/com.st.stm32cube.ide.mcu.externaltools.gnu-tools-for-stm32.11.3.rel1.win32_1.1.1.202309131626/tools/bin/../lib/gcc/arm-none-eabi/11.3.1/thumb/v7e-m+fp/hard\libgcc.a
LOAD C:/ST/STM32CubeIDE_1.13.2/STM32CubeIDE/plugins/com.st.stm32cube.ide.mcu.externaltools.gnu-tools-for-stm32.11.3.rel1.win32_1.1.1.202309131626/tools/bin/../lib/gcc/arm-none-eabi/11.3.1/../../../../arm-none-eabi/lib/thumb/v7e-m+fp/hard\libc_nano.a
LOAD C:/ST/STM32CubeIDE_1.13.2/STM32CubeIDE/plugins/com.st.stm32cube.ide.mcu.externaltools.gnu-tools-for-stm32.11.3.rel1.win32_1.1.1.202309131626/tools/bin/../lib/gcc/arm-none-eabi/11.3.1/../../../../arm-none-eabi/lib/thumb/v7e-m+fp/hard\libnosys.a
END GROUP
START GROUP
LOAD C:/ST/STM32CubeIDE_1.13.2/STM32CubeIDE/plugins/com.st.stm32cube.ide.mcu.externaltools.gnu-tools-for-stm32.11.3.rel1.win32_1.1.1.202309131626/tools/bin/../lib/gcc/arm-none-eabi/11.3.1/thumb/v7e-m+fp/hard\libgcc.a
LOAD C:/ST/STM32CubeIDE_1.13.2/STM32CubeIDE/plugins/com.st.stm32cube.ide.mcu.externaltools.gnu-tools-for-stm32.11.3.rel1.win32_1.1.1.202309131626/tools/bin/../lib/gcc/arm-none-eabi/11.3.1/../../../../arm-none-eabi/lib/thumb/v7e-m+fp/hard\libc_nano.a
LOAD C:/ST/STM32CubeIDE_1.13.2/STM32CubeIDE/plugins/com.st.stm32cube.ide.mcu.externaltools.gnu-tools-for-stm32.11.3.rel1.win32_1.1.1.202309131626/tools/bin/../lib/gcc/arm-none-eabi/11.3.1/../../../../arm-none-eabi/lib/thumb/v7e-m+fp/hard\libnosys.a
END GROUP
LOAD C:/ST/STM32CubeIDE_1.13.2/STM32CubeIDE/plugins/com.st.stm32cube.ide.mcu.externaltools.gnu-tools-for-stm32.11.3.rel1.win32_1.1.1.202309131626/tools/bin/../lib/gcc/arm-none-eabi/11.3.1/thumb/v7e-m+fp/hard/crtend.o
LOAD C:/ST/STM32CubeIDE_1.13.2/STM32CubeIDE/plugins/com.st.stm32cube.ide.mcu.externaltools.gnu-tools-for-stm32.11.3.rel1.win32_1.1.1.202309131626/tools/bin/../lib/gcc/arm-none-eabi/11.3.1/thumb/v7e-m+fp/hard/crtn.o
                0x00000000200a0000                _estack = (ORIGIN (RAM) + LENGTH (RAM))
                0x0000000000000200                _Min_Heap_Size = 0x200
                0x0000000000000400                _Min_Stack_Size = 0x400

.isr_vector     0x0000000008000000      0x1bc
                0x0000000008000000                . = ALIGN (0x4)
 *(.isr_vector)
 .isr_vector    0x0000000008000000      0x1bc ./Core/Startup/startup_stm32l4s9zijx.o
                0x0000000008000000                g_pfnVectors
                0x00000000080001bc                . = ALIGN (0x4)

.text           0x00000000080001bc     0x8ffc
                0x00000000080001bc                . = ALIGN (0x4)
 *(.text)
 .text          0x00000000080001bc       0x40 C:/ST/STM32CubeIDE_1.13.2/STM32CubeIDE/plugins/com.st.stm32cube.ide.mcu.externaltools.gnu-tools-for-stm32.11.3.rel1.win32_1.1.1.202309131626/tools/bin/../lib/gcc/arm-none-eabi/11.3.1/thumb/v7e-m+fp/hard/crtbegin.o
 .text          0x00000000080001fc       0x30 C:/ST/STM32CubeIDE_1.13.2/STM32CubeIDE/plugins/com.st.stm32cube.ide.mcu.externaltools.gnu-tools-for-stm32.11.3.rel1.win32_1.1.1.202309131626/tools/bin/../lib/gcc/arm-none-eabi/11.3.1/thumb/v7e-m+fp/hard\libgcc.a(_aeabi_uldivmod.o)
                0x00000000080001fc                __aeabi_uldivmod
 .text          0x000000000800022c      0x2c8 C:/ST/STM32CubeIDE_1.13.2/STM32CubeIDE/plugins/com.st.stm32cube.ide.mcu.externaltools.gnu-tools-for-stm32.11.3.rel1.win32_1.1.1.202309131626/tools/bin/../lib/gcc/arm-none-eabi/11.3.1/thumb/v7e-m+fp/hard\libgcc.a(_udivmoddi4.o)
                0x000000000800022c                __udivmoddi4
 .text          0x00000000080004f4        0x4 C:/ST/STM32CubeIDE_1.13.2/STM32CubeIDE/plugins/com.st.stm32cube.ide.mcu.externaltools.gnu-tools-for-stm32.11.3.rel1.win32_1.1.1.202309131626/tools/bin/../lib/gcc/arm-none-eabi/11.3.1/thumb/v7e-m+fp/hard\libgcc.a(_dvmd_tls.o)
                0x00000000080004f4                __aeabi_idiv0
                0x00000000080004f4                __aeabi_ldiv0
 *(.text*)
 .text.main     0x00000000080004f8      0x3b4 ./Core/Src/main.o
                0x00000000080004f8                main
 .text.SystemClock_Config
                0x00000000080008ac       0x9c ./Core/Src/main.o
                0x00000000080008ac                SystemClock_Config
 .text.MX_DSIHOST_DSI_Init
                0x0000000008000948      0x1d8 ./Core/Src/main.o
 .text.MX_I2C1_Init
                0x0000000008000b20       0x80 ./Core/Src/main.o
 .text.MX_I2C2_Init
                0x0000000008000ba0       0x80 ./Core/Src/main.o
 .text.MX_LTDC_Init
                0x0000000008000c20      0x100 ./Core/Src/main.o
 .text.MX_OCTOSPI2_Init
                0x0000000008000d20       0xac ./Core/Src/main.o
 .text.MX_SPI1_Init
                0x0000000008000dcc       0x7c ./Core/Src/main.o
 .text.MX_SPI2_Init
                0x0000000008000e48       0x74 ./Core/Src/main.o
 .text.MX_SPI3_Init
                0x0000000008000ebc       0x70 ./Core/Src/main.o
 .text.MX_UART4_Init
                0x0000000008000f2c       0x98 ./Core/Src/main.o
 .text.MX_GPIO_Init
                0x0000000008000fc4      0x2c0 ./Core/Src/main.o
 .text.mipi_config
                0x0000000008001284      0x418 ./Core/Src/main.o
 .text.SPI_master2slave
                0x000000000800169c       0x64 ./Core/Src/main.o
 .text.Write_Registers_data
                0x0000000008001700      0x124 ./Core/Src/main.o
 .text.LCD_PowerOn
                0x0000000008001824       0x30 ./Core/Src/main.o
 .text.delay_us
                0x0000000008001854       0x36 ./Core/Src/main.o
                0x0000000008001854                delay_us
 .text.delay_100ns
                0x000000000800188a       0x36 ./Core/Src/main.o
                0x000000000800188a                delay_100ns
 .text.HAL_GPIO_EXTI_Callback
                0x00000000080018c0       0xe8 ./Core/Src/main.o
                0x00000000080018c0                HAL_GPIO_EXTI_Callback
 .text.HAL_SPI_RxCpltCallback
                0x00000000080019a8      0x664 ./Core/Src/main.o
                0x00000000080019a8                HAL_SPI_RxCpltCallback
 .text.FLASH_WriteByte
                0x000000000800200c       0x6c ./Core/Src/main.o
                0x000000000800200c                FLASH_WriteByte
 .text.FLASH_ReadByte
                0x0000000008002078       0x70 ./Core/Src/main.o
                0x0000000008002078                FLASH_ReadByte
 .text.write_flash_page
                0x00000000080020e8       0xf4 ./Core/Src/main.o
                0x00000000080020e8                write_flash_page
 .text.read_flash_page
                0x00000000080021dc       0xb0 ./Core/Src/main.o
                0x00000000080021dc                read_flash_page
 .text.erase_flash_sector
                0x000000000800228c      0x130 ./Core/Src/main.o
                0x000000000800228c                erase_flash_sector
 .text.reset_flash_software
                0x00000000080023bc       0x5c ./Core/Src/main.o
                0x00000000080023bc                reset_flash_software
 .text.Error_Handler
                0x0000000008002418        0xa ./Core/Src/main.o
                0x0000000008002418                Error_Handler
 *fill*         0x0000000008002422        0x2 
 .text.HAL_MspInit
                0x0000000008002424       0x48 ./Core/Src/stm32l4xx_hal_msp.o
                0x0000000008002424                HAL_MspInit
 .text.HAL_DSI_MspInit
                0x000000000800246c       0x68 ./Core/Src/stm32l4xx_hal_msp.o
                0x000000000800246c                HAL_DSI_MspInit
 .text.HAL_I2C_MspInit
                0x00000000080024d4      0x144 ./Core/Src/stm32l4xx_hal_msp.o
                0x00000000080024d4                HAL_I2C_MspInit
 .text.HAL_LTDC_MspInit
                0x0000000008002618       0x88 ./Core/Src/stm32l4xx_hal_msp.o
                0x0000000008002618                HAL_LTDC_MspInit
 .text.HAL_OSPI_MspInit
                0x00000000080026a0      0x11c ./Core/Src/stm32l4xx_hal_msp.o
                0x00000000080026a0                HAL_OSPI_MspInit
 .text.HAL_SPI_MspInit
                0x00000000080027bc      0x250 ./Core/Src/stm32l4xx_hal_msp.o
                0x00000000080027bc                HAL_SPI_MspInit
 .text.HAL_UART_MspInit
                0x0000000008002a0c       0xb8 ./Core/Src/stm32l4xx_hal_msp.o
                0x0000000008002a0c                HAL_UART_MspInit
 .text.NMI_Handler
                0x0000000008002ac4        0x6 ./Core/Src/stm32l4xx_it.o
                0x0000000008002ac4                NMI_Handler
 .text.HardFault_Handler
                0x0000000008002aca        0x6 ./Core/Src/stm32l4xx_it.o
                0x0000000008002aca                HardFault_Handler
 .text.MemManage_Handler
                0x0000000008002ad0        0x6 ./Core/Src/stm32l4xx_it.o
                0x0000000008002ad0                MemManage_Handler
 .text.BusFault_Handler
                0x0000000008002ad6        0x6 ./Core/Src/stm32l4xx_it.o
                0x0000000008002ad6                BusFault_Handler
 .text.UsageFault_Handler
                0x0000000008002adc        0x6 ./Core/Src/stm32l4xx_it.o
                0x0000000008002adc                UsageFault_Handler
 .text.SVC_Handler
                0x0000000008002ae2        0xe ./Core/Src/stm32l4xx_it.o
                0x0000000008002ae2                SVC_Handler
 .text.DebugMon_Handler
                0x0000000008002af0        0xe ./Core/Src/stm32l4xx_it.o
                0x0000000008002af0                DebugMon_Handler
 .text.PendSV_Handler
                0x0000000008002afe        0xe ./Core/Src/stm32l4xx_it.o
                0x0000000008002afe                PendSV_Handler
 .text.SysTick_Handler
                0x0000000008002b0c        0xc ./Core/Src/stm32l4xx_it.o
                0x0000000008002b0c                SysTick_Handler
 .text.EXTI15_10_IRQHandler
                0x0000000008002b18       0x10 ./Core/Src/stm32l4xx_it.o
                0x0000000008002b18                EXTI15_10_IRQHandler
 .text.SPI3_IRQHandler
                0x0000000008002b28       0x14 ./Core/Src/stm32l4xx_it.o
                0x0000000008002b28                SPI3_IRQHandler
 .text.SystemInit
                0x0000000008002b3c       0x24 ./Core/Src/system_stm32l4xx.o
                0x0000000008002b3c                SystemInit
 .text.Reset_Handler
                0x0000000008002b60       0x50 ./Core/Startup/startup_stm32l4s9zijx.o
                0x0000000008002b60                Reset_Handler
 .text.Default_Handler
                0x0000000008002bb0        0x2 ./Core/Startup/startup_stm32l4s9zijx.o
                0x0000000008002bb0                RTC_Alarm_IRQHandler
                0x0000000008002bb0                EXTI2_IRQHandler
                0x0000000008002bb0                TIM8_TRG_COM_IRQHandler
                0x0000000008002bb0                TIM8_CC_IRQHandler
                0x0000000008002bb0                TIM1_CC_IRQHandler
                0x0000000008002bb0                TSC_IRQHandler
                0x0000000008002bb0                TAMP_STAMP_IRQHandler
                0x0000000008002bb0                EXTI3_IRQHandler
                0x0000000008002bb0                LPTIM2_IRQHandler
                0x0000000008002bb0                DFSDM1_FLT1_IRQHandler
                0x0000000008002bb0                GFXMMU_IRQHandler
                0x0000000008002bb0                I2C3_ER_IRQHandler
                0x0000000008002bb0                DFSDM1_FLT2_IRQHandler
                0x0000000008002bb0                EXTI0_IRQHandler
                0x0000000008002bb0                I2C2_EV_IRQHandler
                0x0000000008002bb0                CAN1_RX0_IRQHandler
                0x0000000008002bb0                FPU_IRQHandler
                0x0000000008002bb0                TIM1_UP_TIM16_IRQHandler
                0x0000000008002bb0                LTDC_ER_IRQHandler
                0x0000000008002bb0                SPI1_IRQHandler
                0x0000000008002bb0                OCTOSPI1_IRQHandler
                0x0000000008002bb0                TIM6_DAC_IRQHandler
                0x0000000008002bb0                DCMI_IRQHandler
                0x0000000008002bb0                TIM8_UP_IRQHandler
                0x0000000008002bb0                OCTOSPI2_IRQHandler
                0x0000000008002bb0                DMA2_Channel2_IRQHandler
                0x0000000008002bb0                DMA1_Channel4_IRQHandler
                0x0000000008002bb0                SAI2_IRQHandler
                0x0000000008002bb0                ADC1_IRQHandler
                0x0000000008002bb0                DFSDM1_FLT3_IRQHandler
                0x0000000008002bb0                USART3_IRQHandler
                0x0000000008002bb0                DMA1_Channel7_IRQHandler
                0x0000000008002bb0                CAN1_RX1_IRQHandler
                0x0000000008002bb0                UART5_IRQHandler
                0x0000000008002bb0                TIM4_IRQHandler
                0x0000000008002bb0                DMA2_Channel1_IRQHandler
                0x0000000008002bb0                I2C1_EV_IRQHandler
                0x0000000008002bb0                DMAMUX1_OVR_IRQHandler
                0x0000000008002bb0                DMA1_Channel6_IRQHandler
                0x0000000008002bb0                UART4_IRQHandler
                0x0000000008002bb0                DMA2_Channel4_IRQHandler
                0x0000000008002bb0                TIM3_IRQHandler
                0x0000000008002bb0                RCC_IRQHandler
                0x0000000008002bb0                DMA1_Channel1_IRQHandler
                0x0000000008002bb0                Default_Handler
                0x0000000008002bb0                DMA2_Channel7_IRQHandler
                0x0000000008002bb0                TIM7_IRQHandler
                0x0000000008002bb0                SDMMC1_IRQHandler
                0x0000000008002bb0                TIM5_IRQHandler
                0x0000000008002bb0                I2C3_EV_IRQHandler
                0x0000000008002bb0                EXTI9_5_IRQHandler
                0x0000000008002bb0                RTC_WKUP_IRQHandler
                0x0000000008002bb0                LTDC_IRQHandler
                0x0000000008002bb0                PVD_PVM_IRQHandler
                0x0000000008002bb0                SPI2_IRQHandler
                0x0000000008002bb0                CAN1_TX_IRQHandler
                0x0000000008002bb0                DMA2_Channel5_IRQHandler
                0x0000000008002bb0                DMA1_Channel5_IRQHandler
                0x0000000008002bb0                EXTI4_IRQHandler
                0x0000000008002bb0                RNG_IRQHandler
                0x0000000008002bb0                TIM1_TRG_COM_TIM17_IRQHandler
                0x0000000008002bb0                DMA1_Channel3_IRQHandler
                0x0000000008002bb0                COMP_IRQHandler
                0x0000000008002bb0                DSI_IRQHandler
                0x0000000008002bb0                HASH_CRS_IRQHandler
                0x0000000008002bb0                WWDG_IRQHandler
                0x0000000008002bb0                I2C4_EV_IRQHandler
                0x0000000008002bb0                LPUART1_IRQHandler
                0x0000000008002bb0                DMA2_Channel6_IRQHandler
                0x0000000008002bb0                TIM2_IRQHandler
                0x0000000008002bb0                DMA2D_IRQHandler
                0x0000000008002bb0                EXTI1_IRQHandler
                0x0000000008002bb0                AES_IRQHandler
                0x0000000008002bb0                USART2_IRQHandler
                0x0000000008002bb0                DFSDM1_FLT0_IRQHandler
                0x0000000008002bb0                I2C2_ER_IRQHandler
                0x0000000008002bb0                DMA1_Channel2_IRQHandler
                0x0000000008002bb0                TIM8_BRK_IRQHandler
                0x0000000008002bb0                CAN1_SCE_IRQHandler
                0x0000000008002bb0                FLASH_IRQHandler
                0x0000000008002bb0                USART1_IRQHandler
                0x0000000008002bb0                OTG_FS_IRQHandler
                0x0000000008002bb0                I2C1_ER_IRQHandler
                0x0000000008002bb0                FMC_IRQHandler
                0x0000000008002bb0                LPTIM1_IRQHandler
                0x0000000008002bb0                I2C4_ER_IRQHandler
                0x0000000008002bb0                SAI1_IRQHandler
                0x0000000008002bb0                DMA2_Channel3_IRQHandler
                0x0000000008002bb0                TIM1_BRK_TIM15_IRQHandler
 *fill*         0x0000000008002bb2        0x2 
 .text.HAL_Init
                0x0000000008002bb4       0x40 ./Drivers/STM32L4xx_HAL_Driver/Src/stm32l4xx_hal.o
                0x0000000008002bb4                HAL_Init
 .text.HAL_InitTick
                0x0000000008002bf4       0x78 ./Drivers/STM32L4xx_HAL_Driver/Src/stm32l4xx_hal.o
                0x0000000008002bf4                HAL_InitTick
 .text.HAL_IncTick
                0x0000000008002c6c       0x28 ./Drivers/STM32L4xx_HAL_Driver/Src/stm32l4xx_hal.o
                0x0000000008002c6c                HAL_IncTick
 .text.HAL_GetTick
                0x0000000008002c94       0x18 ./Drivers/STM32L4xx_HAL_Driver/Src/stm32l4xx_hal.o
                0x0000000008002c94                HAL_GetTick
 .text.HAL_Delay
                0x0000000008002cac       0x48 ./Drivers/STM32L4xx_HAL_Driver/Src/stm32l4xx_hal.o
                0x0000000008002cac                HAL_Delay
 .text.__NVIC_SetPriorityGrouping
                0x0000000008002cf4       0x48 ./Drivers/STM32L4xx_HAL_Driver/Src/stm32l4xx_hal_cortex.o
 .text.__NVIC_GetPriorityGrouping
                0x0000000008002d3c       0x1c ./Drivers/STM32L4xx_HAL_Driver/Src/stm32l4xx_hal_cortex.o
 .text.__NVIC_EnableIRQ
                0x0000000008002d58       0x3c ./Drivers/STM32L4xx_HAL_Driver/Src/stm32l4xx_hal_cortex.o
 .text.__NVIC_SetPriority
                0x0000000008002d94       0x54 ./Drivers/STM32L4xx_HAL_Driver/Src/stm32l4xx_hal_cortex.o
 .text.NVIC_EncodePriority
                0x0000000008002de8       0x66 ./Drivers/STM32L4xx_HAL_Driver/Src/stm32l4xx_hal_cortex.o
 *fill*         0x0000000008002e4e        0x2 
 .text.SysTick_Config
                0x0000000008002e50       0x44 ./Drivers/STM32L4xx_HAL_Driver/Src/stm32l4xx_hal_cortex.o
 .text.HAL_NVIC_SetPriorityGrouping
                0x0000000008002e94       0x16 ./Drivers/STM32L4xx_HAL_Driver/Src/stm32l4xx_hal_cortex.o
                0x0000000008002e94                HAL_NVIC_SetPriorityGrouping
 .text.HAL_NVIC_SetPriority
                0x0000000008002eaa       0x38 ./Drivers/STM32L4xx_HAL_Driver/Src/stm32l4xx_hal_cortex.o
                0x0000000008002eaa                HAL_NVIC_SetPriority
 .text.HAL_NVIC_EnableIRQ
                0x0000000008002ee2       0x1c ./Drivers/STM32L4xx_HAL_Driver/Src/stm32l4xx_hal_cortex.o
                0x0000000008002ee2                HAL_NVIC_EnableIRQ
 .text.HAL_SYSTICK_Config
                0x0000000008002efe       0x18 ./Drivers/STM32L4xx_HAL_Driver/Src/stm32l4xx_hal_cortex.o
                0x0000000008002efe                HAL_SYSTICK_Config
 .text.HAL_DMA_Abort_IT
                0x0000000008002f16       0xbe ./Drivers/STM32L4xx_HAL_Driver/Src/stm32l4xx_hal_dma.o
                0x0000000008002f16                HAL_DMA_Abort_IT
 .text.DSI_ConfigPacketHeader
                0x0000000008002fd4       0x32 ./Drivers/STM32L4xx_HAL_Driver/Src/stm32l4xx_hal_dsi.o
 .text.DSI_ShortWrite
                0x0000000008003006       0x5e ./Drivers/STM32L4xx_HAL_Driver/Src/stm32l4xx_hal_dsi.o
 .text.HAL_DSI_Init
                0x0000000008003064      0x238 ./Drivers/STM32L4xx_HAL_Driver/Src/stm32l4xx_hal_dsi.o
                0x0000000008003064                HAL_DSI_Init
 .text.HAL_DSI_ConfigErrorMonitor
                0x000000000800329c      0x17a ./Drivers/STM32L4xx_HAL_Driver/Src/stm32l4xx_hal_dsi.o
                0x000000000800329c                HAL_DSI_ConfigErrorMonitor
 .text.HAL_DSI_SetGenericVCID
                0x0000000008003416       0x50 ./Drivers/STM32L4xx_HAL_Driver/Src/stm32l4xx_hal_dsi.o
                0x0000000008003416                HAL_DSI_SetGenericVCID
 .text.HAL_DSI_ConfigVideoMode
                0x0000000008003466      0x410 ./Drivers/STM32L4xx_HAL_Driver/Src/stm32l4xx_hal_dsi.o
                0x0000000008003466                HAL_DSI_ConfigVideoMode
 .text.HAL_DSI_ConfigPhyTimer
                0x0000000008003876       0xd4 ./Drivers/STM32L4xx_HAL_Driver/Src/stm32l4xx_hal_dsi.o
                0x0000000008003876                HAL_DSI_ConfigPhyTimer
 .text.HAL_DSI_ConfigHostTimeouts
                0x000000000800394a      0x18c ./Drivers/STM32L4xx_HAL_Driver/Src/stm32l4xx_hal_dsi.o
                0x000000000800394a                HAL_DSI_ConfigHostTimeouts
 .text.HAL_DSI_Start
                0x0000000008003ad6       0x78 ./Drivers/STM32L4xx_HAL_Driver/Src/stm32l4xx_hal_dsi.o
                0x0000000008003ad6                HAL_DSI_Start
 .text.HAL_DSI_ShortWrite
                0x0000000008003b4e       0x44 ./Drivers/STM32L4xx_HAL_Driver/Src/stm32l4xx_hal_dsi.o
                0x0000000008003b4e                HAL_DSI_ShortWrite
 .text.HAL_DSI_LongWrite
                0x0000000008003b92      0x130 ./Drivers/STM32L4xx_HAL_Driver/Src/stm32l4xx_hal_dsi.o
                0x0000000008003b92                HAL_DSI_LongWrite
 .text.HAL_DSI_SetLowPowerRXFilter
                0x0000000008003cc2       0x5a ./Drivers/STM32L4xx_HAL_Driver/Src/stm32l4xx_hal_dsi.o
                0x0000000008003cc2                HAL_DSI_SetLowPowerRXFilter
 .text.HAL_GPIO_Init
                0x0000000008003d1c      0x324 ./Drivers/STM32L4xx_HAL_Driver/Src/stm32l4xx_hal_gpio.o
                0x0000000008003d1c                HAL_GPIO_Init
 .text.HAL_GPIO_ReadPin
                0x0000000008004040       0x30 ./Drivers/STM32L4xx_HAL_Driver/Src/stm32l4xx_hal_gpio.o
                0x0000000008004040                HAL_GPIO_ReadPin
 .text.HAL_GPIO_WritePin
                0x0000000008004070       0x30 ./Drivers/STM32L4xx_HAL_Driver/Src/stm32l4xx_hal_gpio.o
                0x0000000008004070                HAL_GPIO_WritePin
 .text.HAL_GPIO_EXTI_IRQHandler
                0x00000000080040a0       0x30 ./Drivers/STM32L4xx_HAL_Driver/Src/stm32l4xx_hal_gpio.o
                0x00000000080040a0                HAL_GPIO_EXTI_IRQHandler
 .text.HAL_I2C_Init
                0x00000000080040d0      0x136 ./Drivers/STM32L4xx_HAL_Driver/Src/stm32l4xx_hal_i2c.o
                0x00000000080040d0                HAL_I2C_Init
 .text.HAL_I2CEx_ConfigAnalogFilter
                0x0000000008004206       0x96 ./Drivers/STM32L4xx_HAL_Driver/Src/stm32l4xx_hal_i2c_ex.o
                0x0000000008004206                HAL_I2CEx_ConfigAnalogFilter
 .text.HAL_I2CEx_ConfigDigitalFilter
                0x000000000800429c       0x98 ./Drivers/STM32L4xx_HAL_Driver/Src/stm32l4xx_hal_i2c_ex.o
                0x000000000800429c                HAL_I2CEx_ConfigDigitalFilter
 .text.HAL_LTDC_Init
                0x0000000008004334      0x1a0 ./Drivers/STM32L4xx_HAL_Driver/Src/stm32l4xx_hal_ltdc.o
                0x0000000008004334                HAL_LTDC_Init
 .text.HAL_LTDC_ConfigLayer
                0x00000000080044d4       0x7c ./Drivers/STM32L4xx_HAL_Driver/Src/stm32l4xx_hal_ltdc.o
                0x00000000080044d4                HAL_LTDC_ConfigLayer
 .text.LTDC_SetConfig
                0x0000000008004550      0x32e ./Drivers/STM32L4xx_HAL_Driver/Src/stm32l4xx_hal_ltdc.o
 *fill*         0x000000000800487e        0x2 
 .text.HAL_OSPI_Init
                0x0000000008004880      0x154 ./Drivers/STM32L4xx_HAL_Driver/Src/stm32l4xx_hal_ospi.o
                0x0000000008004880                HAL_OSPI_Init
 .text.HAL_OSPI_SetTimeout
                0x00000000080049d4       0x1e ./Drivers/STM32L4xx_HAL_Driver/Src/stm32l4xx_hal_ospi.o
                0x00000000080049d4                HAL_OSPI_SetTimeout
 *fill*         0x00000000080049f2        0x2 
 .text.HAL_OSPIM_Config
                0x00000000080049f4      0x668 ./Drivers/STM32L4xx_HAL_Driver/Src/stm32l4xx_hal_ospi.o
                0x00000000080049f4                HAL_OSPIM_Config
 .text.OSPI_WaitFlagStateUntilTimeout
                0x000000000800505c       0x6e ./Drivers/STM32L4xx_HAL_Driver/Src/stm32l4xx_hal_ospi.o
 *fill*         0x00000000080050ca        0x2 
 .text.OSPIM_GetConfig
                0x00000000080050cc      0x160 ./Drivers/STM32L4xx_HAL_Driver/Src/stm32l4xx_hal_ospi.o
 .text.HAL_PWREx_GetVoltageRange
                0x000000000800522c       0x40 ./Drivers/STM32L4xx_HAL_Driver/Src/stm32l4xx_hal_pwr_ex.o
                0x000000000800522c                HAL_PWREx_GetVoltageRange
 .text.HAL_PWREx_ControlVoltageScaling
                0x000000000800526c      0x148 ./Drivers/STM32L4xx_HAL_Driver/Src/stm32l4xx_hal_pwr_ex.o
                0x000000000800526c                HAL_PWREx_ControlVoltageScaling
 .text.HAL_PWREx_EnableVddIO2
                0x00000000080053b4       0x20 ./Drivers/STM32L4xx_HAL_Driver/Src/stm32l4xx_hal_pwr_ex.o
                0x00000000080053b4                HAL_PWREx_EnableVddIO2
 .text.HAL_RCC_OscConfig
                0x00000000080053d4      0x834 ./Drivers/STM32L4xx_HAL_Driver/Src/stm32l4xx_hal_rcc.o
                0x00000000080053d4                HAL_RCC_OscConfig
 .text.HAL_RCC_ClockConfig
                0x0000000008005c08      0x274 ./Drivers/STM32L4xx_HAL_Driver/Src/stm32l4xx_hal_rcc.o
                0x0000000008005c08                HAL_RCC_ClockConfig
 .text.HAL_RCC_GetSysClockFreq
                0x0000000008005e7c      0x118 ./Drivers/STM32L4xx_HAL_Driver/Src/stm32l4xx_hal_rcc.o
                0x0000000008005e7c                HAL_RCC_GetSysClockFreq
 .text.HAL_RCC_GetHCLKFreq
                0x0000000008005f94       0x18 ./Drivers/STM32L4xx_HAL_Driver/Src/stm32l4xx_hal_rcc.o
                0x0000000008005f94                HAL_RCC_GetHCLKFreq
 .text.HAL_RCC_GetPCLK1Freq
                0x0000000008005fac       0x2c ./Drivers/STM32L4xx_HAL_Driver/Src/stm32l4xx_hal_rcc.o
                0x0000000008005fac                HAL_RCC_GetPCLK1Freq
 .text.HAL_RCC_GetPCLK2Freq
                0x0000000008005fd8       0x2c ./Drivers/STM32L4xx_HAL_Driver/Src/stm32l4xx_hal_rcc.o
                0x0000000008005fd8                HAL_RCC_GetPCLK2Freq
 .text.RCC_SetFlashLatencyFromMSIRange
                0x0000000008006004       0xb4 ./Drivers/STM32L4xx_HAL_Driver/Src/stm32l4xx_hal_rcc.o
 .text.RCC_GetSysClockFreqFromPLLSource
                0x00000000080060b8       0xcc ./Drivers/STM32L4xx_HAL_Driver/Src/stm32l4xx_hal_rcc.o
 .text.HAL_RCCEx_PeriphCLKConfig
                0x0000000008006184      0x720 ./Drivers/STM32L4xx_HAL_Driver/Src/stm32l4xx_hal_rcc_ex.o
                0x0000000008006184                HAL_RCCEx_PeriphCLKConfig
 .text.RCCEx_PLLSAI1_Config
                0x00000000080068a4      0x1e8 ./Drivers/STM32L4xx_HAL_Driver/Src/stm32l4xx_hal_rcc_ex.o
 .text.RCCEx_PLLSAI2_Config
                0x0000000008006a8c      0x1e8 ./Drivers/STM32L4xx_HAL_Driver/Src/stm32l4xx_hal_rcc_ex.o
 .text.HAL_SPI_Init
                0x0000000008006c74      0x146 ./Drivers/STM32L4xx_HAL_Driver/Src/stm32l4xx_hal_spi.o
                0x0000000008006c74                HAL_SPI_Init
 .text.HAL_SPI_Transmit
                0x0000000008006dba      0x2ea ./Drivers/STM32L4xx_HAL_Driver/Src/stm32l4xx_hal_spi.o
                0x0000000008006dba                HAL_SPI_Transmit
 .text.HAL_SPI_Receive
                0x00000000080070a4      0x26e ./Drivers/STM32L4xx_HAL_Driver/Src/stm32l4xx_hal_spi.o
                0x00000000080070a4                HAL_SPI_Receive
 .text.HAL_SPI_TransmitReceive
                0x0000000008007312      0x444 ./Drivers/STM32L4xx_HAL_Driver/Src/stm32l4xx_hal_spi.o
                0x0000000008007312                HAL_SPI_TransmitReceive
 *fill*         0x0000000008007756        0x2 
 .text.HAL_SPI_Receive_IT
                0x0000000008007758      0x15c ./Drivers/STM32L4xx_HAL_Driver/Src/stm32l4xx_hal_spi.o
                0x0000000008007758                HAL_SPI_Receive_IT
 .text.HAL_SPI_TransmitReceive_IT
                0x00000000080078b4      0x15c ./Drivers/STM32L4xx_HAL_Driver/Src/stm32l4xx_hal_spi.o
                0x00000000080078b4                HAL_SPI_TransmitReceive_IT
 .text.HAL_SPI_IRQHandler
                0x0000000008007a10      0x1e8 ./Drivers/STM32L4xx_HAL_Driver/Src/stm32l4xx_hal_spi.o
                0x0000000008007a10                HAL_SPI_IRQHandler
 .text.HAL_SPI_TxRxCpltCallback
                0x0000000008007bf8       0x14 ./Drivers/STM32L4xx_HAL_Driver/Src/stm32l4xx_hal_spi.o
                0x0000000008007bf8                HAL_SPI_TxRxCpltCallback
 .text.HAL_SPI_ErrorCallback
                0x0000000008007c0c       0x14 ./Drivers/STM32L4xx_HAL_Driver/Src/stm32l4xx_hal_spi.o
                0x0000000008007c0c                HAL_SPI_ErrorCallback
 .text.SPI_DMAAbortOnError
                0x0000000008007c20       0x2a ./Drivers/STM32L4xx_HAL_Driver/Src/stm32l4xx_hal_spi.o
 .text.SPI_2linesRxISR_8BIT
                0x0000000008007c4a       0xbe ./Drivers/STM32L4xx_HAL_Driver/Src/stm32l4xx_hal_spi.o
 .text.SPI_2linesTxISR_8BIT
                0x0000000008007d08       0x92 ./Drivers/STM32L4xx_HAL_Driver/Src/stm32l4xx_hal_spi.o
 .text.SPI_2linesRxISR_16BIT
                0x0000000008007d9a       0x66 ./Drivers/STM32L4xx_HAL_Driver/Src/stm32l4xx_hal_spi.o
 .text.SPI_2linesTxISR_16BIT
                0x0000000008007e00       0x60 ./Drivers/STM32L4xx_HAL_Driver/Src/stm32l4xx_hal_spi.o
 .text.SPI_RxISR_8BIT
                0x0000000008007e60       0x50 ./Drivers/STM32L4xx_HAL_Driver/Src/stm32l4xx_hal_spi.o
 .text.SPI_RxISR_16BIT
                0x0000000008007eb0       0x4c ./Drivers/STM32L4xx_HAL_Driver/Src/stm32l4xx_hal_spi.o
 .text.SPI_WaitFlagStateUntilTimeout
                0x0000000008007efc      0x110 ./Drivers/STM32L4xx_HAL_Driver/Src/stm32l4xx_hal_spi.o
 .text.SPI_WaitFifoStateUntilTimeout
                0x000000000800800c      0x12c ./Drivers/STM32L4xx_HAL_Driver/Src/stm32l4xx_hal_spi.o
 .text.SPI_EndRxTransaction
                0x0000000008008138       0xb0 ./Drivers/STM32L4xx_HAL_Driver/Src/stm32l4xx_hal_spi.o
 .text.SPI_EndRxTxTransaction
                0x00000000080081e8       0x8c ./Drivers/STM32L4xx_HAL_Driver/Src/stm32l4xx_hal_spi.o
 .text.SPI_CloseRxTx_ISR
                0x0000000008008274       0x84 ./Drivers/STM32L4xx_HAL_Driver/Src/stm32l4xx_hal_spi.o
 .text.SPI_CloseRx_ISR
                0x00000000080082f8       0x60 ./Drivers/STM32L4xx_HAL_Driver/Src/stm32l4xx_hal_spi.o
 .text.HAL_UART_Init
                0x0000000008008358       0xa0 ./Drivers/STM32L4xx_HAL_Driver/Src/stm32l4xx_hal_uart.o
                0x0000000008008358                HAL_UART_Init
 .text.HAL_UART_Transmit
                0x00000000080083f8      0x11e ./Drivers/STM32L4xx_HAL_Driver/Src/stm32l4xx_hal_uart.o
                0x00000000080083f8                HAL_UART_Transmit
 *fill*         0x0000000008008516        0x2 
 .text.UART_SetConfig
                0x0000000008008518      0x5f8 ./Drivers/STM32L4xx_HAL_Driver/Src/stm32l4xx_hal_uart.o
                0x0000000008008518                UART_SetConfig
 .text.UART_AdvFeatureConfig
                0x0000000008008b10      0x144 ./Drivers/STM32L4xx_HAL_Driver/Src/stm32l4xx_hal_uart.o
                0x0000000008008b10                UART_AdvFeatureConfig
 .text.UART_CheckIdleState
                0x0000000008008c54      0x154 ./Drivers/STM32L4xx_HAL_Driver/Src/stm32l4xx_hal_uart.o
                0x0000000008008c54                UART_CheckIdleState
 .text.UART_WaitOnFlagUntilTimeout
                0x0000000008008da8       0xce ./Drivers/STM32L4xx_HAL_Driver/Src/stm32l4xx_hal_uart.o
                0x0000000008008da8                UART_WaitOnFlagUntilTimeout
 .text.UART_EndRxTransfer
                0x0000000008008e76       0xcc ./Drivers/STM32L4xx_HAL_Driver/Src/stm32l4xx_hal_uart.o
 .text.HAL_UARTEx_DisableFifoMode
                0x0000000008008f42       0x72 ./Drivers/STM32L4xx_HAL_Driver/Src/stm32l4xx_hal_uart_ex.o
                0x0000000008008f42                HAL_UARTEx_DisableFifoMode
 .text.HAL_UARTEx_SetTxFifoThreshold
                0x0000000008008fb4       0x7c ./Drivers/STM32L4xx_HAL_Driver/Src/stm32l4xx_hal_uart_ex.o
                0x0000000008008fb4                HAL_UARTEx_SetTxFifoThreshold
 .text.HAL_UARTEx_SetRxFifoThreshold
                0x0000000008009030       0x7c ./Drivers/STM32L4xx_HAL_Driver/Src/stm32l4xx_hal_uart_ex.o
                0x0000000008009030                HAL_UARTEx_SetRxFifoThreshold
 .text.UARTEx_SetNbDataToProcess
                0x00000000080090ac       0x9c ./Drivers/STM32L4xx_HAL_Driver/Src/stm32l4xx_hal_uart_ex.o
 .text.memset   0x0000000008009148       0x10 C:/ST/STM32CubeIDE_1.13.2/STM32CubeIDE/plugins/com.st.stm32cube.ide.mcu.externaltools.gnu-tools-for-stm32.11.3.rel1.win32_1.1.1.202309131626/tools/bin/../lib/gcc/arm-none-eabi/11.3.1/../../../../arm-none-eabi/lib/thumb/v7e-m+fp/hard\libc_nano.a(libc_a-memset.o)
                0x0000000008009148                memset
 .text.__libc_init_array
                0x0000000008009158       0x48 C:/ST/STM32CubeIDE_1.13.2/STM32CubeIDE/plugins/com.st.stm32cube.ide.mcu.externaltools.gnu-tools-for-stm32.11.3.rel1.win32_1.1.1.202309131626/tools/bin/../lib/gcc/arm-none-eabi/11.3.1/../../../../arm-none-eabi/lib/thumb/v7e-m+fp/hard\libc_nano.a(libc_a-init.o)
                0x0000000008009158                __libc_init_array
 *(.glue_7)
 .glue_7        0x00000000080091a0        0x0 linker stubs
 *(.glue_7t)
 .glue_7t       0x00000000080091a0        0x0 linker stubs
 *(.eh_frame)
 .eh_frame      0x00000000080091a0        0x0 C:/ST/STM32CubeIDE_1.13.2/STM32CubeIDE/plugins/com.st.stm32cube.ide.mcu.externaltools.gnu-tools-for-stm32.11.3.rel1.win32_1.1.1.202309131626/tools/bin/../lib/gcc/arm-none-eabi/11.3.1/thumb/v7e-m+fp/hard/crtbegin.o
 *(.init)
 .init          0x00000000080091a0        0x4 C:/ST/STM32CubeIDE_1.13.2/STM32CubeIDE/plugins/com.st.stm32cube.ide.mcu.externaltools.gnu-tools-for-stm32.11.3.rel1.win32_1.1.1.202309131626/tools/bin/../lib/gcc/arm-none-eabi/11.3.1/thumb/v7e-m+fp/hard/crti.o
                0x00000000080091a0                _init
 .init          0x00000000080091a4        0x8 C:/ST/STM32CubeIDE_1.13.2/STM32CubeIDE/plugins/com.st.stm32cube.ide.mcu.externaltools.gnu-tools-for-stm32.11.3.rel1.win32_1.1.1.202309131626/tools/bin/../lib/gcc/arm-none-eabi/11.3.1/thumb/v7e-m+fp/hard/crtn.o
 *(.fini)
 .fini          0x00000000080091ac        0x4 C:/ST/STM32CubeIDE_1.13.2/STM32CubeIDE/plugins/com.st.stm32cube.ide.mcu.externaltools.gnu-tools-for-stm32.11.3.rel1.win32_1.1.1.202309131626/tools/bin/../lib/gcc/arm-none-eabi/11.3.1/thumb/v7e-m+fp/hard/crti.o
                0x00000000080091ac                _fini
 .fini          0x00000000080091b0        0x8 C:/ST/STM32CubeIDE_1.13.2/STM32CubeIDE/plugins/com.st.stm32cube.ide.mcu.externaltools.gnu-tools-for-stm32.11.3.rel1.win32_1.1.1.202309131626/tools/bin/../lib/gcc/arm-none-eabi/11.3.1/thumb/v7e-m+fp/hard/crtn.o
                0x00000000080091b8                . = ALIGN (0x4)
                0x00000000080091b8                _etext = .

.vfp11_veneer   0x00000000080091b8        0x0
 .vfp11_veneer  0x00000000080091b8        0x0 linker stubs

.v4_bx          0x00000000080091b8        0x0
 .v4_bx         0x00000000080091b8        0x0 linker stubs

.iplt           0x00000000080091b8        0x0
 .iplt          0x00000000080091b8        0x0 C:/ST/STM32CubeIDE_1.13.2/STM32CubeIDE/plugins/com.st.stm32cube.ide.mcu.externaltools.gnu-tools-for-stm32.11.3.rel1.win32_1.1.1.202309131626/tools/bin/../lib/gcc/arm-none-eabi/11.3.1/thumb/v7e-m+fp/hard/crtbegin.o

.rodata         0x00000000080091b8       0xf8
                0x00000000080091b8                . = ALIGN (0x4)
 *(.rodata)
 .rodata        0x00000000080091b8       0x86 ./Core/Src/main.o
 *(.rodata*)
 *fill*         0x000000000800923e        0x2 
 .rodata.AHBPrescTable
                0x0000000008009240       0x10 ./Core/Src/system_stm32l4xx.o
                0x0000000008009240                AHBPrescTable
 .rodata.APBPrescTable
                0x0000000008009250        0x8 ./Core/Src/system_stm32l4xx.o
                0x0000000008009250                APBPrescTable
 .rodata.MSIRangeTable
                0x0000000008009258       0x30 ./Core/Src/system_stm32l4xx.o
                0x0000000008009258                MSIRangeTable
 .rodata.UARTPrescTable
                0x0000000008009288       0x18 ./Drivers/STM32L4xx_HAL_Driver/Src/stm32l4xx_hal_uart.o
                0x0000000008009288                UARTPrescTable
 .rodata.numerator.1
                0x00000000080092a0        0x8 ./Drivers/STM32L4xx_HAL_Driver/Src/stm32l4xx_hal_uart_ex.o
 .rodata.denominator.0
                0x00000000080092a8        0x8 ./Drivers/STM32L4xx_HAL_Driver/Src/stm32l4xx_hal_uart_ex.o
                0x00000000080092b0                . = ALIGN (0x4)

.ARM.extab      0x00000000080092b0        0x0
                0x00000000080092b0                . = ALIGN (0x4)
 *(.ARM.extab* .gnu.linkonce.armextab.*)
                0x00000000080092b0                . = ALIGN (0x4)

.ARM            0x00000000080092b0        0x8
                0x00000000080092b0                . = ALIGN (0x4)
                0x00000000080092b0                __exidx_start = .
 *(.ARM.exidx*)
 .ARM.exidx     0x00000000080092b0        0x8 C:/ST/STM32CubeIDE_1.13.2/STM32CubeIDE/plugins/com.st.stm32cube.ide.mcu.externaltools.gnu-tools-for-stm32.11.3.rel1.win32_1.1.1.202309131626/tools/bin/../lib/gcc/arm-none-eabi/11.3.1/thumb/v7e-m+fp/hard\libgcc.a(_udivmoddi4.o)
                0x00000000080092b8                __exidx_end = .
                0x00000000080092b8                . = ALIGN (0x4)

.rel.dyn        0x00000000080092b8        0x0
 .rel.iplt      0x00000000080092b8        0x0 C:/ST/STM32CubeIDE_1.13.2/STM32CubeIDE/plugins/com.st.stm32cube.ide.mcu.externaltools.gnu-tools-for-stm32.11.3.rel1.win32_1.1.1.202309131626/tools/bin/../lib/gcc/arm-none-eabi/11.3.1/thumb/v7e-m+fp/hard/crtbegin.o

.preinit_array  0x00000000080092b8        0x0
                0x00000000080092b8                . = ALIGN (0x4)
                0x00000000080092b8                PROVIDE (__preinit_array_start = .)
 *(.preinit_array*)
                0x00000000080092b8                PROVIDE (__preinit_array_end = .)
                0x00000000080092b8                . = ALIGN (0x4)

.init_array     0x00000000080092b8        0x4
                0x00000000080092b8                . = ALIGN (0x4)
                0x00000000080092b8                PROVIDE (__init_array_start = .)
 *(SORT_BY_NAME(.init_array.*))
 *(.init_array*)
 .init_array    0x00000000080092b8        0x4 C:/ST/STM32CubeIDE_1.13.2/STM32CubeIDE/plugins/com.st.stm32cube.ide.mcu.externaltools.gnu-tools-for-stm32.11.3.rel1.win32_1.1.1.202309131626/tools/bin/../lib/gcc/arm-none-eabi/11.3.1/thumb/v7e-m+fp/hard/crtbegin.o
                0x00000000080092bc                PROVIDE (__init_array_end = .)
                0x00000000080092bc                . = ALIGN (0x4)

.fini_array     0x00000000080092bc        0x4
                0x00000000080092bc                . = ALIGN (0x4)
                [!provide]                        PROVIDE (__fini_array_start = .)
 *(SORT_BY_NAME(.fini_array.*))
 *(.fini_array*)
 .fini_array    0x00000000080092bc        0x4 C:/ST/STM32CubeIDE_1.13.2/STM32CubeIDE/plugins/com.st.stm32cube.ide.mcu.externaltools.gnu-tools-for-stm32.11.3.rel1.win32_1.1.1.202309131626/tools/bin/../lib/gcc/arm-none-eabi/11.3.1/thumb/v7e-m+fp/hard/crtbegin.o
                [!provide]                        PROVIDE (__fini_array_end = .)
                0x00000000080092c0                . = ALIGN (0x4)
                0x00000000080092c0                _sidata = LOADADDR (.data)

.data           0x0000000020000000     0x4b18 load address 0x00000000080092c0
                0x0000000020000000                . = ALIGN (0x4)
                0x0000000020000000                _sdata = .
 *(.data)
 *(.data*)
 .data.BOARD_NUMBER
                0x0000000020000000        0x1 ./Core/Src/main.o
                0x0000000020000000                BOARD_NUMBER
 *fill*         0x0000000020000001        0x3 
 .data.frame_rate
                0x0000000020000004        0x4 ./Core/Src/main.o
                0x0000000020000004                frame_rate
 .data.total_image_in_flash
                0x0000000020000008        0x1 ./Core/Src/main.o
                0x0000000020000008                total_image_in_flash
 *fill*         0x0000000020000009        0x3 
 .data.image_80x80_rgb888
                0x000000002000000c     0x4b00 ./Core/Src/main.o
                0x000000002000000c                image_80x80_rgb888
 .data.SystemCoreClock
                0x0000000020004b0c        0x4 ./Core/Src/system_stm32l4xx.o
                0x0000000020004b0c                SystemCoreClock
 .data.uwTickPrio
                0x0000000020004b10        0x4 ./Drivers/STM32L4xx_HAL_Driver/Src/stm32l4xx_hal.o
                0x0000000020004b10                uwTickPrio
 .data.uwTickFreq
                0x0000000020004b14        0x1 ./Drivers/STM32L4xx_HAL_Driver/Src/stm32l4xx_hal.o
                0x0000000020004b14                uwTickFreq
 *(.RamFunc)
 *(.RamFunc*)
                0x0000000020004b18                . = ALIGN (0x4)
 *fill*         0x0000000020004b15        0x3 
                0x0000000020004b18                _edata = .

.igot.plt       0x0000000020004b18        0x0 load address 0x000000000800ddd8
 .igot.plt      0x0000000020004b18        0x0 C:/ST/STM32CubeIDE_1.13.2/STM32CubeIDE/plugins/com.st.stm32cube.ide.mcu.externaltools.gnu-tools-for-stm32.11.3.rel1.win32_1.1.1.202309131626/tools/bin/../lib/gcc/arm-none-eabi/11.3.1/thumb/v7e-m+fp/hard/crtbegin.o
                0x0000000020004b18                . = ALIGN (0x4)

.bss            0x0000000020004b18     0x67a8 load address 0x000000000800ddd8
                0x0000000020004b18                _sbss = .
                0x0000000020004b18                __bss_start__ = _sbss
 *(.bss)
 .bss           0x0000000020004b18       0x1c C:/ST/STM32CubeIDE_1.13.2/STM32CubeIDE/plugins/com.st.stm32cube.ide.mcu.externaltools.gnu-tools-for-stm32.11.3.rel1.win32_1.1.1.202309131626/tools/bin/../lib/gcc/arm-none-eabi/11.3.1/thumb/v7e-m+fp/hard/crtbegin.o
 *(.bss*)
 .bss.hdsi      0x0000000020004b34       0x1c ./Core/Src/main.o
                0x0000000020004b34                hdsi
 .bss.hi2c1     0x0000000020004b50       0x54 ./Core/Src/main.o
                0x0000000020004b50                hi2c1
 .bss.hi2c2     0x0000000020004ba4       0x54 ./Core/Src/main.o
                0x0000000020004ba4                hi2c2
 .bss.hltdc     0x0000000020004bf8       0xa8 ./Core/Src/main.o
                0x0000000020004bf8                hltdc
 .bss.hospi2    0x0000000020004ca0       0x50 ./Core/Src/main.o
                0x0000000020004ca0                hospi2
 .bss.hspi1     0x0000000020004cf0       0x64 ./Core/Src/main.o
                0x0000000020004cf0                hspi1
 .bss.hspi2     0x0000000020004d54       0x64 ./Core/Src/main.o
                0x0000000020004d54                hspi2
 .bss.hspi3     0x0000000020004db8       0x64 ./Core/Src/main.o
                0x0000000020004db8                hspi3
 .bss.huart4    0x0000000020004e1c       0x94 ./Core/Src/main.o
                0x0000000020004e1c                huart4
 .bss.spi3_buf  0x0000000020004eb0        0x2 ./Core/Src/main.o
                0x0000000020004eb0                spi3_buf
 *fill*         0x0000000020004eb2        0x2 
 .bss.frame_buf_tmp
                0x0000000020004eb4     0x1900 ./Core/Src/main.o
                0x0000000020004eb4                frame_buf_tmp
 .bss.frame_buf_0
                0x00000000200067b4     0x1900 ./Core/Src/main.o
                0x00000000200067b4                frame_buf_0
 .bss.frame_buf_1
                0x00000000200080b4     0x1900 ./Core/Src/main.o
                0x00000000200080b4                frame_buf_1
 .bss.frame_buf_flash
                0x00000000200099b4     0x1900 ./Core/Src/main.o
                0x00000000200099b4                frame_buf_flash
 .bss.play_mode
                0x000000002000b2b4        0x1 ./Core/Src/main.o
                0x000000002000b2b4                play_mode
 .bss.play_mode_source
                0x000000002000b2b5        0x1 ./Core/Src/main.o
                0x000000002000b2b5                play_mode_source
 .bss.display_image_number
                0x000000002000b2b6        0x1 ./Core/Src/main.o
                0x000000002000b2b6                display_image_number
 *fill*         0x000000002000b2b7        0x1 
 .bss.button_count
                0x000000002000b2b8        0x4 ./Core/Src/main.o
                0x000000002000b2b8                button_count
 .bss.uwTick    0x000000002000b2bc        0x4 ./Drivers/STM32L4xx_HAL_Driver/Src/stm32l4xx_hal.o
                0x000000002000b2bc                uwTick
 *(COMMON)
                0x000000002000b2c0                . = ALIGN (0x4)
                0x000000002000b2c0                _ebss = .
                0x000000002000b2c0                __bss_end__ = _ebss

._user_heap_stack
                0x000000002000b2c0      0x600 load address 0x000000000800ddd8
                0x000000002000b2c0                . = ALIGN (0x8)
                [!provide]                        PROVIDE (end = .)
                0x000000002000b2c0                PROVIDE (_end = .)
                0x000000002000b4c0                . = (. + _Min_Heap_Size)
 *fill*         0x000000002000b2c0      0x200 
                0x000000002000b8c0                . = (. + _Min_Stack_Size)
 *fill*         0x000000002000b4c0      0x400 
                0x000000002000b8c0                . = ALIGN (0x8)

/DISCARD/
 libc.a(*)
 libm.a(*)
 libgcc.a(*)

.ARM.attributes
                0x0000000000000000       0x30
 *(.ARM.attributes)
 .ARM.attributes
                0x0000000000000000       0x1e C:/ST/STM32CubeIDE_1.13.2/STM32CubeIDE/plugins/com.st.stm32cube.ide.mcu.externaltools.gnu-tools-for-stm32.11.3.rel1.win32_1.1.1.202309131626/tools/bin/../lib/gcc/arm-none-eabi/11.3.1/thumb/v7e-m+fp/hard/crti.o
 .ARM.attributes
                0x000000000000001e       0x34 C:/ST/STM32CubeIDE_1.13.2/STM32CubeIDE/plugins/com.st.stm32cube.ide.mcu.externaltools.gnu-tools-for-stm32.11.3.rel1.win32_1.1.1.202309131626/tools/bin/../lib/gcc/arm-none-eabi/11.3.1/thumb/v7e-m+fp/hard/crtbegin.o
 .ARM.attributes
                0x0000000000000052       0x34 ./Core/Src/main.o
 .ARM.attributes
                0x0000000000000086       0x34 ./Core/Src/stm32l4xx_hal_msp.o
 .ARM.attributes
                0x00000000000000ba       0x34 ./Core/Src/stm32l4xx_it.o
 .ARM.attributes
                0x00000000000000ee       0x34 ./Core/Src/system_stm32l4xx.o
 .ARM.attributes
                0x0000000000000122       0x21 ./Core/Startup/startup_stm32l4s9zijx.o
 .ARM.attributes
                0x0000000000000143       0x34 ./Drivers/STM32L4xx_HAL_Driver/Src/stm32l4xx_hal.o
 .ARM.attributes
                0x0000000000000177       0x34 ./Drivers/STM32L4xx_HAL_Driver/Src/stm32l4xx_hal_cortex.o
 .ARM.attributes
                0x00000000000001ab       0x34 ./Drivers/STM32L4xx_HAL_Driver/Src/stm32l4xx_hal_dma.o
 .ARM.attributes
                0x00000000000001df       0x34 ./Drivers/STM32L4xx_HAL_Driver/Src/stm32l4xx_hal_dsi.o
 .ARM.attributes
                0x0000000000000213       0x34 ./Drivers/STM32L4xx_HAL_Driver/Src/stm32l4xx_hal_gpio.o
 .ARM.attributes
                0x0000000000000247       0x34 ./Drivers/STM32L4xx_HAL_Driver/Src/stm32l4xx_hal_i2c.o
 .ARM.attributes
                0x000000000000027b       0x34 ./Drivers/STM32L4xx_HAL_Driver/Src/stm32l4xx_hal_i2c_ex.o
 .ARM.attributes
                0x00000000000002af       0x34 ./Drivers/STM32L4xx_HAL_Driver/Src/stm32l4xx_hal_ltdc.o
 .ARM.attributes
                0x00000000000002e3       0x34 ./Drivers/STM32L4xx_HAL_Driver/Src/stm32l4xx_hal_ospi.o
 .ARM.attributes
                0x0000000000000317       0x34 ./Drivers/STM32L4xx_HAL_Driver/Src/stm32l4xx_hal_pwr_ex.o
 .ARM.attributes
                0x000000000000034b       0x34 ./Drivers/STM32L4xx_HAL_Driver/Src/stm32l4xx_hal_rcc.o
 .ARM.attributes
                0x000000000000037f       0x34 ./Drivers/STM32L4xx_HAL_Driver/Src/stm32l4xx_hal_rcc_ex.o
 .ARM.attributes
                0x00000000000003b3       0x34 ./Drivers/STM32L4xx_HAL_Driver/Src/stm32l4xx_hal_spi.o
 .ARM.attributes
                0x00000000000003e7       0x34 ./Drivers/STM32L4xx_HAL_Driver/Src/stm32l4xx_hal_uart.o
 .ARM.attributes
                0x000000000000041b       0x34 ./Drivers/STM32L4xx_HAL_Driver/Src/stm32l4xx_hal_uart_ex.o
 .ARM.attributes
                0x000000000000044f       0x34 C:/ST/STM32CubeIDE_1.13.2/STM32CubeIDE/plugins/com.st.stm32cube.ide.mcu.externaltools.gnu-tools-for-stm32.11.3.rel1.win32_1.1.1.202309131626/tools/bin/../lib/gcc/arm-none-eabi/11.3.1/../../../../arm-none-eabi/lib/thumb/v7e-m+fp/hard\libc_nano.a(libc_a-memset.o)
 .ARM.attributes
                0x0000000000000483       0x34 C:/ST/STM32CubeIDE_1.13.2/STM32CubeIDE/plugins/com.st.stm32cube.ide.mcu.externaltools.gnu-tools-for-stm32.11.3.rel1.win32_1.1.1.202309131626/tools/bin/../lib/gcc/arm-none-eabi/11.3.1/../../../../arm-none-eabi/lib/thumb/v7e-m+fp/hard\libc_nano.a(libc_a-init.o)
 .ARM.attributes
                0x00000000000004b7       0x1e C:/ST/STM32CubeIDE_1.13.2/STM32CubeIDE/plugins/com.st.stm32cube.ide.mcu.externaltools.gnu-tools-for-stm32.11.3.rel1.win32_1.1.1.202309131626/tools/bin/../lib/gcc/arm-none-eabi/11.3.1/thumb/v7e-m+fp/hard\libgcc.a(_aeabi_uldivmod.o)
 .ARM.attributes
                0x00000000000004d5       0x34 C:/ST/STM32CubeIDE_1.13.2/STM32CubeIDE/plugins/com.st.stm32cube.ide.mcu.externaltools.gnu-tools-for-stm32.11.3.rel1.win32_1.1.1.202309131626/tools/bin/../lib/gcc/arm-none-eabi/11.3.1/thumb/v7e-m+fp/hard\libgcc.a(_udivmoddi4.o)
 .ARM.attributes
                0x0000000000000509       0x1e C:/ST/STM32CubeIDE_1.13.2/STM32CubeIDE/plugins/com.st.stm32cube.ide.mcu.externaltools.gnu-tools-for-stm32.11.3.rel1.win32_1.1.1.202309131626/tools/bin/../lib/gcc/arm-none-eabi/11.3.1/thumb/v7e-m+fp/hard\libgcc.a(_dvmd_tls.o)
 .ARM.attributes
                0x0000000000000527       0x1e C:/ST/STM32CubeIDE_1.13.2/STM32CubeIDE/plugins/com.st.stm32cube.ide.mcu.externaltools.gnu-tools-for-stm32.11.3.rel1.win32_1.1.1.202309131626/tools/bin/../lib/gcc/arm-none-eabi/11.3.1/thumb/v7e-m+fp/hard/crtn.o
OUTPUT(slave.elf elf32-littlearm)
LOAD linker stubs
LOAD C:/ST/STM32CubeIDE_1.13.2/STM32CubeIDE/plugins/com.st.stm32cube.ide.mcu.externaltools.gnu-tools-for-stm32.11.3.rel1.win32_1.1.1.202309131626/tools/bin/../lib/gcc/arm-none-eabi/11.3.1/../../../../arm-none-eabi/lib/thumb/v7e-m+fp/hard\libc.a
LOAD C:/ST/STM32CubeIDE_1.13.2/STM32CubeIDE/plugins/com.st.stm32cube.ide.mcu.externaltools.gnu-tools-for-stm32.11.3.rel1.win32_1.1.1.202309131626/tools/bin/../lib/gcc/arm-none-eabi/11.3.1/../../../../arm-none-eabi/lib/thumb/v7e-m+fp/hard\libm.a
LOAD C:/ST/STM32CubeIDE_1.13.2/STM32CubeIDE/plugins/com.st.stm32cube.ide.mcu.externaltools.gnu-tools-for-stm32.11.3.rel1.win32_1.1.1.202309131626/tools/bin/../lib/gcc/arm-none-eabi/11.3.1/thumb/v7e-m+fp/hard\libgcc.a

.comment        0x0000000000000000       0x43
 .comment       0x0000000000000000       0x43 C:/ST/STM32CubeIDE_1.13.2/STM32CubeIDE/plugins/com.st.stm32cube.ide.mcu.externaltools.gnu-tools-for-stm32.11.3.rel1.win32_1.1.1.202309131626/tools/bin/../lib/gcc/arm-none-eabi/11.3.1/thumb/v7e-m+fp/hard/crtbegin.o
                                         0x44 (size before relaxing)
 .comment       0x0000000000000043       0x44 ./Core/Src/main.o
 .comment       0x0000000000000043       0x44 ./Core/Src/stm32l4xx_hal_msp.o
 .comment       0x0000000000000043       0x44 ./Core/Src/stm32l4xx_it.o
 .comment       0x0000000000000043       0x44 ./Core/Src/system_stm32l4xx.o
 .comment       0x0000000000000043       0x44 ./Drivers/STM32L4xx_HAL_Driver/Src/stm32l4xx_hal.o
 .comment       0x0000000000000043       0x44 ./Drivers/STM32L4xx_HAL_Driver/Src/stm32l4xx_hal_cortex.o
 .comment       0x0000000000000043       0x44 ./Drivers/STM32L4xx_HAL_Driver/Src/stm32l4xx_hal_dma.o
 .comment       0x0000000000000043       0x44 ./Drivers/STM32L4xx_HAL_Driver/Src/stm32l4xx_hal_dsi.o
 .comment       0x0000000000000043       0x44 ./Drivers/STM32L4xx_HAL_Driver/Src/stm32l4xx_hal_gpio.o
 .comment       0x0000000000000043       0x44 ./Drivers/STM32L4xx_HAL_Driver/Src/stm32l4xx_hal_i2c.o
 .comment       0x0000000000000043       0x44 ./Drivers/STM32L4xx_HAL_Driver/Src/stm32l4xx_hal_i2c_ex.o
 .comment       0x0000000000000043       0x44 ./Drivers/STM32L4xx_HAL_Driver/Src/stm32l4xx_hal_ltdc.o
 .comment       0x0000000000000043       0x44 ./Drivers/STM32L4xx_HAL_Driver/Src/stm32l4xx_hal_ospi.o
 .comment       0x0000000000000043       0x44 ./Drivers/STM32L4xx_HAL_Driver/Src/stm32l4xx_hal_pwr_ex.o
 .comment       0x0000000000000043       0x44 ./Drivers/STM32L4xx_HAL_Driver/Src/stm32l4xx_hal_rcc.o
 .comment       0x0000000000000043       0x44 ./Drivers/STM32L4xx_HAL_Driver/Src/stm32l4xx_hal_rcc_ex.o
 .comment       0x0000000000000043       0x44 ./Drivers/STM32L4xx_HAL_Driver/Src/stm32l4xx_hal_spi.o
 .comment       0x0000000000000043       0x44 ./Drivers/STM32L4xx_HAL_Driver/Src/stm32l4xx_hal_uart.o
 .comment       0x0000000000000043       0x44 ./Drivers/STM32L4xx_HAL_Driver/Src/stm32l4xx_hal_uart_ex.o

.debug_info     0x0000000000000000    0x19a03
 .debug_info    0x0000000000000000     0x3399 ./Core/Src/main.o
 .debug_info    0x0000000000003399     0x27f9 ./Core/Src/stm32l4xx_hal_msp.o
 .debug_info    0x0000000000005b92      0x766 ./Core/Src/stm32l4xx_it.o
 .debug_info    0x00000000000062f8      0x5e9 ./Core/Src/system_stm32l4xx.o
 .debug_info    0x00000000000068e1       0x23 ./Core/Startup/startup_stm32l4s9zijx.o
 .debug_info    0x0000000000006904      0xcb6 ./Drivers/STM32L4xx_HAL_Driver/Src/stm32l4xx_hal.o
 .debug_info    0x00000000000075ba      0xd82 ./Drivers/STM32L4xx_HAL_Driver/Src/stm32l4xx_hal_cortex.o
 .debug_info    0x000000000000833c      0x841 ./Drivers/STM32L4xx_HAL_Driver/Src/stm32l4xx_hal_dma.o
 .debug_info    0x0000000000008b7d     0x19a3 ./Drivers/STM32L4xx_HAL_Driver/Src/stm32l4xx_hal_dsi.o
 .debug_info    0x000000000000a520      0x787 ./Drivers/STM32L4xx_HAL_Driver/Src/stm32l4xx_hal_gpio.o
 .debug_info    0x000000000000aca7     0x21ab ./Drivers/STM32L4xx_HAL_Driver/Src/stm32l4xx_hal_i2c.o
 .debug_info    0x000000000000ce52      0xb09 ./Drivers/STM32L4xx_HAL_Driver/Src/stm32l4xx_hal_i2c_ex.o
 .debug_info    0x000000000000d95b     0x1023 ./Drivers/STM32L4xx_HAL_Driver/Src/stm32l4xx_hal_ltdc.o
 .debug_info    0x000000000000e97e     0x180d ./Drivers/STM32L4xx_HAL_Driver/Src/stm32l4xx_hal_ospi.o
 .debug_info    0x000000000001018b      0xa0a ./Drivers/STM32L4xx_HAL_Driver/Src/stm32l4xx_hal_pwr_ex.o
 .debug_info    0x0000000000010b95      0xd32 ./Drivers/STM32L4xx_HAL_Driver/Src/stm32l4xx_hal_rcc.o
 .debug_info    0x00000000000118c7     0x1181 ./Drivers/STM32L4xx_HAL_Driver/Src/stm32l4xx_hal_rcc_ex.o
 .debug_info    0x0000000000012a48     0x172e ./Drivers/STM32L4xx_HAL_Driver/Src/stm32l4xx_hal_spi.o
 .debug_info    0x0000000000014176     0x4875 ./Drivers/STM32L4xx_HAL_Driver/Src/stm32l4xx_hal_uart.o
 .debug_info    0x00000000000189eb     0x1018 ./Drivers/STM32L4xx_HAL_Driver/Src/stm32l4xx_hal_uart_ex.o

.debug_abbrev   0x0000000000000000     0x2d5f
 .debug_abbrev  0x0000000000000000      0x380 ./Core/Src/main.o
 .debug_abbrev  0x0000000000000380      0x2b4 ./Core/Src/stm32l4xx_hal_msp.o
 .debug_abbrev  0x0000000000000634      0x17d ./Core/Src/stm32l4xx_it.o
 .debug_abbrev  0x00000000000007b1      0x11a ./Core/Src/system_stm32l4xx.o
 .debug_abbrev  0x00000000000008cb       0x12 ./Core/Startup/startup_stm32l4s9zijx.o
 .debug_abbrev  0x00000000000008dd      0x262 ./Drivers/STM32L4xx_HAL_Driver/Src/stm32l4xx_hal.o
 .debug_abbrev  0x0000000000000b3f      0x327 ./Drivers/STM32L4xx_HAL_Driver/Src/stm32l4xx_hal_cortex.o
 .debug_abbrev  0x0000000000000e66      0x1e2 ./Drivers/STM32L4xx_HAL_Driver/Src/stm32l4xx_hal_dma.o
 .debug_abbrev  0x0000000000001048      0x25e ./Drivers/STM32L4xx_HAL_Driver/Src/stm32l4xx_hal_dsi.o
 .debug_abbrev  0x00000000000012a6      0x1cb ./Drivers/STM32L4xx_HAL_Driver/Src/stm32l4xx_hal_gpio.o
 .debug_abbrev  0x0000000000001471      0x25e ./Drivers/STM32L4xx_HAL_Driver/Src/stm32l4xx_hal_i2c.o
 .debug_abbrev  0x00000000000016cf      0x1c0 ./Drivers/STM32L4xx_HAL_Driver/Src/stm32l4xx_hal_i2c_ex.o
 .debug_abbrev  0x000000000000188f      0x233 ./Drivers/STM32L4xx_HAL_Driver/Src/stm32l4xx_hal_ltdc.o
 .debug_abbrev  0x0000000000001ac2      0x2be ./Drivers/STM32L4xx_HAL_Driver/Src/stm32l4xx_hal_ospi.o
 .debug_abbrev  0x0000000000001d80      0x1f9 ./Drivers/STM32L4xx_HAL_Driver/Src/stm32l4xx_hal_pwr_ex.o
 .debug_abbrev  0x0000000000001f79      0x306 ./Drivers/STM32L4xx_HAL_Driver/Src/stm32l4xx_hal_rcc.o
 .debug_abbrev  0x000000000000227f      0x2a3 ./Drivers/STM32L4xx_HAL_Driver/Src/stm32l4xx_hal_rcc_ex.o
 .debug_abbrev  0x0000000000002522      0x267 ./Drivers/STM32L4xx_HAL_Driver/Src/stm32l4xx_hal_spi.o
 .debug_abbrev  0x0000000000002789      0x304 ./Drivers/STM32L4xx_HAL_Driver/Src/stm32l4xx_hal_uart.o
 .debug_abbrev  0x0000000000002a8d      0x2d2 ./Drivers/STM32L4xx_HAL_Driver/Src/stm32l4xx_hal_uart_ex.o

.debug_aranges  0x0000000000000000     0x1470
 .debug_aranges
                0x0000000000000000       0xf8 ./Core/Src/main.o
 .debug_aranges
                0x00000000000000f8       0x80 ./Core/Src/stm32l4xx_hal_msp.o
 .debug_aranges
                0x0000000000000178       0x70 ./Core/Src/stm32l4xx_it.o
 .debug_aranges
                0x00000000000001e8       0x28 ./Core/Src/system_stm32l4xx.o
 .debug_aranges
                0x0000000000000210       0x28 ./Core/Startup/startup_stm32l4s9zijx.o
 .debug_aranges
                0x0000000000000238      0x130 ./Drivers/STM32L4xx_HAL_Driver/Src/stm32l4xx_hal.o
 .debug_aranges
                0x0000000000000368      0x118 ./Drivers/STM32L4xx_HAL_Driver/Src/stm32l4xx_hal_cortex.o
 .debug_aranges
                0x0000000000000480       0x90 ./Drivers/STM32L4xx_HAL_Driver/Src/stm32l4xx_hal_dma.o
 .debug_aranges
                0x0000000000000510      0x178 ./Drivers/STM32L4xx_HAL_Driver/Src/stm32l4xx_hal_dsi.o
 .debug_aranges
                0x0000000000000688       0x58 ./Drivers/STM32L4xx_HAL_Driver/Src/stm32l4xx_hal_gpio.o
 .debug_aranges
                0x00000000000006e0      0x2a0 ./Drivers/STM32L4xx_HAL_Driver/Src/stm32l4xx_hal_i2c.o
 .debug_aranges
                0x0000000000000980       0x48 ./Drivers/STM32L4xx_HAL_Driver/Src/stm32l4xx_hal_i2c_ex.o
 .debug_aranges
                0x00000000000009c8      0x158 ./Drivers/STM32L4xx_HAL_Driver/Src/stm32l4xx_hal_ltdc.o
 .debug_aranges
                0x0000000000000b20      0x170 ./Drivers/STM32L4xx_HAL_Driver/Src/stm32l4xx_hal_ospi.o
 .debug_aranges
                0x0000000000000c90      0x170 ./Drivers/STM32L4xx_HAL_Driver/Src/stm32l4xx_hal_pwr_ex.o
 .debug_aranges
                0x0000000000000e00       0x98 ./Drivers/STM32L4xx_HAL_Driver/Src/stm32l4xx_hal_rcc.o
 .debug_aranges
                0x0000000000000e98      0x110 ./Drivers/STM32L4xx_HAL_Driver/Src/stm32l4xx_hal_rcc_ex.o
 .debug_aranges
                0x0000000000000fa8      0x1d8 ./Drivers/STM32L4xx_HAL_Driver/Src/stm32l4xx_hal_spi.o
 .debug_aranges
                0x0000000000001180      0x248 ./Drivers/STM32L4xx_HAL_Driver/Src/stm32l4xx_hal_uart.o
 .debug_aranges
                0x00000000000013c8       0xa8 ./Drivers/STM32L4xx_HAL_Driver/Src/stm32l4xx_hal_uart_ex.o

.debug_rnglists
                0x0000000000000000     0x1014
 .debug_rnglists
                0x0000000000000000       0xd5 ./Core/Src/main.o
 .debug_rnglists
                0x00000000000000d5       0x61 ./Core/Src/stm32l4xx_hal_msp.o
 .debug_rnglists
                0x0000000000000136       0x4f ./Core/Src/stm32l4xx_it.o
 .debug_rnglists
                0x0000000000000185       0x1a ./Core/Src/system_stm32l4xx.o
 .debug_rnglists
                0x000000000000019f       0x19 ./Core/Startup/startup_stm32l4s9zijx.o
 .debug_rnglists
                0x00000000000001b8       0xdf ./Drivers/STM32L4xx_HAL_Driver/Src/stm32l4xx_hal.o
 .debug_rnglists
                0x0000000000000297       0xce ./Drivers/STM32L4xx_HAL_Driver/Src/stm32l4xx_hal_cortex.o
 .debug_rnglists
                0x0000000000000365       0x71 ./Drivers/STM32L4xx_HAL_Driver/Src/stm32l4xx_hal_dma.o
 .debug_rnglists
                0x00000000000003d6      0x128 ./Drivers/STM32L4xx_HAL_Driver/Src/stm32l4xx_hal_dsi.o
 .debug_rnglists
                0x00000000000004fe       0x3f ./Drivers/STM32L4xx_HAL_Driver/Src/stm32l4xx_hal_gpio.o
 .debug_rnglists
                0x000000000000053d      0x228 ./Drivers/STM32L4xx_HAL_Driver/Src/stm32l4xx_hal_i2c.o
 .debug_rnglists
                0x0000000000000765       0x35 ./Drivers/STM32L4xx_HAL_Driver/Src/stm32l4xx_hal_i2c_ex.o
 .debug_rnglists
                0x000000000000079a      0x10a ./Drivers/STM32L4xx_HAL_Driver/Src/stm32l4xx_hal_ltdc.o
 .debug_rnglists
                0x00000000000008a4      0x122 ./Drivers/STM32L4xx_HAL_Driver/Src/stm32l4xx_hal_ospi.o
 .debug_rnglists
                0x00000000000009c6      0x115 ./Drivers/STM32L4xx_HAL_Driver/Src/stm32l4xx_hal_pwr_ex.o
 .debug_rnglists
                0x0000000000000adb       0x74 ./Drivers/STM32L4xx_HAL_Driver/Src/stm32l4xx_hal_rcc.o
 .debug_rnglists
                0x0000000000000b4f       0xd4 ./Drivers/STM32L4xx_HAL_Driver/Src/stm32l4xx_hal_rcc_ex.o
 .debug_rnglists
                0x0000000000000c23      0x178 ./Drivers/STM32L4xx_HAL_Driver/Src/stm32l4xx_hal_spi.o
 .debug_rnglists
                0x0000000000000d9b      0x1fa ./Drivers/STM32L4xx_HAL_Driver/Src/stm32l4xx_hal_uart.o
 .debug_rnglists
                0x0000000000000f95       0x7f ./Drivers/STM32L4xx_HAL_Driver/Src/stm32l4xx_hal_uart_ex.o

.debug_macro    0x0000000000000000    0x31a75
 .debug_macro   0x0000000000000000      0x265 ./Core/Src/main.o
 .debug_macro   0x0000000000000265      0xaa8 ./Core/Src/main.o
 .debug_macro   0x0000000000000d0d      0x1bf ./Core/Src/main.o
 .debug_macro   0x0000000000000ecc       0x2e ./Core/Src/main.o
 .debug_macro   0x0000000000000efa       0x28 ./Core/Src/main.o
 .debug_macro   0x0000000000000f22       0x22 ./Core/Src/main.o
 .debug_macro   0x0000000000000f44       0x8e ./Core/Src/main.o
 .debug_macro   0x0000000000000fd2       0x51 ./Core/Src/main.o
 .debug_macro   0x0000000000001023      0x103 ./Core/Src/main.o
 .debug_macro   0x0000000000001126       0x6a ./Core/Src/main.o
 .debug_macro   0x0000000000001190      0x1df ./Core/Src/main.o
 .debug_macro   0x000000000000136f       0x1c ./Core/Src/main.o
 .debug_macro   0x000000000000138b       0x22 ./Core/Src/main.o
 .debug_macro   0x00000000000013ad       0xfb ./Core/Src/main.o
 .debug_macro   0x00000000000014a8     0x1011 ./Core/Src/main.o
 .debug_macro   0x00000000000024b9      0x11f ./Core/Src/main.o
 .debug_macro   0x00000000000025d8    0x235ca ./Core/Src/main.o
 .debug_macro   0x0000000000025ba2       0x6d ./Core/Src/main.o
 .debug_macro   0x0000000000025c0f     0x38ed ./Core/Src/main.o
 .debug_macro   0x00000000000294fc      0x174 ./Core/Src/main.o
 .debug_macro   0x0000000000029670       0x5c ./Core/Src/main.o
 .debug_macro   0x00000000000296cc     0x19e2 ./Core/Src/main.o
 .debug_macro   0x000000000002b0ae      0x83e ./Core/Src/main.o
 .debug_macro   0x000000000002b8ec      0x1b9 ./Core/Src/main.o
 .debug_macro   0x000000000002baa5      0x225 ./Core/Src/main.o
 .debug_macro   0x000000000002bcca      0x486 ./Core/Src/main.o
 .debug_macro   0x000000000002c150      0x1ce ./Core/Src/main.o
 .debug_macro   0x000000000002c31e       0x43 ./Core/Src/main.o
 .debug_macro   0x000000000002c361      0x23d ./Core/Src/main.o
 .debug_macro   0x000000000002c59e      0x6fc ./Core/Src/main.o
 .debug_macro   0x000000000002cc9a      0x241 ./Core/Src/main.o
 .debug_macro   0x000000000002cedb      0x416 ./Core/Src/main.o
 .debug_macro   0x000000000002d2f1       0x1c ./Core/Src/main.o
 .debug_macro   0x000000000002d30d       0xf2 ./Core/Src/main.o
 .debug_macro   0x000000000002d3ff      0x22c ./Core/Src/main.o
 .debug_macro   0x000000000002d62b       0x61 ./Core/Src/main.o
 .debug_macro   0x000000000002d68c       0xa5 ./Core/Src/main.o
 .debug_macro   0x000000000002d731      0x198 ./Core/Src/main.o
 .debug_macro   0x000000000002d8c9       0xd6 ./Core/Src/main.o
 .debug_macro   0x000000000002d99f      0x486 ./Core/Src/main.o
 .debug_macro   0x000000000002de25      0x122 ./Core/Src/main.o
 .debug_macro   0x000000000002df47      0x3f6 ./Core/Src/main.o
 .debug_macro   0x000000000002e33d      0x2fe ./Core/Src/main.o
 .debug_macro   0x000000000002e63b      0x693 ./Core/Src/main.o
 .debug_macro   0x000000000002ecce       0xa6 ./Core/Src/main.o
 .debug_macro   0x000000000002ed74      0x432 ./Core/Src/main.o
 .debug_macro   0x000000000002f1a6       0x34 ./Core/Src/main.o
 .debug_macro   0x000000000002f1da      0x229 ./Core/Src/stm32l4xx_hal_msp.o
 .debug_macro   0x000000000002f403      0x233 ./Core/Src/stm32l4xx_it.o
 .debug_macro   0x000000000002f636      0x21a ./Core/Src/system_stm32l4xx.o
 .debug_macro   0x000000000002f850      0x268 ./Drivers/STM32L4xx_HAL_Driver/Src/stm32l4xx_hal.o
 .debug_macro   0x000000000002fab8      0x21a ./Drivers/STM32L4xx_HAL_Driver/Src/stm32l4xx_hal_cortex.o
 .debug_macro   0x000000000002fcd2      0x21a ./Drivers/STM32L4xx_HAL_Driver/Src/stm32l4xx_hal_dma.o
 .debug_macro   0x000000000002feec      0x268 ./Drivers/STM32L4xx_HAL_Driver/Src/stm32l4xx_hal_dsi.o
 .debug_macro   0x0000000000030154      0x221 ./Drivers/STM32L4xx_HAL_Driver/Src/stm32l4xx_hal_gpio.o
 .debug_macro   0x0000000000030375      0x2e6 ./Drivers/STM32L4xx_HAL_Driver/Src/stm32l4xx_hal_i2c.o
 .debug_macro   0x000000000003065b      0x21a ./Drivers/STM32L4xx_HAL_Driver/Src/stm32l4xx_hal_i2c_ex.o
 .debug_macro   0x0000000000030875      0x222 ./Drivers/STM32L4xx_HAL_Driver/Src/stm32l4xx_hal_ltdc.o
 .debug_macro   0x0000000000030a97      0x261 ./Drivers/STM32L4xx_HAL_Driver/Src/stm32l4xx_hal_ospi.o
 .debug_macro   0x0000000000030cf8      0x244 ./Drivers/STM32L4xx_HAL_Driver/Src/stm32l4xx_hal_pwr_ex.o
 .debug_macro   0x0000000000030f3c      0x25c ./Drivers/STM32L4xx_HAL_Driver/Src/stm32l4xx_hal_rcc.o
 .debug_macro   0x0000000000031198      0x250 ./Drivers/STM32L4xx_HAL_Driver/Src/stm32l4xx_hal_rcc_ex.o
 .debug_macro   0x00000000000313e8      0x222 ./Drivers/STM32L4xx_HAL_Driver/Src/stm32l4xx_hal_spi.o
 .debug_macro   0x000000000003160a      0x245 ./Drivers/STM32L4xx_HAL_Driver/Src/stm32l4xx_hal_uart.o
 .debug_macro   0x000000000003184f      0x226 ./Drivers/STM32L4xx_HAL_Driver/Src/stm32l4xx_hal_uart_ex.o

.debug_line     0x0000000000000000    0x1ae37
 .debug_line    0x0000000000000000     0x1689 ./Core/Src/main.o
 .debug_line    0x0000000000001689      0xb13 ./Core/Src/stm32l4xx_hal_msp.o
 .debug_line    0x000000000000219c      0x8e7 ./Core/Src/stm32l4xx_it.o
 .debug_line    0x0000000000002a83      0x88c ./Core/Src/system_stm32l4xx.o
 .debug_line    0x000000000000330f       0x7a ./Core/Startup/startup_stm32l4s9zijx.o
 .debug_line    0x0000000000003389      0xbe5 ./Drivers/STM32L4xx_HAL_Driver/Src/stm32l4xx_hal.o
 .debug_line    0x0000000000003f6e      0xd8b ./Drivers/STM32L4xx_HAL_Driver/Src/stm32l4xx_hal_cortex.o
 .debug_line    0x0000000000004cf9      0xf52 ./Drivers/STM32L4xx_HAL_Driver/Src/stm32l4xx_hal_dma.o
 .debug_line    0x0000000000005c4b     0x2c73 ./Drivers/STM32L4xx_HAL_Driver/Src/stm32l4xx_hal_dsi.o
 .debug_line    0x00000000000088be      0xc40 ./Drivers/STM32L4xx_HAL_Driver/Src/stm32l4xx_hal_gpio.o
 .debug_line    0x00000000000094fe     0x39c3 ./Drivers/STM32L4xx_HAL_Driver/Src/stm32l4xx_hal_i2c.o
 .debug_line    0x000000000000cec1      0xa12 ./Drivers/STM32L4xx_HAL_Driver/Src/stm32l4xx_hal_i2c_ex.o
 .debug_line    0x000000000000d8d3     0x180f ./Drivers/STM32L4xx_HAL_Driver/Src/stm32l4xx_hal_ltdc.o
 .debug_line    0x000000000000f0e2     0x1829 ./Drivers/STM32L4xx_HAL_Driver/Src/stm32l4xx_hal_ospi.o
 .debug_line    0x000000000001090b      0xe51 ./Drivers/STM32L4xx_HAL_Driver/Src/stm32l4xx_hal_pwr_ex.o
 .debug_line    0x000000000001175c     0x1135 ./Drivers/STM32L4xx_HAL_Driver/Src/stm32l4xx_hal_rcc.o
 .debug_line    0x0000000000012891     0x1ab6 ./Drivers/STM32L4xx_HAL_Driver/Src/stm32l4xx_hal_rcc_ex.o
 .debug_line    0x0000000000014347     0x2051 ./Drivers/STM32L4xx_HAL_Driver/Src/stm32l4xx_hal_spi.o
 .debug_line    0x0000000000016398     0x3c5f ./Drivers/STM32L4xx_HAL_Driver/Src/stm32l4xx_hal_uart.o
 .debug_line    0x0000000000019ff7      0xe40 ./Drivers/STM32L4xx_HAL_Driver/Src/stm32l4xx_hal_uart_ex.o

.debug_str      0x0000000000000000   0x12afb2
 .debug_str     0x0000000000000000   0x125934 ./Core/Src/main.o
                                     0x125e89 (size before relaxing)
 .debug_str     0x0000000000125934      0x400 ./Core/Src/stm32l4xx_hal_msp.o
                                     0x125630 (size before relaxing)
 .debug_str     0x0000000000125d34      0x11a ./Core/Src/stm32l4xx_it.o
                                     0x1240a1 (size before relaxing)
 .debug_str     0x0000000000125e4e       0xf2 ./Core/Src/system_stm32l4xx.o
                                     0x123c2a (size before relaxing)
 .debug_str     0x0000000000125f40       0x34 ./Core/Startup/startup_stm32l4s9zijx.o
                                         0x6d (size before relaxing)
 .debug_str     0x0000000000125f74      0x6a3 ./Drivers/STM32L4xx_HAL_Driver/Src/stm32l4xx_hal.o
                                     0x1248a0 (size before relaxing)
 .debug_str     0x0000000000126617      0x31d ./Drivers/STM32L4xx_HAL_Driver/Src/stm32l4xx_hal_cortex.o
                                     0x1244c3 (size before relaxing)
 .debug_str     0x0000000000126934      0x2a1 ./Drivers/STM32L4xx_HAL_Driver/Src/stm32l4xx_hal_dma.o
                                     0x123fb2 (size before relaxing)
 .debug_str     0x0000000000126bd5      0x868 ./Drivers/STM32L4xx_HAL_Driver/Src/stm32l4xx_hal_dsi.o
                                     0x124baa (size before relaxing)
 .debug_str     0x000000000012743d       0xd9 ./Drivers/STM32L4xx_HAL_Driver/Src/stm32l4xx_hal_gpio.o
                                     0x123da4 (size before relaxing)
 .debug_str     0x0000000000127516      0xd94 ./Drivers/STM32L4xx_HAL_Driver/Src/stm32l4xx_hal_i2c.o
                                     0x124f15 (size before relaxing)
 .debug_str     0x00000000001282aa       0xb8 ./Drivers/STM32L4xx_HAL_Driver/Src/stm32l4xx_hal_i2c_ex.o
                                     0x124262 (size before relaxing)
 .debug_str     0x0000000000128362      0x491 ./Drivers/STM32L4xx_HAL_Driver/Src/stm32l4xx_hal_ltdc.o
                                     0x12421e (size before relaxing)
 .debug_str     0x00000000001287f3      0x865 ./Drivers/STM32L4xx_HAL_Driver/Src/stm32l4xx_hal_ospi.o
                                     0x124883 (size before relaxing)
 .debug_str     0x0000000000129058      0x57a ./Drivers/STM32L4xx_HAL_Driver/Src/stm32l4xx_hal_pwr_ex.o
                                     0x1241fd (size before relaxing)
 .debug_str     0x00000000001295d2      0x360 ./Drivers/STM32L4xx_HAL_Driver/Src/stm32l4xx_hal_rcc.o
                                     0x12429d (size before relaxing)
 .debug_str     0x0000000000129932      0x5b3 ./Drivers/STM32L4xx_HAL_Driver/Src/stm32l4xx_hal_rcc_ex.o
                                     0x124683 (size before relaxing)
 .debug_str     0x0000000000129ee5      0x4d4 ./Drivers/STM32L4xx_HAL_Driver/Src/stm32l4xx_hal_spi.o
                                     0x124527 (size before relaxing)
 .debug_str     0x000000000012a3b9      0x98e ./Drivers/STM32L4xx_HAL_Driver/Src/stm32l4xx_hal_uart.o
                                     0x124bce (size before relaxing)
 .debug_str     0x000000000012ad47      0x26b ./Drivers/STM32L4xx_HAL_Driver/Src/stm32l4xx_hal_uart_ex.o
                                     0x1243de (size before relaxing)

.debug_frame    0x0000000000000000     0x57d4
 .debug_frame   0x0000000000000000      0x3d4 ./Core/Src/main.o
 .debug_frame   0x00000000000003d4      0x200 ./Core/Src/stm32l4xx_hal_msp.o
 .debug_frame   0x00000000000005d4      0x13c ./Core/Src/stm32l4xx_it.o
 .debug_frame   0x0000000000000710       0x58 ./Core/Src/system_stm32l4xx.o
 .debug_frame   0x0000000000000768      0x498 ./Drivers/STM32L4xx_HAL_Driver/Src/stm32l4xx_hal.o
 .debug_frame   0x0000000000000c00      0x498 ./Drivers/STM32L4xx_HAL_Driver/Src/stm32l4xx_hal_cortex.o
 .debug_frame   0x0000000000001098      0x24c ./Drivers/STM32L4xx_HAL_Driver/Src/stm32l4xx_hal_dma.o
 .debug_frame   0x00000000000012e4      0x6dc ./Drivers/STM32L4xx_HAL_Driver/Src/stm32l4xx_hal_dsi.o
 .debug_frame   0x00000000000019c0      0x14c ./Drivers/STM32L4xx_HAL_Driver/Src/stm32l4xx_hal_gpio.o
 .debug_frame   0x0000000000001b0c      0xc38 ./Drivers/STM32L4xx_HAL_Driver/Src/stm32l4xx_hal_i2c.o
 .debug_frame   0x0000000000002744      0x100 ./Drivers/STM32L4xx_HAL_Driver/Src/stm32l4xx_hal_i2c_ex.o
 .debug_frame   0x0000000000002844      0x61c ./Drivers/STM32L4xx_HAL_Driver/Src/stm32l4xx_hal_ltdc.o
 .debug_frame   0x0000000000002e60      0x6a4 ./Drivers/STM32L4xx_HAL_Driver/Src/stm32l4xx_hal_ospi.o
 .debug_frame   0x0000000000003504      0x5c4 ./Drivers/STM32L4xx_HAL_Driver/Src/stm32l4xx_hal_pwr_ex.o
 .debug_frame   0x0000000000003ac8      0x248 ./Drivers/STM32L4xx_HAL_Driver/Src/stm32l4xx_hal_rcc.o
 .debug_frame   0x0000000000003d10      0x464 ./Drivers/STM32L4xx_HAL_Driver/Src/stm32l4xx_hal_rcc_ex.o
 .debug_frame   0x0000000000004174      0x860 ./Drivers/STM32L4xx_HAL_Driver/Src/stm32l4xx_hal_spi.o
 .debug_frame   0x00000000000049d4      0xa94 ./Drivers/STM32L4xx_HAL_Driver/Src/stm32l4xx_hal_uart.o
 .debug_frame   0x0000000000005468      0x2c0 ./Drivers/STM32L4xx_HAL_Driver/Src/stm32l4xx_hal_uart_ex.o
 .debug_frame   0x0000000000005728       0x20 C:/ST/STM32CubeIDE_1.13.2/STM32CubeIDE/plugins/com.st.stm32cube.ide.mcu.externaltools.gnu-tools-for-stm32.11.3.rel1.win32_1.1.1.202309131626/tools/bin/../lib/gcc/arm-none-eabi/11.3.1/../../../../arm-none-eabi/lib/thumb/v7e-m+fp/hard\libc_nano.a(libc_a-memset.o)
 .debug_frame   0x0000000000005748       0x2c C:/ST/STM32CubeIDE_1.13.2/STM32CubeIDE/plugins/com.st.stm32cube.ide.mcu.externaltools.gnu-tools-for-stm32.11.3.rel1.win32_1.1.1.202309131626/tools/bin/../lib/gcc/arm-none-eabi/11.3.1/../../../../arm-none-eabi/lib/thumb/v7e-m+fp/hard\libc_nano.a(libc_a-init.o)
 .debug_frame   0x0000000000005774       0x2c C:/ST/STM32CubeIDE_1.13.2/STM32CubeIDE/plugins/com.st.stm32cube.ide.mcu.externaltools.gnu-tools-for-stm32.11.3.rel1.win32_1.1.1.202309131626/tools/bin/../lib/gcc/arm-none-eabi/11.3.1/thumb/v7e-m+fp/hard\libgcc.a(_aeabi_uldivmod.o)
 .debug_frame   0x00000000000057a0       0x34 C:/ST/STM32CubeIDE_1.13.2/STM32CubeIDE/plugins/com.st.stm32cube.ide.mcu.externaltools.gnu-tools-for-stm32.11.3.rel1.win32_1.1.1.202309131626/tools/bin/../lib/gcc/arm-none-eabi/11.3.1/thumb/v7e-m+fp/hard\libgcc.a(_udivmoddi4.o)

.debug_line_str
                0x0000000000000000       0x61
 .debug_line_str
                0x0000000000000000       0x61 ./Core/Startup/startup_stm32l4s9zijx.o
                                         0x79 (size before relaxing)
