../Core/Src/main.c:125:5:main	32	static
../Core/Src/main.c:274:6:SystemClock_Config	96	static
../Core/Src/main.c:323:13:MX_DSIHOST_DSI_Init	192	static
../Core/Src/main.c:426:13:MX_I2C1_Init	8	static
../Core/Src/main.c:474:13:MX_I2C2_Init	8	static
../Core/Src/main.c:522:13:MX_LTDC_Init	64	static
../Core/Src/main.c:584:13:MX_OCTOSPI2_Init	32	static
../Core/Src/main.c:632:13:MX_SPI1_Init	8	static
../Core/Src/main.c:672:13:MX_SPI2_Init	8	static
../Core/Src/main.c:711:13:MX_SPI3_Init	8	static
../Core/Src/main.c:750:13:MX_UART4_Init	8	static
../Core/Src/main.c:798:13:MX_GPIO_Init	64	static
../Core/Src/main.c:927:6:mipi_config	200	static
../Core/Src/main.c:996:6:SPI_master2slave	32	static
../Core/Src/main.c:1008:6:Write_Registers_data	24	static
../Core/Src/main.c:1073:13:I2C_Control_Voltage	32	static
../Core/Src/main.c:1126:13:LCD_PowerOn	8	static
../Core/Src/main.c:1140:6:delay_us	24	static
../Core/Src/main.c:1151:6:delay_100ns	24	static
../Core/Src/main.c:1163:6:HAL_GPIO_EXTI_Callback	24	static
../Core/Src/main.c:1199:6:HAL_SPI_RxCpltCallback	16	static
../Core/Src/main.c:1439:6:FLASH_WriteByte	24	static
../Core/Src/main.c:1450:9:FLASH_ReadByte	16	static
../Core/Src/main.c:1464:6:write_flash_page	40	static
../Core/Src/main.c:1497:6:read_flash_page	48	static
../Core/Src/main.c:1518:6:erase_flash_sector	24	static
../Core/Src/main.c:1559:6:reset_flash_software	8	static
../Core/Src/main.c:1579:6:Error_Handler	4	static,ignoring_inline_asm
