../Core/Src/main.c:910:5:main	32	static
../Core/Src/main.c:1098:6:SystemClock_Config	96	static
../Core/Src/main.c:1147:13:MX_DSIHOST_DSI_Init	192	static
../Core/Src/main.c:1250:13:MX_I2C1_Init	8	static
../Core/Src/main.c:1298:13:MX_I2C2_Init	8	static
../Core/Src/main.c:1346:13:MX_LTDC_Init	64	static
../Core/Src/main.c:1408:13:MX_OCTOSPI1_Init	32	static
../Core/Src/main.c:1456:13:MX_OCTOSPI2_Init	32	static
../Core/Src/main.c:1504:13:MX_SPI1_Init	8	static
../Core/Src/main.c:1544:13:MX_SPI2_Init	8	static
../Core/Src/main.c:1583:13:MX_SPI3_Init	8	static
../Core/Src/main.c:1622:13:MX_UART4_Init	8	static
../Core/Src/main.c:1670:13:MX_GPIO_Init	64	static
../Core/Src/main.c:1776:6:mipi_config	200	static
../Core/Src/main.c:1845:6:SPI2Flash	96	static
../Core/Src/main.c:1930:6:SPI_master2slave	24	static
../Core/Src/main.c:1941:6:Write_Registers_data	24	static
../Core/Src/main.c:2004:13:I2C_Control_Voltage	32	static
../Core/Src/main.c:2057:13:LCD_PowerOn	8	static
../Core/Src/main.c:2071:6:delay_us	24	static
../Core/Src/main.c:2083:6:HAL_GPIO_EXTI_Callback	24	static
../Core/Src/main.c:2124:6:HAL_SPI_RxCpltCallback	16	static
../Core/Src/main.c:2295:6:Error_Handler	4	static,ignoring_inline_asm
